Archive member included to satisfy reference by file (symbol)

c:/siliconlabs/simplicitystudio/v5/developer/toolchains/gnu_arm/12.2.rel1_2023.7/bin/../lib/gcc/arm-none-eabi/12.2.1/thumb/v7e-m+fp/softfp\libgcc.a(_arm_muldf3.o)
                              ./wiseconnect3_sdk_3.4.1/components/device/silabs/si91x/mcu/drivers/unified_api/src/sl_si91x_bjt_temperature_sensor.o (__aeabi_dmul)
c:/siliconlabs/simplicitystudio/v5/developer/toolchains/gnu_arm/12.2.rel1_2023.7/bin/../lib/gcc/arm-none-eabi/12.2.1/thumb/v7e-m+fp/softfp\libgcc.a(_arm_addsubdf3.o)
                              ./wiseconnect3_sdk_3.4.1/components/device/silabs/si91x/mcu/drivers/peripheral_drivers/src/clock_update.o (__aeabi_dadd)
c:/siliconlabs/simplicitystudio/v5/developer/toolchains/gnu_arm/12.2.rel1_2023.7/bin/../lib/gcc/arm-none-eabi/12.2.1/thumb/v7e-m+fp/softfp\libgcc.a(_arm_muldivdf3.o)
                              ./wiseconnect3_sdk_3.4.1/components/device/silabs/si91x/mcu/drivers/peripheral_drivers/src/clock_update.o (__aeabi_ddiv)
c:/siliconlabs/simplicitystudio/v5/developer/toolchains/gnu_arm/12.2.rel1_2023.7/bin/../lib/gcc/arm-none-eabi/12.2.1/thumb/v7e-m+fp/softfp\libgcc.a(_arm_cmpdf2.o)
                              ./wiseconnect3_sdk_3.4.1/components/device/silabs/si91x/mcu/drivers/peripheral_drivers/src/rsi_adc.o (__aeabi_dcmplt)
c:/siliconlabs/simplicitystudio/v5/developer/toolchains/gnu_arm/12.2.rel1_2023.7/bin/../lib/gcc/arm-none-eabi/12.2.1/thumb/v7e-m+fp/softfp\libgcc.a(_arm_fixunsdfsi.o)
                              ./wiseconnect3_sdk_3.4.1/components/device/silabs/si91x/mcu/drivers/peripheral_drivers/src/clock_update.o (__aeabi_d2uiz)
c:/siliconlabs/simplicitystudio/v5/developer/toolchains/gnu_arm/12.2.rel1_2023.7/bin/../lib/gcc/arm-none-eabi/12.2.1/thumb/v7e-m+fp/softfp\libgcc.a(_aeabi_ldivmod.o)
                              ./simplicity_sdk_2024.12.2/platform/service/sleeptimer/src/sl_sleeptimer.o (__aeabi_ldivmod)
c:/siliconlabs/simplicitystudio/v5/developer/toolchains/gnu_arm/12.2.rel1_2023.7/bin/../lib/gcc/arm-none-eabi/12.2.1/thumb/v7e-m+fp/softfp\libgcc.a(_aeabi_uldivmod.o)
                              ./simplicity_sdk_2024.12.2/platform/service/sleeptimer/src/sl_sleeptimer.o (__aeabi_uldivmod)
c:/siliconlabs/simplicitystudio/v5/developer/toolchains/gnu_arm/12.2.rel1_2023.7/bin/../lib/gcc/arm-none-eabi/12.2.1/thumb/v7e-m+fp/softfp\libgcc.a(_udivmoddi4.o)
                              c:/siliconlabs/simplicitystudio/v5/developer/toolchains/gnu_arm/12.2.rel1_2023.7/bin/../lib/gcc/arm-none-eabi/12.2.1/thumb/v7e-m+fp/softfp\libgcc.a(_aeabi_ldivmod.o) (__udivmoddi4)
c:/siliconlabs/simplicitystudio/v5/developer/toolchains/gnu_arm/12.2.rel1_2023.7/bin/../lib/gcc/arm-none-eabi/12.2.1/thumb/v7e-m+fp/softfp\libgcc.a(_dvmd_tls.o)
                              c:/siliconlabs/simplicitystudio/v5/developer/toolchains/gnu_arm/12.2.rel1_2023.7/bin/../lib/gcc/arm-none-eabi/12.2.1/thumb/v7e-m+fp/softfp\libgcc.a(_aeabi_ldivmod.o) (__aeabi_ldiv0)
c:/siliconlabs/simplicitystudio/v5/developer/toolchains/gnu_arm/12.2.rel1_2023.7/bin/../lib/gcc/arm-none-eabi/12.2.1/thumb/v7e-m+fp/softfp\libc_nano.a(libc_a-exit.o)
                              c:/siliconlabs/simplicitystudio/v5/developer/toolchains/gnu_arm/12.2.rel1_2023.7/bin/../lib/gcc/arm-none-eabi/12.2.1/thumb/v7e-m+fp/softfp/crt0.o (exit)
c:/siliconlabs/simplicitystudio/v5/developer/toolchains/gnu_arm/12.2.rel1_2023.7/bin/../lib/gcc/arm-none-eabi/12.2.1/thumb/v7e-m+fp/softfp\libc_nano.a(libc_a-malloc.o)
                              ./simplicity_sdk_2024.12.2/util/third_party/freertos/kernel/portable/MemMang/heap_3.o (malloc)
c:/siliconlabs/simplicitystudio/v5/developer/toolchains/gnu_arm/12.2.rel1_2023.7/bin/../lib/gcc/arm-none-eabi/12.2.1/thumb/v7e-m+fp/softfp\libc_nano.a(libc_a-mallocr.o)
                              c:/siliconlabs/simplicitystudio/v5/developer/toolchains/gnu_arm/12.2.rel1_2023.7/bin/../lib/gcc/arm-none-eabi/12.2.1/thumb/v7e-m+fp/softfp\libc_nano.a(libc_a-malloc.o) (_malloc_r)
c:/siliconlabs/simplicitystudio/v5/developer/toolchains/gnu_arm/12.2.rel1_2023.7/bin/../lib/gcc/arm-none-eabi/12.2.1/thumb/v7e-m+fp/softfp\libc_nano.a(libc_a-mlock.o)
                              c:/siliconlabs/simplicitystudio/v5/developer/toolchains/gnu_arm/12.2.rel1_2023.7/bin/../lib/gcc/arm-none-eabi/12.2.1/thumb/v7e-m+fp/softfp\libc_nano.a(libc_a-mallocr.o) (__malloc_lock)
c:/siliconlabs/simplicitystudio/v5/developer/toolchains/gnu_arm/12.2.rel1_2023.7/bin/../lib/gcc/arm-none-eabi/12.2.1/thumb/v7e-m+fp/softfp\libc_nano.a(libc_a-nano-vfprintf_float.o)
                              (_printf_float)
c:/siliconlabs/simplicitystudio/v5/developer/toolchains/gnu_arm/12.2.rel1_2023.7/bin/../lib/gcc/arm-none-eabi/12.2.1/thumb/v7e-m+fp/softfp\libc_nano.a(libc_a-nano-vfprintf_i.o)
[...]
Memory Configuration

Name             Origin             Length             Attributes
rom              0x08202000         0x001fe000         xr
ram              0x0000000c         0x0002fbf4         xrw
udma0            0x0002fc00         0x00000400         xrw
udma1            0x24061c00         0x00000400         xrw
*default*        0x00000000         0xffffffff

Linker script and memory map

LOAD c:/siliconlabs/simplicitystudio/v5/developer/toolchains/gnu_arm/12.2.rel1_2023.7/bin/../lib/gcc/arm-none-eabi/12.2.1/thumb/v7e-m+fp/softfp/crti.o
LOAD c:/siliconlabs/simplicitystudio/v5/developer/toolchains/gnu_arm/12.2.rel1_2023.7/bin/../lib/gcc/arm-none-eabi/12.2.1/thumb/v7e-m+fp/softfp/crtbegin.o
LOAD c:/siliconlabs/simplicitystudio/v5/developer/toolchains/gnu_arm/12.2.rel1_2023.7/bin/../lib/gcc/arm-none-eabi/12.2.1/thumb/v7e-m+fp/softfp/crt0.o
START GROUP
LOAD ./app.o
LOAD ./button_baremetal.o
LOAD ./gpio_example.o
LOAD ./main.o
LOAD ./spi_app_layer.o
LOAD ./wake_device.o
LOAD ./autogen/sl_event_handler.o
LOAD ./autogen/sl_si91x_button_instances.o
LOAD ./autogen/sl_si91x_led_instances.o
LOAD ./simplicity_sdk_2024.12.2/platform/CMSIS/RTOS2/Source/os_systick.o
LOAD ./simplicity_sdk_2024.12.2/platform/common/src/sl_assert.o
LOAD ./simplicity_sdk_2024.12.2/platform/common/src/sl_cmsis_os2_common.o
LOAD ./simplicity_sdk_2024.12.2/platform/common/src/sl_core_cortexm.o
LOAD ./simplicity_sdk_2024.12.2/platform/common/src/sl_syscalls.o
LOAD ./simplicity_sdk_2024.12.2/platform/service/sleeptimer/src/sl_sleeptimer.o
LOAD ./simplicity_sdk_2024.12.2/platform/service/system/src/sl_system_init.o
LOAD ./simplicity_sdk_2024.12.2/platform/service/system/src/sl_system_kernel.o
LOAD ./simplicity_sdk_2024.12.2/util/third_party/freertos/cmsis/Source/cmsis_os2.o
LOAD ./simplicity_sdk_2024.12.2/util/third_party/freertos/kernel/croutine.o
LOAD ./simplicity_sdk_2024.12.2/util/third_party/freertos/kernel/event_groups.o
LOAD ./simplicity_sdk_2024.12.2/util/third_party/freertos/kernel/list.o
LOAD ./simplicity_sdk_2024.12.2/util/third_party/freertos/kernel/queue.o
LOAD ./simplicity_sdk_2024.12.2/util/third_party/freertos/kernel/stream_buffer.o
LOAD ./simplicity_sdk_2024.12.2/util/third_party/freertos/kernel/tasks.o
LOAD ./simplicity_sdk_2024.12.2/util/third_party/freertos/kernel/timers.o
LOAD ./simplicity_sdk_2024.12.2/util/third_party/freertos/kernel/portable/GCC/ARM_CM4F/port.o
LOAD ./simplicity_sdk_2024.12.2/util/third_party/freertos/kernel/portable/MemMang/heap_3.o
LOAD ./wiseconnect3_sdk_3.4.1/components/board/silabs/src/rsi_board.o
LOAD ./wiseconnect3_sdk_3.4.1/components/device/silabs/si91x/mcu/core/chip/src/iPMU_prog/iPMU_dotc/ipmu_apis.o
LOAD ./wiseconnect3_sdk_3.4.1/components/device/silabs/si91x/mcu/core/chip/src/iPMU_prog/iPMU_dotc/rsi_system_config_917.o
LOAD ./wiseconnect3_sdk_3.4.1/components/device/silabs/si91x/mcu/core/chip/src/rsi_deepsleep_soc.o
LOAD ./wiseconnect3_sdk_3.4.1/components/device/silabs/si91x/mcu/core/chip/src/rsi_ps_ram_func.o
LOAD ./wiseconnect3_sdk_3.4.1/components/device/silabs/si91x/mcu/core/chip/src/startup_si91x.o
LOAD ./wiseconnect3_sdk_3.4.1/components/device/silabs/si91x/mcu/core/chip/src/system_si91x.o
LOAD ./wiseconnect3_sdk_3.4.1/components/device/silabs/si91x/mcu/core/common/src/rsi_debug.o
LOAD ./wiseconnect3_sdk_3.4.1/components/device/silabs/si91x/mcu/core/common/src/sl_si91x_stack_object_declare.o
LOAD ./wiseconnect3_sdk_3.4.1/components/device/silabs/si91x/mcu/core/common/src/syscalls.o
LOAD ./wiseconnect3_sdk_3.4.1/components/device/silabs/si91x/mcu/core/config/src/rsi_nvic_priorities_config.o
LOAD ./wiseconnect3_sdk_3.4.1/components/device/silabs/si91x/mcu/drivers/cmsis_driver/SPI.o
LOAD ./wiseconnect3_sdk_3.4.1/components/device/silabs/si91x/mcu/drivers/cmsis_driver/UDMA.o
LOAD ./wiseconnect3_sdk_3.4.1/components/device/silabs/si91x/mcu/drivers/cmsis_driver/USART.o
LOAD ./wiseconnect3_sdk_3.4.1/components/device/silabs/si91x/mcu/drivers/hardware_drivers/button/src/sl_si91x_button.o
LOAD ./wiseconnect3_sdk_3.4.1/components/device/silabs/si91x/mcu/drivers/hardware_drivers/led/src/sl_si91x_led.o
LOAD ./wiseconnect3_sdk_3.4.1/components/device/silabs/si91x/mcu/drivers/peripheral_drivers/src/aux_reference_volt_config.o
LOAD ./wiseconnect3_sdk_3.4.1/components/device/silabs/si91x/mcu/drivers/peripheral_drivers/src/clock_update.o
LOAD ./wiseconnect3_sdk_3.4.1/components/device/silabs/si91x/mcu/drivers/peripheral_drivers/src/rsi_adc.o
LOAD ./wiseconnect3_sdk_3.4.1/components/device/silabs/si91x/mcu/drivers/peripheral_drivers/src/rsi_crc.o
LOAD ./wiseconnect3_sdk_3.4.1/components/device/silabs/si91x/mcu/drivers/peripheral_drivers/src/rsi_dac.o
LOAD ./wiseconnect3_sdk_3.4.1/components/device/silabs/si91x/mcu/drivers/peripheral_drivers/src/rsi_egpio.o
LOAD ./wiseconnect3_sdk_3.4.1/components/device/silabs/si91x/mcu/drivers/peripheral_drivers/src/rsi_opamp.o
LOAD ./wiseconnect3_sdk_3.4.1/components/device/silabs/si91x/mcu/drivers/peripheral_drivers/src/rsi_spi.o
LOAD ./wiseconnect3_sdk_3.4.1/components/device/silabs/si91x/mcu/drivers/peripheral_drivers/src/rsi_sysrtc.o
LOAD ./wiseconnect3_sdk_3.4.1/components/device/silabs/si91x/mcu/drivers/peripheral_drivers/src/rsi_udma.o
LOAD ./wiseconnect3_sdk_3.4.1/components/device/silabs/si91x/mcu/drivers/peripheral_drivers/src/rsi_udma_wrapper.o
LOAD ./wiseconnect3_sdk_3.4.1/components/device/silabs/si91x/mcu/drivers/peripheral_drivers/src/rsi_usart.o
LOAD ./wiseconnect3_sdk_3.4.1/components/device/silabs/si91x/mcu/drivers/rom_driver/src/rsi_rom_table_si91x.o
LOAD ./wiseconnect3_sdk_3.4.1/components/device/silabs/si91x/mcu/drivers/service/clock_manager/src/sl_si91x_clock_manager.o
LOAD ./wiseconnect3_sdk_3.4.1/components/device/silabs/si91x/mcu/drivers/service/sleeptimer/src/sl_sleeptimer_hal_si91x_sysrtc.o
LOAD ./wiseconnect3_sdk_3.4.1/components/device/silabs/si91x/mcu/drivers/systemlevel/src/rsi_bod.o
LOAD ./wiseconnect3_sdk_3.4.1/components/device/silabs/si91x/mcu/drivers/systemlevel/src/rsi_ipmu.o
LOAD ./wiseconnect3_sdk_3.4.1/components/device/silabs/si91x/mcu/drivers/systemlevel/src/rsi_pll.o
LOAD ./wiseconnect3_sdk_3.4.1/components/device/silabs/si91x/mcu/drivers/systemlevel/src/rsi_rtc.o
LOAD ./wiseconnect3_sdk_3.4.1/components/device/silabs/si91x/mcu/drivers/systemlevel/src/rsi_temp_sensor.o
LOAD ./wiseconnect3_sdk_3.4.1/components/device/silabs/si91x/mcu/drivers/systemlevel/src/rsi_time_period.o
LOAD ./wiseconnect3_sdk_3.4.1/components/device/silabs/si91x/mcu/drivers/systemlevel/src/rsi_ulpss_clk.o
LOAD ./wiseconnect3_sdk_3.4.1/components/device/silabs/si91x/mcu/drivers/unified_api/src/sl_si91x_adc.o
LOAD ./wiseconnect3_sdk_3.4.1/components/device/silabs/si91x/mcu/drivers/unified_api/src/sl_si91x_bjt_temperature_sensor.o
LOAD ./wiseconnect3_sdk_3.4.1/components/device/silabs/si91x/mcu/drivers/unified_api/src/sl_si91x_dma.o
LOAD ./wiseconnect3_sdk_3.4.1/components/device/silabs/si91x/mcu/drivers/unified_api/src/sl_si91x_driver_gpio.o
LOAD ./wiseconnect3_sdk_3.4.1/components/device/silabs/si91x/mcu/drivers/unified_api/src/sl_si91x_ssi.o
LOAD ./wiseconnect3_sdk_3.4.1/components/device/silabs/si91x/mcu/drivers/unified_peripheral_drivers/src/sl_si91x_peripheral_gpio.o
LOAD c:/siliconlabs/simplicitystudio/v5/developer/toolchains/gnu_arm/12.2.rel1_2023.7/bin/../lib/gcc/arm-none-eabi/12.2.1/thumb/v7e-m+fp/softfp\libgcc.a
LOAD c:/siliconlabs/simplicitystudio/v5/developer/toolchains/gnu_arm/12.2.rel1_2023.7/bin/../lib/gcc/arm-none-eabi/12.2.1/thumb/v7e-m+fp/softfp\libnosys.a
LOAD c:/siliconlabs/simplicitystudio/v5/developer/toolchains/gnu_arm/12.2.rel1_2023.7/bin/../lib/gcc/arm-none-eabi/12.2.1/thumb/v7e-m+fp/softfp\libc_nano.a
LOAD c:/siliconlabs/simplicitystudio/v5/developer/toolchains/gnu_arm/12.2.rel1_2023.7/bin/../lib/gcc/arm-none-eabi/12.2.1/thumb/v7e-m+fp/softfp\libm.a
END GROUP
START GROUP
LOAD c:/siliconlabs/simplicitystudio/v5/developer/toolchains/gnu_arm/12.2.rel1_2023.7/bin/../lib/gcc/arm-none-eabi/12.2.1/thumb/v7e-m+fp/softfp\libgcc.a
LOAD c:/siliconlabs/simplicitystudio/v5/developer/toolchains/gnu_arm/12.2.rel1_2023.7/bin/../lib/gcc/arm-none-eabi/12.2.1/thumb/v7e-m+fp/softfp\libc_nano.a
LOAD c:/siliconlabs/simplicitystudio/v5/developer/toolchains/gnu_arm/12.2.rel1_2023.7/bin/../lib/gcc/arm-none-eabi/12.2.1/thumb/v7e-m+fp/softfp\libnosys.a
END GROUP
START GROUP
LOAD c:/siliconlabs/simplicitystudio/v5/developer/toolchains/gnu_arm/12.2.rel1_2023.7/bin/../lib/gcc/arm-none-eabi/12.2.1/thumb/v7e-m+fp/softfp\libgcc.a
LOAD c:/siliconlabs/simplicitystudio/v5/developer/toolchains/gnu_arm/12.2.rel1_2023.7/bin/../lib/gcc/arm-none-eabi/12.2.1/thumb/v7e-m+fp/softfp\libg_nano.a
LOAD c:/siliconlabs/simplicitystudio/v5/developer/toolchains/gnu_arm/12.2.rel1_2023.7/bin/../lib/gcc/arm-none-eabi/12.2.1/thumb/v7e-m+fp/softfp\libc_nano.a
END GROUP
START GROUP
LOAD c:/siliconlabs/simplicitystudio/v5/developer/toolchains/gnu_arm/12.2.rel1_2023.7/bin/../lib/gcc/arm-none-eabi/12.2.1/thumb/v7e-m+fp/softfp\libgcc.a
LOAD c:/siliconlabs/simplicitystudio/v5/developer/toolchains/gnu_arm/12.2.rel1_2023.7/bin/../lib/gcc/arm-none-eabi/12.2.1/thumb/v7e-m+fp/softfp\libc_nano.a
END GROUP
LOAD c:/siliconlabs/simplicitystudio/v5/developer/toolchains/gnu_arm/12.2.rel1_2023.7/bin/../lib/gcc/arm-none-eabi/12.2.1/thumb/v7e-m+fp/softfp/crtend.o
LOAD c:/siliconlabs/simplicitystudio/v5/developer/toolchains/gnu_arm/12.2.rel1_2023.7/bin/../lib/gcc/arm-none-eabi/12.2.1/thumb/v7e-m+fp/softfp/crtn.o

.text           0x08202000     0xe690
 *(.isr_vector)
 .isr_vector    0x08202000      0x16c ./wiseconnect3_sdk_3.4.1/components/device/silabs/si91x/mcu/core/chip/src/startup_si91x.o
                0x08202000                __Vectors
                0x08202180                . = ALIGN (0x20)
 *fill*         0x0820216c       0x14 
 *(EXCLUDE_FILE(*tasks.o *UDMA.o) .text*)
 .text.deregister_tm_clones
                0x08202180       0x1c c:/siliconlabs/simplicitystudio/v5/developer/toolchains/gnu_arm/12.2.rel1_2023.7/bin/../lib/gcc/arm-none-eabi/12.2.1/thumb/v7e-m+fp/softfp/crtbegin.o
 .text.register_tm_clones
                0x0820219c       0x24 c:/siliconlabs/simplicitystudio/v5/developer/toolchains/gnu_arm/12.2.rel1_2023.7/bin/../lib/gcc/arm-none-eabi/12.2.1/thumb/v7e-m+fp/softfp/crtbegin.o
 .text.__do_global_dtors_aux
                0x082021c0       0x28 c:/siliconlabs/simplicitystudio/v5/developer/toolchains/gnu_arm/12.2.rel1_2023.7/bin/../lib/gcc/arm-none-eabi/12.2.1/thumb/v7e-m+fp/softfp/crtbegin.o
 .text.frame_dummy
                0x082021e8       0x24 c:/siliconlabs/simplicitystudio/v5/developer/toolchains/gnu_arm/12.2.rel1_2023.7/bin/../lib/gcc/arm-none-eabi/12.2.1/thumb/v7e-m+fp/softfp/crtbegin.o
 .text.app_init
                0x0820220c       0x58 ./app.o
                0x0820220c                app_init
 .text.sl_si91x_button_isr
                0x08202264       0x2c ./button_baremetal.o
                0x08202264                sl_si91x_button_isr
 .text.gpio_example_init
                0x08202290       0x7c ./gpio_example.o
                0x08202290                gpio_example_init
 .text.gpio_example_process_action
                0x0820230c       0x28 ./gpio_example.o
                0x0820230c                gpio_example_process_action
 .text.startup.main
                0x08202334       0x12 ./main.o
                0x08202334                main
 *fill*         0x08202346        0x2 
 .text.ring_buffer_put
                0x08202348       0x20 ./spi_app_layer.o
                0x08202348                ring_buffer_put
 .text.ssi_isr  0x08202368       0x6c ./spi_app_layer.o
 .text.ring_buffer_get
                0x082023d4       0x38 ./spi_app_layer.o
                0x082023d4                ring_buffer_get
 .text.init_spi_slave
                0x0820240c       0x6c ./spi_app_layer.o
                0x0820240c                init_spi_slave
 .text.read_spi
                0x08202478       0x2c ./spi_app_layer.o
                0x08202478                read_spi
 .text.send_spi
                0x082024a4       0x58 ./spi_app_layer.o
                0x082024a4                send_spi
 .text.validate_checksum
                0x082024fc       0x3a ./spi_app_layer.o
                0x082024fc                validate_checksum
 *fill*         0x08202536        0x2 
 .text.process_frame
                0x08202538       0x44 ./spi_app_layer.o
                0x08202538                process_frame
 .text.spi_rx_handler
                0x0820257c       0x70 ./spi_app_layer.o
                0x0820257c                spi_rx_handler
 .text.spi_rx_task
                0x082025ec       0x60 ./spi_app_layer.o
                0x082025ec                spi_rx_task
 .text.sl_platform_init
                0x0820264c       0x1e ./autogen/sl_event_handler.o
                0x0820264c                sl_platform_init
 .text.sl_kernel_start
                0x0820266a        0x4 ./autogen/sl_event_handler.o
                0x0820266a                sl_kernel_start
 .text.sl_driver_init
                0x0820266e        0xe ./autogen/sl_event_handler.o
                0x0820266e                sl_driver_init
 .text.sl_service_init
                0x0820267c        0x4 ./autogen/sl_event_handler.o
                0x0820267c                sl_service_init
 .text.sl_stack_init
                0x08202680        0x2 ./autogen/sl_event_handler.o
                0x08202680                sl_stack_init
 .text.sl_internal_app_init
                0x08202682        0x2 ./autogen/sl_event_handler.o
                0x08202682                sl_internal_app_init
 .text.button_init_instances
                0x08202684        0xc ./autogen/sl_si91x_button_instances.o
                0x08202684                button_init_instances
 .text.led_init_instances
                0x08202690        0xc ./autogen/sl_si91x_led_instances.o
                0x08202690                led_init_instances
 .text.CORE_EnterCritical
                0x0820269c        0x8 ./simplicity_sdk_2024.12.2/platform/common/src/sl_core_cortexm.o
                0x0820269c                CORE_EnterCritical
 .text.CORE_ExitCritical
                0x082026a4        0xa ./simplicity_sdk_2024.12.2/platform/common/src/sl_core_cortexm.o
                0x082026a4                CORE_ExitCritical
 .text.CORE_EnterAtomic
                0x082026ae        0xc ./simplicity_sdk_2024.12.2/platform/common/src/sl_core_cortexm.o
                0x082026ae                CORE_EnterAtomic
 .text.CORE_ExitAtomic
                0x082026ba        0xa ./simplicity_sdk_2024.12.2/platform/common/src/sl_core_cortexm.o
                0x082026ba                CORE_ExitAtomic
 .text.delta_list_insert_timer
                0x082026c4       0x40 ./simplicity_sdk_2024.12.2/platform/service/sleeptimer/src/sl_sleeptimer.o
 .text.update_delta_list
                0x08202704       0x34 ./simplicity_sdk_2024.12.2/platform/service/sleeptimer/src/sl_sleeptimer.o
 .text.set_comparator_for_next_timer
                0x08202738       0x64 ./simplicity_sdk_2024.12.2/platform/service/sleeptimer/src/sl_sleeptimer.o
 .text.delta_list_remove_timer
                0x0820279c       0x3c ./simplicity_sdk_2024.12.2/platform/service/sleeptimer/src/sl_sleeptimer.o
 .text.sl_sleeptimer_init
                0x082027d8       0x74 ./simplicity_sdk_2024.12.2/platform/service/sleeptimer/src/sl_sleeptimer.o
                0x082027d8                sl_sleeptimer_init
 .text.process_timer_irq
                0x0820284c      0x128 ./simplicity_sdk_2024.12.2/platform/service/sleeptimer/src/sl_sleeptimer.o
                0x0820284c                process_timer_irq
 .text.sl_system_init
                0x08202974       0x1a ./simplicity_sdk_2024.12.2/platform/service/system/src/sl_system_init.o
                0x08202974                sl_system_init
 .text.sl_system_kernel_start
                0x0820298e        0x4 ./simplicity_sdk_2024.12.2/platform/service/system/src/sl_system_kernel.o
                0x0820298e                sl_system_kernel_start
 .text.SysTick_Handler
                0x08202992       0x1a ./simplicity_sdk_2024.12.2/util/third_party/freertos/cmsis/Source/cmsis_os2.o
                0x08202992                SysTick_Handler
 .text.osKernelInitialize
                0x082029ac       0x34 ./simplicity_sdk_2024.12.2/util/third_party/freertos/cmsis/Source/cmsis_os2.o
                0x082029ac                osKernelInitialize
 .text.osKernelGetState
                0x082029e0       0x20 ./simplicity_sdk_2024.12.2/util/third_party/freertos/cmsis/Source/cmsis_os2.o
                0x082029e0                osKernelGetState
 .text.osKernelStart
                0x08202a00       0x48 ./simplicity_sdk_2024.12.2/util/third_party/freertos/cmsis/Source/cmsis_os2.o
                0x08202a00                osKernelStart
 .text.osMutexNew
                0x08202a48       0x94 ./simplicity_sdk_2024.12.2/util/third_party/freertos/cmsis/Source/cmsis_os2.o
                0x08202a48                osMutexNew
 .text.osMutexAcquire
                0x08202adc       0x60 ./simplicity_sdk_2024.12.2/util/third_party/freertos/cmsis/Source/cmsis_os2.o
                0x08202adc                osMutexAcquire
 .text.osMutexRelease
                0x08202b3c       0x58 ./simplicity_sdk_2024.12.2/util/third_party/freertos/cmsis/Source/cmsis_os2.o
                0x08202b3c                osMutexRelease
 .text.vApplicationGetIdleTaskMemory
                0x08202b94       0x18 ./simplicity_sdk_2024.12.2/util/third_party/freertos/cmsis/Source/cmsis_os2.o
                0x08202b94                vApplicationGetIdleTaskMemory
 .text.vApplicationGetTimerTaskMemory
                0x08202bac       0x18 ./simplicity_sdk_2024.12.2/util/third_party/freertos/cmsis/Source/cmsis_os2.o
                0x08202bac                vApplicationGetTimerTaskMemory
 .text.vListInitialise
                0x08202bc4       0x16 ./simplicity_sdk_2024.12.2/util/third_party/freertos/kernel/list.o
                0x08202bc4                vListInitialise
 .text.vListInitialiseItem
                0x08202bda        0x6 ./simplicity_sdk_2024.12.2/util/third_party/freertos/kernel/list.o
                0x08202bda                vListInitialiseItem
 .text.vListInsertEnd
                0x08202be0       0x16 ./simplicity_sdk_2024.12.2/util/third_party/freertos/kernel/list.o
                0x08202be0                vListInsertEnd
 .text.vListInsert
                0x08202bf6       0x2e ./simplicity_sdk_2024.12.2/util/third_party/freertos/kernel/list.o
                0x08202bf6                vListInsert
 .text.uxListRemove
                0x08202c24       0x20 ./simplicity_sdk_2024.12.2/util/third_party/freertos/kernel/list.o
                0x08202c24                uxListRemove
 .text.prvIsQueueEmpty
                0x08202c44       0x16 ./simplicity_sdk_2024.12.2/util/third_party/freertos/kernel/queue.o
 .text.prvCopyDataToQueue
                0x08202c5a       0x66 ./simplicity_sdk_2024.12.2/util/third_party/freertos/kernel/queue.o
 .text.prvCopyDataFromQueue
                0x08202cc0       0x2c ./simplicity_sdk_2024.12.2/util/third_party/freertos/kernel/queue.o
 .text.prvUnlockQueue
                0x08202cec       0x70 ./simplicity_sdk_2024.12.2/util/third_party/freertos/kernel/queue.o
 .text.xQueueGenericReset
                0x08202d5c       0x7e ./simplicity_sdk_2024.12.2/util/third_party/freertos/kernel/queue.o
                0x08202d5c                xQueueGenericReset
 .text.xQueueGenericCreate.part.0
                0x08202dda       0x7a ./simplicity_sdk_2024.12.2/util/third_party/freertos/kernel/queue.o
 .text.xQueueGenericCreateStatic
                0x08202e54       0xa6 ./simplicity_sdk_2024.12.2/util/third_party/freertos/kernel/queue.o
                0x08202e54                xQueueGenericCreateStatic
 .text.xQueueGenericCreate
                0x08202efa       0x18 ./simplicity_sdk_2024.12.2/util/third_party/freertos/kernel/queue.o
                0x08202efa                xQueueGenericCreate
 .text.xQueueGenericSend
                0x08202f12      0x178 ./simplicity_sdk_2024.12.2/util/third_party/freertos/kernel/queue.o
                0x08202f12                xQueueGenericSend
 .text.xQueueCreateMutexStatic
                0x0820308a       0x2a ./simplicity_sdk_2024.12.2/util/third_party/freertos/kernel/queue.o
                0x0820308a                xQueueCreateMutexStatic
 .text.xQueueGiveMutexRecursive
                0x082030b4       0x3e ./simplicity_sdk_2024.12.2/util/third_party/freertos/kernel/queue.o
                0x082030b4                xQueueGiveMutexRecursive
 .text.xQueueCreateMutex
                0x082030f2       0x24 ./simplicity_sdk_2024.12.2/util/third_party/freertos/kernel/queue.o
                0x082030f2                xQueueCreateMutex
 .text.xQueueGenericSendFromISR
                0x08203116       0xd0 ./simplicity_sdk_2024.12.2/util/third_party/freertos/kernel/queue.o
                0x08203116                xQueueGenericSendFromISR
 .text.xQueueGiveFromISR
                0x082031e6       0xb8 ./simplicity_sdk_2024.12.2/util/third_party/freertos/kernel/queue.o
                0x082031e6                xQueueGiveFromISR
 .text.xQueueReceive
                0x0820329e      0x13e ./simplicity_sdk_2024.12.2/util/third_party/freertos/kernel/queue.o
                0x0820329e                xQueueReceive
 .text.xQueueSemaphoreTake
                0x082033dc      0x17a ./simplicity_sdk_2024.12.2/util/third_party/freertos/kernel/queue.o
                0x082033dc                xQueueSemaphoreTake
 .text.xQueueTakeMutexRecursive
                0x08203556       0x42 ./simplicity_sdk_2024.12.2/util/third_party/freertos/kernel/queue.o
                0x08203556                xQueueTakeMutexRecursive
 .text.vQueueAddToRegistry
                0x08203598       0x24 ./simplicity_sdk_2024.12.2/util/third_party/freertos/kernel/queue.o
                0x08203598                vQueueAddToRegistry
 .text.vQueueWaitForMessageRestricted
                0x082035bc       0x46 ./simplicity_sdk_2024.12.2/util/third_party/freertos/kernel/queue.o
                0x082035bc                vQueueWaitForMessageRestricted
 *fill*         0x08203602        0x2 
 .text.prvInsertTimerInActiveList
                0x08203604       0x3c ./simplicity_sdk_2024.12.2/util/third_party/freertos/kernel/timers.o
 .text.prvCheckForValidListAndQueue
                0x08203640       0x68 ./simplicity_sdk_2024.12.2/util/third_party/freertos/kernel/timers.o
 .text.xTimerCreateTimerTask
                0x082036a8       0x64 ./simplicity_sdk_2024.12.2/util/third_party/freertos/kernel/timers.o
                0x082036a8                xTimerCreateTimerTask
 .text.xTimerGenericCommand
                0x0820370c       0x58 ./simplicity_sdk_2024.12.2/util/third_party/freertos/kernel/timers.o
                0x0820370c                xTimerGenericCommand
 .text.prvSampleTimeNow
                0x08203764       0xa4 ./simplicity_sdk_2024.12.2/util/third_party/freertos/kernel/timers.o
 .text.prvTimerTask
                0x08203808      0x1cc ./simplicity_sdk_2024.12.2/util/third_party/freertos/kernel/timers.o
 .text.prvPortStartFirstTask
                0x082039d4       0x28 ./simplicity_sdk_2024.12.2/util/third_party/freertos/kernel/portable/GCC/ARM_CM4F/port.o
 .text.vPortEnableVFP
                0x082039fc       0x14 ./simplicity_sdk_2024.12.2/util/third_party/freertos/kernel/portable/GCC/ARM_CM4F/port.o
 .text.prvTaskExitError
                0x08203a10       0x40 ./simplicity_sdk_2024.12.2/util/third_party/freertos/kernel/portable/GCC/ARM_CM4F/port.o
 .text.pxPortInitialiseStack
                0x08203a50       0x2c ./simplicity_sdk_2024.12.2/util/third_party/freertos/kernel/portable/GCC/ARM_CM4F/port.o
                0x08203a50                pxPortInitialiseStack
 *fill*         0x08203a7c        0x4 
 .text.SVC_Handler
                0x08203a80       0x24 ./simplicity_sdk_2024.12.2/util/third_party/freertos/kernel/portable/GCC/ARM_CM4F/port.o
                0x08203a80                SVC_Handler
 .text.vPortEnterCritical
                0x08203aa4       0x40 ./simplicity_sdk_2024.12.2/util/third_party/freertos/kernel/portable/GCC/ARM_CM4F/port.o
                0x08203aa4                vPortEnterCritical
 .text.vPortExitCritical
                0x08203ae4       0x28 ./simplicity_sdk_2024.12.2/util/third_party/freertos/kernel/portable/GCC/ARM_CM4F/port.o
                0x08203ae4                vPortExitCritical
 *fill*         0x08203b0c        0x4 
 .text.PendSV_Handler
                0x08203b10       0x64 ./simplicity_sdk_2024.12.2/util/third_party/freertos/kernel/portable/GCC/ARM_CM4F/port.o
                0x08203b10                PendSV_Handler
 .text.xPortSysTickHandler
                0x08203b74       0x2c ./simplicity_sdk_2024.12.2/util/third_party/freertos/kernel/portable/GCC/ARM_CM4F/port.o
                0x08203b74                xPortSysTickHandler
 .text.vPortSetupTimerInterrupt
                0x08203ba0       0x24 ./simplicity_sdk_2024.12.2/util/third_party/freertos/kernel/portable/GCC/ARM_CM4F/port.o
                0x08203ba0                vPortSetupTimerInterrupt
 .text.xPortStartScheduler
                0x08203bc4      0x10c ./simplicity_sdk_2024.12.2/util/third_party/freertos/kernel/portable/GCC/ARM_CM4F/port.o
                0x08203bc4                xPortStartScheduler
 .text.vPortValidateInterruptPriority
                0x08203cd0       0x5c ./simplicity_sdk_2024.12.2/util/third_party/freertos/kernel/portable/GCC/ARM_CM4F/port.o
                0x08203cd0                vPortValidateInterruptPriority
 .text.pvPortMalloc
                0x08203d2c       0x18 ./simplicity_sdk_2024.12.2/util/third_party/freertos/kernel/portable/MemMang/heap_3.o
                0x08203d2c                pvPortMalloc
 .text.vPortFree
                0x08203d44       0x1a ./simplicity_sdk_2024.12.2/util/third_party/freertos/kernel/portable/MemMang/heap_3.o
                0x08203d44                vPortFree
 *fill*         0x08203d5e        0x2 
 .text.RSI_Board_Init
                0x08203d60       0x5c ./wiseconnect3_sdk_3.4.1/components/board/silabs/src/rsi_board.o
                0x08203d60                RSI_Board_Init
 .text.init_ipmu_calib_data
                0x08203dbc       0x54 ./wiseconnect3_sdk_3.4.1/components/device/silabs/si91x/mcu/core/chip/src/iPMU_prog/iPMU_dotc/ipmu_apis.o
                0x08203dbc                init_ipmu_calib_data
 .text.program_ipmu_data
                0x08203e10       0x54 ./wiseconnect3_sdk_3.4.1/components/device/silabs/si91x/mcu/core/chip/src/iPMU_prog/iPMU_dotc/ipmu_apis.o
                0x08203e10                program_ipmu_data
 .text.ipmu_init_mcu
                0x08203e64       0x94 ./wiseconnect3_sdk_3.4.1/components/device/silabs/si91x/mcu/core/chip/src/iPMU_prog/iPMU_dotc/ipmu_apis.o
                0x08203e64                ipmu_init_mcu
 .text.ipmu_init
                0x08203ef8       0xa8 ./wiseconnect3_sdk_3.4.1/components/device/silabs/si91x/mcu/core/chip/src/iPMU_prog/iPMU_dotc/ipmu_apis.o
                0x08203ef8                ipmu_init
 .text.configure_ipmu_mode
                0x08203fa0       0x38 ./wiseconnect3_sdk_3.4.1/components/device/silabs/si91x/mcu/core/chip/src/iPMU_prog/iPMU_dotc/ipmu_apis.o
                0x08203fa0                configure_ipmu_mode
 .text.RSI_PS_RestoreCpuContext
                0x08203fd8       0x34 ./wiseconnect3_sdk_3.4.1/components/device/silabs/si91x/mcu/core/chip/src/rsi_deepsleep_soc.o
                0x08203fd8                RSI_PS_RestoreCpuContext
 .text.RSI_Set_Cntrls_To_M4
                0x0820400c       0x50 ./wiseconnect3_sdk_3.4.1/components/device/silabs/si91x/mcu/core/chip/src/rsi_deepsleep_soc.o
                0x0820400c                RSI_Set_Cntrls_To_M4
 .text.Default_Handler
                0x0820405c        0x2 ./wiseconnect3_sdk_3.4.1/components/device/silabs/si91x/mcu/core/chip/src/startup_si91x.o
                0x0820405c                DebugMon_Handler
                0x0820405c                IRQ031_Handler
                0x0820405c                HardFault_Handler
                0x0820405c                IRQ095_Handler
                0x0820405c                IRQ065_Handler
                0x0820405c                IRQ093_Handler
                0x0820405c                NMI_Handler
                0x0820405c                IRQ014_Handler
                0x0820405c                IRQ027_Handler
                0x0820405c                IRQ062_Handler
                0x0820405c                IRQ097_Handler
                0x0820405c                IRQ088_Handler
                0x0820405c                IRQ034_Handler
                0x0820405c                IRQ071_Handler
                0x0820405c                IRQ067_Handler
                0x0820405c                IRQ070_Handler
                0x0820405c                IRQ077_Handler
                0x0820405c                IRQ028_Handler
                0x0820405c                IRQ063_Handler
                0x0820405c                IRQ076_Handler
                0x0820405c                UsageFault_Handler
                0x0820405c                IRQ023_Handler
                0x0820405c                IRQ009_Handler
                0x0820405c                IRQ048_Handler
                0x0820405c                IRQ083_Handler
                0x0820405c                IRQ089_Handler
                0x0820405c                HIF1_IRQHandler
                0x0820405c                IRQ037_Handler
                0x0820405c                IRQ074_Handler
                0x0820405c                IRQ072_Handler
                0x0820405c                IRQ008_Handler
                0x0820405c                IRQ082_Handler
                0x0820405c                IRQ007_Handler
                0x0820405c                IRQ046_Handler
                0x0820405c                IRQ081_Handler
                0x0820405c                IRQ004_Handler
                0x0820405c                IRQ043_Handler
                0x0820405c                IRQ002_Handler
                0x0820405c                IRQ041_Handler
                0x0820405c                IRQ098_Handler
                0x0820405c                IRQ000_Handler
                0x0820405c                IRQ005_Handler
                0x0820405c                IRQ049_Handler
                0x0820405c                IRQ084_Handler
                0x0820405c                IRQ006_Handler
                0x0820405c                IRQ045_Handler
                0x0820405c                IRQ080_Handler
                0x0820405c                IRQ015_Handler
                0x0820405c                MemManage_Handler
                0x0820405c                HIF2_IRQHandler
                0x0820405c                IRQ001_Handler
                0x0820405c                IRQ040_Handler
                0x0820405c                IRQ068_Handler
                0x0820405c                IRQ096_Handler
                0x0820405c                IRQ003_Handler
                0x0820405c                IRQ042_Handler
                0x0820405c                IRQ024_Handler
                0x0820405c                IRQ090_Handler
                0x0820405c                IRQ078_Handler
                0x0820405c                IRQ032_Handler
                0x0820405c                IRQ020_Handler
                0x0820405c                IRQ073_Handler
                0x0820405c                IRQ092_Handler
                0x0820405c                IRQ087_Handler
                0x0820405c                IRQ026_Handler
                0x0820405c                IRQ061_Handler
                0x0820405c                IRQ025_Handler
                0x0820405c                IRQ060_Handler
                0x0820405c                IRQ085_Handler
                0x0820405c                IRQ013_Handler
                0x0820405c                IRQ030_Handler
                0x0820405c                IRQ029_Handler
                0x0820405c                IRQ064_Handler
                0x0820405c                IRQ066_Handler
                0x0820405c                IRQ017_Handler
                0x0820405c                IRQ091_Handler
                0x0820405c                BusFault_Handler
                0x0820405c                IRQ069_Handler
                0x0820405c                IRQ075_Handler
                0x0820405c                IRQ086_Handler
                0x0820405c                IRQ094_Handler
                0x0820405c                IRQ079_Handler
 .text.Default_Reset_Handler
                0x0820405e        0x2 ./wiseconnect3_sdk_3.4.1/components/device/silabs/si91x/mcu/core/chip/src/startup_si91x.o
                0x0820405e                Default_Reset_Handler
                0x0820405e                Reset_Handler
 .text.Copy_Table
                0x08204060       0x24 ./wiseconnect3_sdk_3.4.1/components/device/silabs/si91x/mcu/core/chip/src/startup_si91x.o
                0x08204060                Copy_Table
 .text.Zero_Table
                0x08204084       0x24 ./wiseconnect3_sdk_3.4.1/components/device/silabs/si91x/mcu/core/chip/src/startup_si91x.o
                0x08204084                Zero_Table
 .text.RSI_Default_Reset_Handler
                0x082040a8       0x16 ./wiseconnect3_sdk_3.4.1/components/device/silabs/si91x/mcu/core/chip/src/startup_si91x.o
                0x082040a8                RSI_Default_Reset_Handler
 *fill*         0x082040be        0x2 
 .text.SystemCoreClockUpdate
                0x082040c0      0x118 ./wiseconnect3_sdk_3.4.1/components/device/silabs/si91x/mcu/core/chip/src/system_si91x.o
                0x082040c0                SystemCoreClockUpdate
 .text.fpuInit  0x082041d8       0x44 ./wiseconnect3_sdk_3.4.1/components/device/silabs/si91x/mcu/core/chip/src/system_si91x.o
                0x082041d8                fpuInit
 .text.SystemInit
                0x0820421c       0xe4 ./wiseconnect3_sdk_3.4.1/components/device/silabs/si91x/mcu/core/chip/src/system_si91x.o
                0x0820421c                SystemInit
 .text.ARM_UART_SignalEvent
                0x08204300       0x24 ./wiseconnect3_sdk_3.4.1/components/device/silabs/si91x/mcu/core/common/src/rsi_debug.o
                0x08204300                ARM_UART_SignalEvent
 .text.Board_Debug_Init
                0x08204324       0x5c ./wiseconnect3_sdk_3.4.1/components/device/silabs/si91x/mcu/core/common/src/rsi_debug.o
                0x08204324                Board_Debug_Init
 .text.Board_UARTGetChar
                0x08204380       0x30 ./wiseconnect3_sdk_3.4.1/components/device/silabs/si91x/mcu/core/common/src/rsi_debug.o
                0x08204380                Board_UARTGetChar
 .text.Board_UARTPutChar
                0x082043b0       0x30 ./wiseconnect3_sdk_3.4.1/components/device/silabs/si91x/mcu/core/common/src/rsi_debug.o
                0x082043b0                Board_UARTPutChar
 .text.read_exclude_space
                0x082043e0       0x20 ./wiseconnect3_sdk_3.4.1/components/device/silabs/si91x/mcu/core/common/src/syscalls.o
 .text._getpid  0x08204400        0x4 ./wiseconnect3_sdk_3.4.1/components/device/silabs/si91x/mcu/core/common/src/syscalls.o
                0x08204400                _getpid
 .text._kill    0x08204404       0x10 ./wiseconnect3_sdk_3.4.1/components/device/silabs/si91x/mcu/core/common/src/syscalls.o
                0x08204404                _kill
 .text._exit    0x08204414        0xc ./wiseconnect3_sdk_3.4.1/components/device/silabs/si91x/mcu/core/common/src/syscalls.o
                0x08204414                _exit
 .text._write   0x08204420       0x44 ./wiseconnect3_sdk_3.4.1/components/device/silabs/si91x/mcu/core/common/src/syscalls.o
                0x08204420                _write
 .text._close   0x08204464        0x6 ./wiseconnect3_sdk_3.4.1/components/device/silabs/si91x/mcu/core/common/src/syscalls.o
                0x08204464                _close
 .text._fstat   0x0820446a        0xa ./wiseconnect3_sdk_3.4.1/components/device/silabs/si91x/mcu/core/common/src/syscalls.o
                0x0820446a                _fstat
 .text._isatty  0x08204474        0x4 ./wiseconnect3_sdk_3.4.1/components/device/silabs/si91x/mcu/core/common/src/syscalls.o
                0x08204474                _isatty
 .text._lseek   0x08204478        0x4 ./wiseconnect3_sdk_3.4.1/components/device/silabs/si91x/mcu/core/common/src/syscalls.o
                0x08204478                _lseek
 .text._read    0x0820447c      0x30c ./wiseconnect3_sdk_3.4.1/components/device/silabs/si91x/mcu/core/common/src/syscalls.o
                0x0820447c                _read
 .text.sl_si91x_device_init_nvic
                0x08204788       0x18 ./wiseconnect3_sdk_3.4.1/components/device/silabs/si91x/mcu/core/config/src/rsi_nvic_priorities_config.o
                0x08204788                sl_si91x_device_init_nvic
 .text.SPI_GetVersion
                0x082047a0       0x20 ./wiseconnect3_sdk_3.4.1/components/device/silabs/si91x/mcu/drivers/cmsis_driver/SPI.o
                0x082047a0                SPI_GetVersion
 .text.SPI_GetCapabilities
                0x082047c0        0x4 ./wiseconnect3_sdk_3.4.1/components/device/silabs/si91x/mcu/drivers/cmsis_driver/SPI.o
                0x082047c0                SPI_GetCapabilities
 .text.SSI_MASTER_GetStatus
                0x082047c4        0xc ./wiseconnect3_sdk_3.4.1/components/device/silabs/si91x/mcu/drivers/cmsis_driver/SPI.o
 .text.SSI_SLAVE_GetStatus
                0x082047d0        0xc ./wiseconnect3_sdk_3.4.1/components/device/silabs/si91x/mcu/drivers/cmsis_driver/SPI.o
 .text.SSI_ULP_MASTER_GetStatus
                0x082047dc        0xc ./wiseconnect3_sdk_3.4.1/components/device/silabs/si91x/mcu/drivers/cmsis_driver/SPI.o
 .text.SSI_SLAVE_Control
                0x082047e8       0x18 ./wiseconnect3_sdk_3.4.1/components/device/silabs/si91x/mcu/drivers/cmsis_driver/SPI.o
 .text.SSI_MASTER_Control
                0x08204800       0x3c ./wiseconnect3_sdk_3.4.1/components/device/silabs/si91x/mcu/drivers/cmsis_driver/SPI.o
 .text.SSI_ULP_MASTER_Control
                0x0820483c       0x3c ./wiseconnect3_sdk_3.4.1/components/device/silabs/si91x/mcu/drivers/cmsis_driver/SPI.o
 .text.SSI_MASTER_GetDataCount
                0x08204878        0xc ./wiseconnect3_sdk_3.4.1/components/device/silabs/si91x/mcu/drivers/cmsis_driver/SPI.o
 .text.SSI_SLAVE_GetDataCount
                0x08204884        0xc ./wiseconnect3_sdk_3.4.1/components/device/silabs/si91x/mcu/drivers/cmsis_driver/SPI.o
 .text.SSI_ULP_MASTER_GetDataCount
                0x08204890        0xc ./wiseconnect3_sdk_3.4.1/components/device/silabs/si91x/mcu/drivers/cmsis_driver/SPI.o
 .text.SSI_MASTER_Transfer
                0x0820489c       0x2c ./wiseconnect3_sdk_3.4.1/components/device/silabs/si91x/mcu/drivers/cmsis_driver/SPI.o
 .text.SSI_SLAVE_Transfer
                0x082048c8       0x2c ./wiseconnect3_sdk_3.4.1/components/device/silabs/si91x/mcu/drivers/cmsis_driver/SPI.o
 .text.SSI_ULP_MASTER_Transfer
                0x082048f4       0x2c ./wiseconnect3_sdk_3.4.1/components/device/silabs/si91x/mcu/drivers/cmsis_driver/SPI.o
 .text.SSI_MASTER_Receive
                0x08204920       0x2c ./wiseconnect3_sdk_3.4.1/components/device/silabs/si91x/mcu/drivers/cmsis_driver/SPI.o
 .text.SSI_SLAVE_Receive
                0x0820494c       0x2c ./wiseconnect3_sdk_3.4.1/components/device/silabs/si91x/mcu/drivers/cmsis_driver/SPI.o
 .text.SSI_ULP_MASTER_Receive
                0x08204978       0x2c ./wiseconnect3_sdk_3.4.1/components/device/silabs/si91x/mcu/drivers/cmsis_driver/SPI.o
 .text.SSI_MASTER_Send
                0x082049a4       0x2c ./wiseconnect3_sdk_3.4.1/components/device/silabs/si91x/mcu/drivers/cmsis_driver/SPI.o
 .text.SSI_SLAVE_Send
                0x082049d0       0x2c ./wiseconnect3_sdk_3.4.1/components/device/silabs/si91x/mcu/drivers/cmsis_driver/SPI.o
 .text.SSI_ULP_MASTER_Send
                0x082049fc       0x2c ./wiseconnect3_sdk_3.4.1/components/device/silabs/si91x/mcu/drivers/cmsis_driver/SPI.o
 .text.SSI_MASTER_PowerControl
                0x08204a28        0xc ./wiseconnect3_sdk_3.4.1/components/device/silabs/si91x/mcu/drivers/cmsis_driver/SPI.o
 .text.SSI_SLAVE_PowerControl
                0x08204a34        0xc ./wiseconnect3_sdk_3.4.1/components/device/silabs/si91x/mcu/drivers/cmsis_driver/SPI.o
 .text.SSI_ULP_MASTER_PowerControl
                0x08204a40        0xc ./wiseconnect3_sdk_3.4.1/components/device/silabs/si91x/mcu/drivers/cmsis_driver/SPI.o
 .text.SSI_MASTER_Uninitialize
                0x08204a4c       0x10 ./wiseconnect3_sdk_3.4.1/components/device/silabs/si91x/mcu/drivers/cmsis_driver/SPI.o
 .text.SSI_SLAVE_Uninitialize
                0x08204a5c       0x10 ./wiseconnect3_sdk_3.4.1/components/device/silabs/si91x/mcu/drivers/cmsis_driver/SPI.o
 .text.SSI_ULP_MASTER_Uninitialize
                0x08204a6c       0x1c ./wiseconnect3_sdk_3.4.1/components/device/silabs/si91x/mcu/drivers/cmsis_driver/SPI.o
 .text.SSI_MASTER_Initialize
                0x08204a88       0x38 ./wiseconnect3_sdk_3.4.1/components/device/silabs/si91x/mcu/drivers/cmsis_driver/SPI.o
 .text.SSI_SLAVE_Initialize
                0x08204ac0       0x38 ./wiseconnect3_sdk_3.4.1/components/device/silabs/si91x/mcu/drivers/cmsis_driver/SPI.o
 .text.SSI_ULP_MASTER_Initialize
                0x08204af8       0x3c ./wiseconnect3_sdk_3.4.1/components/device/silabs/si91x/mcu/drivers/cmsis_driver/SPI.o
 .text.RSI_SPI_SetSlaveSelectNumber
                0x08204b34        0xc ./wiseconnect3_sdk_3.4.1/components/device/silabs/si91x/mcu/drivers/cmsis_driver/SPI.o
                0x08204b34                RSI_SPI_SetSlaveSelectNumber
 .text.IRQ047_Handler
                0x08204b40        0xc ./wiseconnect3_sdk_3.4.1/components/device/silabs/si91x/mcu/drivers/cmsis_driver/SPI.o
                0x08204b40                IRQ047_Handler
 .text.IRQ044_Handler
                0x08204b4c        0xc ./wiseconnect3_sdk_3.4.1/components/device/silabs/si91x/mcu/drivers/cmsis_driver/SPI.o
                0x08204b4c                IRQ044_Handler
 .text.IRQ016_Handler
                0x08204b58        0xc ./wiseconnect3_sdk_3.4.1/components/device/silabs/si91x/mcu/drivers/cmsis_driver/SPI.o
                0x08204b58                IRQ016_Handler
 .text.SSI_SetRxSamplingDelay
                0x08204b64       0x38 ./wiseconnect3_sdk_3.4.1/components/device/silabs/si91x/mcu/drivers/cmsis_driver/SPI.o
                0x08204b64                SSI_SetRxSamplingDelay
 .text.SSI_SetFifoThreshold
                0x08204b9c       0x38 ./wiseconnect3_sdk_3.4.1/components/device/silabs/si91x/mcu/drivers/cmsis_driver/SPI.o
                0x08204b9c                SSI_SetFifoThreshold
 .text.SSI_GetInitState
                0x08204bd4       0x30 ./wiseconnect3_sdk_3.4.1/components/device/silabs/si91x/mcu/drivers/cmsis_driver/SPI.o
                0x08204bd4                SSI_GetInitState
 .text.ssi_transfer_complete_callback
                0x08204c04        0x2 ./wiseconnect3_sdk_3.4.1/components/device/silabs/si91x/mcu/drivers/cmsis_driver/SPI.o
                0x08204c04                ssi_transfer_complete_callback
 .text.ssi_error_callback
                0x08204c06        0x2 ./wiseconnect3_sdk_3.4.1/components/device/silabs/si91x/mcu/drivers/cmsis_driver/SPI.o
                0x08204c06                ssi_error_callback
 .text.ARM_USARTx_GetVersion
                0x08204c08       0x20 ./wiseconnect3_sdk_3.4.1/components/device/silabs/si91x/mcu/drivers/cmsis_driver/USART.o
                0x08204c08                ARM_USARTx_GetVersion
 .text.ARM_ULP_UART_GetCapabilities
                0x08204c28        0xc ./wiseconnect3_sdk_3.4.1/components/device/silabs/si91x/mcu/drivers/cmsis_driver/USART.o
 .text.ARM_ULP_UART_GetModemStatus
                0x08204c34        0xc ./wiseconnect3_sdk_3.4.1/components/device/silabs/si91x/mcu/drivers/cmsis_driver/USART.o
 .text.ARM_ULP_UART_SetModemControl
                0x08204c40        0xc ./wiseconnect3_sdk_3.4.1/components/device/silabs/si91x/mcu/drivers/cmsis_driver/USART.o
 .text.ARM_ULP_UART_GetStatus
                0x08204c4c        0xc ./wiseconnect3_sdk_3.4.1/components/device/silabs/si91x/mcu/drivers/cmsis_driver/USART.o
 .text.ARM_ULP_UART_Control
                0x08204c58       0x34 ./wiseconnect3_sdk_3.4.1/components/device/silabs/si91x/mcu/drivers/cmsis_driver/USART.o
 .text.ARM_ULP_UART_GetRxCount
                0x08204c8c        0xc ./wiseconnect3_sdk_3.4.1/components/device/silabs/si91x/mcu/drivers/cmsis_driver/USART.o
 .text.ARM_ULP_UART_GetTxCount
                0x08204c98        0xc ./wiseconnect3_sdk_3.4.1/components/device/silabs/si91x/mcu/drivers/cmsis_driver/USART.o
 .text.ARM_ULP_UART_Transfer
                0x08204ca4       0x54 ./wiseconnect3_sdk_3.4.1/components/device/silabs/si91x/mcu/drivers/cmsis_driver/USART.o
 .text.ARM_ULP_UART_Receive
                0x08204cf8       0x48 ./wiseconnect3_sdk_3.4.1/components/device/silabs/si91x/mcu/drivers/cmsis_driver/USART.o
 .text.ARM_ULP_UART_Send
                0x08204d40       0x48 ./wiseconnect3_sdk_3.4.1/components/device/silabs/si91x/mcu/drivers/cmsis_driver/USART.o
 .text.ARM_ULP_UART_PowerControl
                0x08204d88       0x18 ./wiseconnect3_sdk_3.4.1/components/device/silabs/si91x/mcu/drivers/cmsis_driver/USART.o
 .text.ARM_ULP_UART_Uninitialize
                0x08204da0       0x1c ./wiseconnect3_sdk_3.4.1/components/device/silabs/si91x/mcu/drivers/cmsis_driver/USART.o
 .text.ARM_ULP_UART_Initialize
                0x08204dbc       0x30 ./wiseconnect3_sdk_3.4.1/components/device/silabs/si91x/mcu/drivers/cmsis_driver/USART.o
 .text.IRQ038_Handler
                0x08204dec        0xc ./wiseconnect3_sdk_3.4.1/components/device/silabs/si91x/mcu/drivers/cmsis_driver/USART.o
                0x08204dec                IRQ038_Handler
 .text.IRQ039_Handler
                0x08204df8        0xc ./wiseconnect3_sdk_3.4.1/components/device/silabs/si91x/mcu/drivers/cmsis_driver/USART.o
                0x08204df8                IRQ039_Handler
 .text.IRQ012_Handler
                0x08204e04        0xc ./wiseconnect3_sdk_3.4.1/components/device/silabs/si91x/mcu/drivers/cmsis_driver/USART.o
                0x08204e04                IRQ012_Handler
 .text.RSI_ULPUartHandler
                0x08204e10        0x4 ./wiseconnect3_sdk_3.4.1/components/device/silabs/si91x/mcu/drivers/cmsis_driver/USART.o
                0x08204e10                RSI_ULPUartHandler
 .text.sl_si91x_button_init
                0x08204e14       0xd0 ./wiseconnect3_sdk_3.4.1/components/device/silabs/si91x/mcu/drivers/hardware_drivers/button/src/sl_si91x_button.o
                0x08204e14                sl_si91x_button_init
 .text.sl_si91x_button_state
                0x08204ee4       0x50 ./wiseconnect3_sdk_3.4.1/components/device/silabs/si91x/mcu/drivers/hardware_drivers/button/src/sl_si91x_button.o
                0x08204ee4                sl_si91x_button_state
 .text.sl_si91x_button_internal_isr
                0x08204f34       0x44 ./wiseconnect3_sdk_3.4.1/components/device/silabs/si91x/mcu/drivers/hardware_drivers/button/src/sl_si91x_button.o
                0x08204f34                sl_si91x_button_internal_isr
 .text.button_HP_IRQHandler
                0x08204f78       0x10 ./wiseconnect3_sdk_3.4.1/components/device/silabs/si91x/mcu/drivers/hardware_drivers/button/src/sl_si91x_button.o
 .text.button_ULP_IRQHandler
                0x08204f88       0x10 ./wiseconnect3_sdk_3.4.1/components/device/silabs/si91x/mcu/drivers/hardware_drivers/button/src/sl_si91x_button.o
 .text.button_UULP_IRQHandler
                0x08204f98       0x10 ./wiseconnect3_sdk_3.4.1/components/device/silabs/si91x/mcu/drivers/hardware_drivers/button/src/sl_si91x_button.o
 .text.sl_gpio_validation
                0x08204fa8       0x36 ./wiseconnect3_sdk_3.4.1/components/device/silabs/si91x/mcu/drivers/hardware_drivers/led/src/sl_si91x_led.o
 .text.sl_si91x_led_init
                0x08204fde       0x30 ./wiseconnect3_sdk_3.4.1/components/device/silabs/si91x/mcu/drivers/hardware_drivers/led/src/sl_si91x_led.o
                0x08204fde                sl_si91x_led_init
 *fill*         0x0820500e        0x2 
 .text.sl_si91x_led_toggle
                0x08205010       0x58 ./wiseconnect3_sdk_3.4.1/components/device/silabs/si91x/mcu/drivers/hardware_drivers/led/src/sl_si91x_led.o
                0x08205010                sl_si91x_led_toggle
 .text.RSI_AUX_RefVoltageConfig
                0x08205068       0xe8 ./wiseconnect3_sdk_3.4.1/components/device/silabs/si91x/mcu/drivers/peripheral_drivers/src/aux_reference_volt_config.o
                0x08205068                RSI_AUX_RefVoltageConfig
 .text.RSI_CLK_GetBaseClock
                0x08205150      0x50c ./wiseconnect3_sdk_3.4.1/components/device/silabs/si91x/mcu/drivers/peripheral_drivers/src/clock_update.o
                0x08205150                RSI_CLK_GetBaseClock
 .text.RSI_EGPIO_HostPadsGpioModeDisable
                0x0820565c       0x10 ./wiseconnect3_sdk_3.4.1/components/device/silabs/si91x/mcu/drivers/peripheral_drivers/src/rsi_adc.o
 .text.RSI_EGPIO_PadReceiverDisable
                0x0820566c       0x10 ./wiseconnect3_sdk_3.4.1/components/device/silabs/si91x/mcu/drivers/peripheral_drivers/src/rsi_adc.o
 .text.RSI_EGPIO_UlpPadReceiverDisable
                0x0820567c       0x10 ./wiseconnect3_sdk_3.4.1/components/device/silabs/si91x/mcu/drivers/peripheral_drivers/src/rsi_adc.o
 .text.ADC_DMA_Transfer_Complete
                0x0820568c       0x10 ./wiseconnect3_sdk_3.4.1/components/device/silabs/si91x/mcu/drivers/peripheral_drivers/src/rsi_adc.o
                0x0820568c                ADC_DMA_Transfer_Complete
 .text.ADC_DMA_Error_Callback
                0x0820569c        0x4 ./wiseconnect3_sdk_3.4.1/components/device/silabs/si91x/mcu/drivers/peripheral_drivers/src/rsi_adc.o
                0x0820569c                ADC_DMA_Error_Callback
 .text.RSI_EGPIO_SetPinMux.constprop.0
                0x082056a0       0x1c ./wiseconnect3_sdk_3.4.1/components/device/silabs/si91x/mcu/drivers/peripheral_drivers/src/rsi_adc.o
 .text.RSI_ULPSS_AuxClkConfig.constprop.0.isra.0
                0x082056bc       0x18 ./wiseconnect3_sdk_3.4.1/components/device/silabs/si91x/mcu/drivers/peripheral_drivers/src/rsi_adc.o
 .text.ADC_Start
                0x082056d4       0x50 ./wiseconnect3_sdk_3.4.1/components/device/silabs/si91x/mcu/drivers/peripheral_drivers/src/rsi_adc.o
                0x082056d4                ADC_Start
 .text.cal_adc_channel_offset
                0x08205724       0xa4 ./wiseconnect3_sdk_3.4.1/components/device/silabs/si91x/mcu/drivers/peripheral_drivers/src/rsi_adc.o
                0x08205724                cal_adc_channel_offset
 .text.check_power_two
                0x082057c8       0x12 ./wiseconnect3_sdk_3.4.1/components/device/silabs/si91x/mcu/drivers/peripheral_drivers/src/rsi_adc.o
                0x082057c8                check_power_two
 .text.roundupto_pwr2
                0x082057da       0x1e ./wiseconnect3_sdk_3.4.1/components/device/silabs/si91x/mcu/drivers/peripheral_drivers/src/rsi_adc.o
                0x082057da                roundupto_pwr2
 .text.max_sample_rate_achive
                0x082057f8       0x30 ./wiseconnect3_sdk_3.4.1/components/device/silabs/si91x/mcu/drivers/peripheral_drivers/src/rsi_adc.o
                0x082057f8                max_sample_rate_achive
 .text.get_min_sampling_time
                0x08205828      0x2a0 ./wiseconnect3_sdk_3.4.1/components/device/silabs/si91x/mcu/drivers/peripheral_drivers/src/rsi_adc.o
                0x08205828                get_min_sampling_time
 .text.ADC_PinMux
                0x08205ac8      0x39c ./wiseconnect3_sdk_3.4.1/components/device/silabs/si91x/mcu/drivers/peripheral_drivers/src/rsi_adc.o
                0x08205ac8                ADC_PinMux
 .text.RSI_ADC_PingPongMemoryAdrConfig
                0x08205e64       0xd4 ./wiseconnect3_sdk_3.4.1/components/device/silabs/si91x/mcu/drivers/peripheral_drivers/src/rsi_adc.o
                0x08205e64                RSI_ADC_PingPongMemoryAdrConfig
 .text.RSI_ADC_PingPongReInit
                0x08205f38       0x60 ./wiseconnect3_sdk_3.4.1/components/device/silabs/si91x/mcu/drivers/peripheral_drivers/src/rsi_adc.o
                0x08205f38                RSI_ADC_PingPongReInit
 .text.RSI_ADC_Calibration
                0x08205f98       0xb8 ./wiseconnect3_sdk_3.4.1/components/device/silabs/si91x/mcu/drivers/peripheral_drivers/src/rsi_adc.o
                0x08205f98                RSI_ADC_Calibration
 .text.RSI_ADC_PingpongEnable
                0x08206050       0x28 ./wiseconnect3_sdk_3.4.1/components/device/silabs/si91x/mcu/drivers/peripheral_drivers/src/rsi_adc.o
                0x08206050                RSI_ADC_PingpongEnable
 .text.RSI_ADC_InternalPerChnlDmaEnable
                0x08206078       0x2a ./wiseconnect3_sdk_3.4.1/components/device/silabs/si91x/mcu/drivers/peripheral_drivers/src/rsi_adc.o
                0x08206078                RSI_ADC_InternalPerChnlDmaEnable
 .text.RSI_ADC_ChannelConfig
                0x082060a2       0x68 ./wiseconnect3_sdk_3.4.1/components/device/silabs/si91x/mcu/drivers/peripheral_drivers/src/rsi_adc.o
                0x082060a2                RSI_ADC_ChannelConfig
 *fill*         0x0820610a        0x2 
 .text.RSI_ADC_Stop
                0x0820610c       0x2c ./wiseconnect3_sdk_3.4.1/components/device/silabs/si91x/mcu/drivers/peripheral_drivers/src/rsi_adc.o
                0x0820610c                RSI_ADC_Stop
 .text.ADC_Stop
                0x08206138       0x10 ./wiseconnect3_sdk_3.4.1/components/device/silabs/si91x/mcu/drivers/peripheral_drivers/src/rsi_adc.o
                0x08206138                ADC_Stop
 .text.RSI_ADC_ChnlEnable
                0x08206148       0x40 ./wiseconnect3_sdk_3.4.1/components/device/silabs/si91x/mcu/drivers/peripheral_drivers/src/rsi_adc.o
                0x08206148                RSI_ADC_ChnlEnable
 .text.RSI_ADC_ClkDivfactor
                0x08206188       0x34 ./wiseconnect3_sdk_3.4.1/components/device/silabs/si91x/mcu/drivers/peripheral_drivers/src/rsi_adc.o
                0x08206188                RSI_ADC_ClkDivfactor
 .text.RSI_ADC_ChnlIntrUnMask
                0x082061bc       0x58 ./wiseconnect3_sdk_3.4.1/components/device/silabs/si91x/mcu/drivers/peripheral_drivers/src/rsi_adc.o
                0x082061bc                RSI_ADC_ChnlIntrUnMask
 .text.RSI_ADC_ChnlIntrClr
                0x08206214       0x36 ./wiseconnect3_sdk_3.4.1/components/device/silabs/si91x/mcu/drivers/peripheral_drivers/src/rsi_adc.o
                0x08206214                RSI_ADC_ChnlIntrClr
 *fill*         0x0820624a        0x2 
 .text.RSI_ADC_PowerControl
                0x0820624c       0x64 ./wiseconnect3_sdk_3.4.1/components/device/silabs/si91x/mcu/drivers/peripheral_drivers/src/rsi_adc.o
                0x0820624c                RSI_ADC_PowerControl
 .text.ADC_Init
                0x082062b0      0x1a8 ./wiseconnect3_sdk_3.4.1/components/device/silabs/si91x/mcu/drivers/peripheral_drivers/src/rsi_adc.o
                0x082062b0                ADC_Init
 .text.ADC_Per_Channel_Init
                0x08206458      0x1a0 ./wiseconnect3_sdk_3.4.1/components/device/silabs/si91x/mcu/drivers/peripheral_drivers/src/rsi_adc.o
                0x08206458                ADC_Per_Channel_Init
 .text.ADC_Deinit
                0x082065f8       0x3c ./wiseconnect3_sdk_3.4.1/components/device/silabs/si91x/mcu/drivers/peripheral_drivers/src/rsi_adc.o
                0x082065f8                ADC_Deinit
 .text.RSI_ADC_NoiseAvgMode
                0x08206634       0x20 ./wiseconnect3_sdk_3.4.1/components/device/silabs/si91x/mcu/drivers/peripheral_drivers/src/rsi_adc.o
                0x08206634                RSI_ADC_NoiseAvgMode
 .text.ADC_ChannelConfig
                0x08206654      0x3c8 ./wiseconnect3_sdk_3.4.1/components/device/silabs/si91x/mcu/drivers/peripheral_drivers/src/rsi_adc.o
                0x08206654                ADC_ChannelConfig
 .text.ADC_Per_ChannelConfig
                0x08206a1c      0x438 ./wiseconnect3_sdk_3.4.1/components/device/silabs/si91x/mcu/drivers/peripheral_drivers/src/rsi_adc.o
                0x08206a1c                ADC_Per_ChannelConfig
 .text.RSI_ADC_TempSensorEnable
                0x08206e54       0x10 ./wiseconnect3_sdk_3.4.1/components/device/silabs/si91x/mcu/drivers/peripheral_drivers/src/rsi_adc.o
                0x08206e54                RSI_ADC_TempSensorEnable
 .text.RSI_ADC_InterruptHandler
                0x08206e64       0xf4 ./wiseconnect3_sdk_3.4.1/components/device/silabs/si91x/mcu/drivers/peripheral_drivers/src/rsi_adc.o
                0x08206e64                RSI_ADC_InterruptHandler
 .text.IRQ011_Handler
                0x08206f58        0xc ./wiseconnect3_sdk_3.4.1/components/device/silabs/si91x/mcu/drivers/peripheral_drivers/src/rsi_adc.o
                0x08206f58                IRQ011_Handler
 .text.RSI_ADC_GainOffsetCal
                0x08206f64       0x6c ./wiseconnect3_sdk_3.4.1/components/device/silabs/si91x/mcu/drivers/peripheral_drivers/src/rsi_adc.o
                0x08206f64                RSI_ADC_GainOffsetCal
 .text.RSI_ADC_ReadDataStatic
                0x08206fd0       0x14 ./wiseconnect3_sdk_3.4.1/components/device/silabs/si91x/mcu/drivers/peripheral_drivers/src/rsi_adc.o
                0x08206fd0                RSI_ADC_ReadDataStatic
 .text.RSI_DAC_InterruptMask
                0x08206fe4       0x1e ./wiseconnect3_sdk_3.4.1/components/device/silabs/si91x/mcu/drivers/peripheral_drivers/src/rsi_dac.o
                0x08206fe4                RSI_DAC_InterruptMask
 .text.RSI_OPAMP1_Config
                0x08207002       0xc6 ./wiseconnect3_sdk_3.4.1/components/device/silabs/si91x/mcu/drivers/peripheral_drivers/src/rsi_opamp.o
                0x08207002                RSI_OPAMP1_Config
 .text.RSI_EGPIO_SetPinMux
                0x082070c8       0x14 ./wiseconnect3_sdk_3.4.1/components/device/silabs/si91x/mcu/drivers/peripheral_drivers/src/rsi_spi.o
 .text.RSI_EGPIO_HostPadsGpioModeEnable
                0x082070dc       0x10 ./wiseconnect3_sdk_3.4.1/components/device/silabs/si91x/mcu/drivers/peripheral_drivers/src/rsi_spi.o
 .text.RSI_EGPIO_PadSelectionEnable
                0x082070ec       0x10 ./wiseconnect3_sdk_3.4.1/components/device/silabs/si91x/mcu/drivers/peripheral_drivers/src/rsi_spi.o
 .text.RSI_EGPIO_PadReceiverEnable
                0x082070fc       0x10 ./wiseconnect3_sdk_3.4.1/components/device/silabs/si91x/mcu/drivers/peripheral_drivers/src/rsi_spi.o
 .text.RSI_EGPIO_UlpPadReceiverEnable
                0x0820710c       0x10 ./wiseconnect3_sdk_3.4.1/components/device/silabs/si91x/mcu/drivers/peripheral_drivers/src/rsi_spi.o
 .text.SPI_Convert_Data_Width_To_Bytes
                0x0820711c       0x1c ./wiseconnect3_sdk_3.4.1/components/device/silabs/si91x/mcu/drivers/peripheral_drivers/src/rsi_spi.o
 .text.SPI_Set_Mode_Fault_Event
                0x08207138       0x48 ./wiseconnect3_sdk_3.4.1/components/device/silabs/si91x/mcu/drivers/peripheral_drivers/src/rsi_spi.o
 .text.SPI_Initialize
                0x08207180      0x348 ./wiseconnect3_sdk_3.4.1/components/device/silabs/si91x/mcu/drivers/peripheral_drivers/src/rsi_spi.o
                0x08207180                SPI_Initialize
 .text.SPI_Uninitialize
                0x082074c8       0x40 ./wiseconnect3_sdk_3.4.1/components/device/silabs/si91x/mcu/drivers/peripheral_drivers/src/rsi_spi.o
                0x082074c8                SPI_Uninitialize
 .text.SPI_PowerControl
                0x08207508      0x114 ./wiseconnect3_sdk_3.4.1/components/device/silabs/si91x/mcu/drivers/peripheral_drivers/src/rsi_spi.o
                0x08207508                SPI_PowerControl
 .text.SPI_Transfer
                0x0820761c      0x21c ./wiseconnect3_sdk_3.4.1/components/device/silabs/si91x/mcu/drivers/peripheral_drivers/src/rsi_spi.o
                0x0820761c                SPI_Transfer
 .text.SPI_GetDataCount
                0x08207838       0x12 ./wiseconnect3_sdk_3.4.1/components/device/silabs/si91x/mcu/drivers/peripheral_drivers/src/rsi_spi.o
                0x08207838                SPI_GetDataCount
 *fill*         0x0820784a        0x2 
 .text.SPI_Control
                0x0820784c      0x414 ./wiseconnect3_sdk_3.4.1/components/device/silabs/si91x/mcu/drivers/peripheral_drivers/src/rsi_spi.o
                0x0820784c                SPI_Control
 .text.SPI_GetStatus
                0x08207c60       0x1e ./wiseconnect3_sdk_3.4.1/components/device/silabs/si91x/mcu/drivers/peripheral_drivers/src/rsi_spi.o
                0x08207c60                SPI_GetStatus
 *fill*         0x08207c7e        0x2 
 .text.SPI_IRQHandler
                0x08207c80      0x204 ./wiseconnect3_sdk_3.4.1/components/device/silabs/si91x/mcu/drivers/peripheral_drivers/src/rsi_spi.o
                0x08207c80                SPI_IRQHandler
 .text.SPI_Send
                0x08207e84      0x188 ./wiseconnect3_sdk_3.4.1/components/device/silabs/si91x/mcu/drivers/peripheral_drivers/src/rsi_spi.o
                0x08207e84                SPI_Send
 .text.SPI_Receive
                0x0820800c      0x264 ./wiseconnect3_sdk_3.4.1/components/device/silabs/si91x/mcu/drivers/peripheral_drivers/src/rsi_spi.o
                0x0820800c                SPI_Receive
 .text.rsi_sysrtc_wait_ready
                0x08208270       0x1c ./wiseconnect3_sdk_3.4.1/components/device/silabs/si91x/mcu/drivers/peripheral_drivers/src/rsi_sysrtc.o
 .text.rsi_sysrtc_clk_set
                0x0820828c       0x20 ./wiseconnect3_sdk_3.4.1/components/device/silabs/si91x/mcu/drivers/peripheral_drivers/src/rsi_sysrtc.o
                0x0820828c                rsi_sysrtc_clk_set
 .text.rsi_sysrtc_enable
                0x082082ac       0x10 ./wiseconnect3_sdk_3.4.1/components/device/silabs/si91x/mcu/drivers/peripheral_drivers/src/rsi_sysrtc.o
                0x082082ac                rsi_sysrtc_enable
 .text.rsi_sysrtc_disable
                0x082082bc       0x24 ./wiseconnect3_sdk_3.4.1/components/device/silabs/si91x/mcu/drivers/peripheral_drivers/src/rsi_sysrtc.o
                0x082082bc                rsi_sysrtc_disable
 .text.rsi_sysrtc_init
                0x082082e0       0x30 ./wiseconnect3_sdk_3.4.1/components/device/silabs/si91x/mcu/drivers/peripheral_drivers/src/rsi_sysrtc.o
                0x082082e0                rsi_sysrtc_init
 .text.rsi_sysrtc_init_group
                0x08208310       0x7c ./wiseconnect3_sdk_3.4.1/components/device/silabs/si91x/mcu/drivers/peripheral_drivers/src/rsi_sysrtc.o
                0x08208310                rsi_sysrtc_init_group
 .text.rsi_sysrtc_enable_group_interrupts
                0x0820838c       0x1c ./wiseconnect3_sdk_3.4.1/components/device/silabs/si91x/mcu/drivers/peripheral_drivers/src/rsi_sysrtc.o
                0x0820838c                rsi_sysrtc_enable_group_interrupts
 .text.rsi_sysrtc_disable_group_interrupts
                0x082083a8       0x1c ./wiseconnect3_sdk_3.4.1/components/device/silabs/si91x/mcu/drivers/peripheral_drivers/src/rsi_sysrtc.o
                0x082083a8                rsi_sysrtc_disable_group_interrupts
 .text.rsi_sysrtc_clear_group_interrupts
                0x082083c4       0x1c ./wiseconnect3_sdk_3.4.1/components/device/silabs/si91x/mcu/drivers/peripheral_drivers/src/rsi_sysrtc.o
                0x082083c4                rsi_sysrtc_clear_group_interrupts
 .text.rsi_sysrtc_get_group_interrupts
                0x082083e0       0x1c ./wiseconnect3_sdk_3.4.1/components/device/silabs/si91x/mcu/drivers/peripheral_drivers/src/rsi_sysrtc.o
                0x082083e0                rsi_sysrtc_get_group_interrupts
 .text.rsi_sysrtc_get_group_compare_channel_value
                0x082083fc       0x34 ./wiseconnect3_sdk_3.4.1/components/device/silabs/si91x/mcu/drivers/peripheral_drivers/src/rsi_sysrtc.o
                0x082083fc                rsi_sysrtc_get_group_compare_channel_value
 .text.rsi_sysrtc_set_compare_value
                0x08208430       0x3c ./wiseconnect3_sdk_3.4.1/components/device/silabs/si91x/mcu/drivers/peripheral_drivers/src/rsi_sysrtc.o
                0x08208430                rsi_sysrtc_set_compare_value
 .text.rsi_sysrtc_enable_interrupts
                0x0820846c       0x1c ./wiseconnect3_sdk_3.4.1/components/device/silabs/si91x/mcu/drivers/peripheral_drivers/src/rsi_sysrtc.o
                0x0820846c                rsi_sysrtc_enable_interrupts
 .text.rsi_sysrtc_disable_interrupts
                0x08208488       0x34 ./wiseconnect3_sdk_3.4.1/components/device/silabs/si91x/mcu/drivers/peripheral_drivers/src/rsi_sysrtc.o
                0x08208488                rsi_sysrtc_disable_interrupts
 .text.RSI_EGPIO_SetPinMux
                0x082084bc       0x14 ./wiseconnect3_sdk_3.4.1/components/device/silabs/si91x/mcu/drivers/peripheral_drivers/src/rsi_usart.o
 .text.RSI_EGPIO_HostPadsGpioModeEnable
                0x082084d0       0x10 ./wiseconnect3_sdk_3.4.1/components/device/silabs/si91x/mcu/drivers/peripheral_drivers/src/rsi_usart.o
 .text.RSI_EGPIO_PadSelectionEnable
                0x082084e0       0x10 ./wiseconnect3_sdk_3.4.1/components/device/silabs/si91x/mcu/drivers/peripheral_drivers/src/rsi_usart.o
 .text.RSI_EGPIO_PadReceiverEnable
                0x082084f0       0x10 ./wiseconnect3_sdk_3.4.1/components/device/silabs/si91x/mcu/drivers/peripheral_drivers/src/rsi_usart.o
 .text.RSI_EGPIO_UlpPadReceiverEnable
                0x08208500       0x10 ./wiseconnect3_sdk_3.4.1/components/device/silabs/si91x/mcu/drivers/peripheral_drivers/src/rsi_usart.o
 .text.UDMAx_ChannelDisable.isra.0
                0x08208510        0xc ./wiseconnect3_sdk_3.4.1/components/device/silabs/si91x/mcu/drivers/peripheral_drivers/src/rsi_usart.o
 .text.UartIrqHandler
                0x0820851c      0x200 ./wiseconnect3_sdk_3.4.1/components/device/silabs/si91x/mcu/drivers/peripheral_drivers/src/rsi_usart.o
                0x0820851c                UartIrqHandler
 .text.USART_SetBaudrate
                0x0820871c       0x50 ./wiseconnect3_sdk_3.4.1/components/device/silabs/si91x/mcu/drivers/peripheral_drivers/src/rsi_usart.o
                0x0820871c                USART_SetBaudrate
 .text.USART_Initialize
                0x0820876c      0x120 ./wiseconnect3_sdk_3.4.1/components/device/silabs/si91x/mcu/drivers/peripheral_drivers/src/rsi_usart.o
                0x0820876c                USART_Initialize
 .text.USART_Uninitialize
                0x0820888c       0xa0 ./wiseconnect3_sdk_3.4.1/components/device/silabs/si91x/mcu/drivers/peripheral_drivers/src/rsi_usart.o
                0x0820888c                USART_Uninitialize
 .text.USART_PowerControl
                0x0820892c      0x150 ./wiseconnect3_sdk_3.4.1/components/device/silabs/si91x/mcu/drivers/peripheral_drivers/src/rsi_usart.o
                0x0820892c                USART_PowerControl
 .text.USART_Send_Data
                0x08208a7c      0x15c ./wiseconnect3_sdk_3.4.1/components/device/silabs/si91x/mcu/drivers/peripheral_drivers/src/rsi_usart.o
                0x08208a7c                USART_Send_Data
 .text.USART_Receive_Data
                0x08208bd8      0x13c ./wiseconnect3_sdk_3.4.1/components/device/silabs/si91x/mcu/drivers/peripheral_drivers/src/rsi_usart.o
                0x08208bd8                USART_Receive_Data
 .text.USART_Transfer
                0x08208d14       0x72 ./wiseconnect3_sdk_3.4.1/components/device/silabs/si91x/mcu/drivers/peripheral_drivers/src/rsi_usart.o
                0x08208d14                USART_Transfer
 .text.USART_GetTxCount
                0x08208d86        0x6 ./wiseconnect3_sdk_3.4.1/components/device/silabs/si91x/mcu/drivers/peripheral_drivers/src/rsi_usart.o
                0x08208d86                USART_GetTxCount
 .text.USART_GetRxCount
                0x08208d8c        0x6 ./wiseconnect3_sdk_3.4.1/components/device/silabs/si91x/mcu/drivers/peripheral_drivers/src/rsi_usart.o
                0x08208d8c                USART_GetRxCount
 *fill*         0x08208d92        0x2 
 .text.USART_Control
                0x08208d94      0x8e0 ./wiseconnect3_sdk_3.4.1/components/device/silabs/si91x/mcu/drivers/peripheral_drivers/src/rsi_usart.o
                0x08208d94                USART_Control
 .text.USART_GetStatus
                0x08209674       0x42 ./wiseconnect3_sdk_3.4.1/components/device/silabs/si91x/mcu/drivers/peripheral_drivers/src/rsi_usart.o
                0x08209674                USART_GetStatus
 *fill*         0x082096b6        0x2 
 .text.USART_SetModemControl
                0x082096b8       0x84 ./wiseconnect3_sdk_3.4.1/components/device/silabs/si91x/mcu/drivers/peripheral_drivers/src/rsi_usart.o
                0x082096b8                USART_SetModemControl
 .text.USART_GetModemStatus
                0x0820973c       0x5c ./wiseconnect3_sdk_3.4.1/components/device/silabs/si91x/mcu/drivers/peripheral_drivers/src/rsi_usart.o
                0x0820973c                USART_GetModemStatus
 .text.convert_rsi_to_sl_error_code
                0x08209798       0x58 ./wiseconnect3_sdk_3.4.1/components/device/silabs/si91x/mcu/drivers/service/clock_manager/src/sl_si91x_clock_manager.o
 .text.RSI_CLK_IntfPLLTurnOn.isra.0
                0x082097f0        0xc ./wiseconnect3_sdk_3.4.1/components/device/silabs/si91x/mcu/drivers/service/clock_manager/src/sl_si91x_clock_manager.o
 .text.RSI_CLK_I2sPllTurnOn.isra.0
                0x082097fc        0xc ./wiseconnect3_sdk_3.4.1/components/device/silabs/si91x/mcu/drivers/service/clock_manager/src/sl_si91x_clock_manager.o
 .text.RSI_CLK_SocPllTurnOn.isra.0
                0x08209808        0xc ./wiseconnect3_sdk_3.4.1/components/device/silabs/si91x/mcu/drivers/service/clock_manager/src/sl_si91x_clock_manager.o
 .text.sl_si91x_clock_manager_set_pll_freq
                0x08209814      0x124 ./wiseconnect3_sdk_3.4.1/components/device/silabs/si91x/mcu/drivers/service/clock_manager/src/sl_si91x_clock_manager.o
                0x08209814                sl_si91x_clock_manager_set_pll_freq
 .text.sl_si91x_clock_manager_m4_set_core_clk
                0x08209938       0x90 ./wiseconnect3_sdk_3.4.1/components/device/silabs/si91x/mcu/drivers/service/clock_manager/src/sl_si91x_clock_manager.o
                0x08209938                sl_si91x_clock_manager_m4_set_core_clk
 .text.sl_si91x_clock_manager_init
                0x082099c8       0x54 ./wiseconnect3_sdk_3.4.1/components/device/silabs/si91x/mcu/drivers/service/clock_manager/src/sl_si91x_clock_manager.o
                0x082099c8                sl_si91x_clock_manager_init
 .text.sleeptimer_hal_init_timer
                0x08209a1c       0x8c ./wiseconnect3_sdk_3.4.1/components/device/silabs/si91x/mcu/drivers/service/sleeptimer/src/sl_sleeptimer_hal_si91x_sysrtc.o
                0x08209a1c                sleeptimer_hal_init_timer
 .text.sleeptimer_hal_get_counter
                0x08209aa8        0xc ./wiseconnect3_sdk_3.4.1/components/device/silabs/si91x/mcu/drivers/service/sleeptimer/src/sl_sleeptimer_hal_si91x_sysrtc.o
                0x08209aa8                sleeptimer_hal_get_counter
 .text.sleeptimer_hal_get_compare
                0x08209ab4        0x8 ./wiseconnect3_sdk_3.4.1/components/device/silabs/si91x/mcu/drivers/service/sleeptimer/src/sl_sleeptimer_hal_si91x_sysrtc.o
                0x08209ab4                sleeptimer_hal_get_compare
 .text.sleeptimer_hal_enable_int
                0x08209abc       0x12 ./wiseconnect3_sdk_3.4.1/components/device/silabs/si91x/mcu/drivers/service/sleeptimer/src/sl_sleeptimer_hal_si91x_sysrtc.o
                0x08209abc                sleeptimer_hal_enable_int
 *fill*         0x08209ace        0x2 
 .text.sleeptimer_hal_set_compare
                0x08209ad0       0x7c ./wiseconnect3_sdk_3.4.1/components/device/silabs/si91x/mcu/drivers/service/sleeptimer/src/sl_sleeptimer_hal_si91x_sysrtc.o
                0x08209ad0                sleeptimer_hal_set_compare
 .text.sleeptimer_hal_disable_int
                0x08209b4c       0x2c ./wiseconnect3_sdk_3.4.1/components/device/silabs/si91x/mcu/drivers/service/sleeptimer/src/sl_sleeptimer_hal_si91x_sysrtc.o
                0x08209b4c                sleeptimer_hal_disable_int
 .text.sleeptimer_hal_set_int
                0x08209b78       0x14 ./wiseconnect3_sdk_3.4.1/components/device/silabs/si91x/mcu/drivers/service/sleeptimer/src/sl_sleeptimer_hal_si91x_sysrtc.o
                0x08209b78                sleeptimer_hal_set_int
 .text.IRQ022_Handler
                0x08209b8c       0x3c ./wiseconnect3_sdk_3.4.1/components/device/silabs/si91x/mcu/drivers/service/sleeptimer/src/sl_sleeptimer_hal_si91x_sysrtc.o
                0x08209b8c                IRQ022_Handler
 .text.sleeptimer_hal_get_timer_frequency
                0x08209bc8        0x6 ./wiseconnect3_sdk_3.4.1/components/device/silabs/si91x/mcu/drivers/service/sleeptimer/src/sl_sleeptimer_hal_si91x_sysrtc.o
                0x08209bc8                sleeptimer_hal_get_timer_frequency
 *fill*         0x08209bce        0x2 
 .text.RSI_BOD_IntrClr
                0x08209bd0       0x1c ./wiseconnect3_sdk_3.4.1/components/device/silabs/si91x/mcu/drivers/systemlevel/src/rsi_bod.o
                0x08209bd0                RSI_BOD_IntrClr
 .text.RSI_BOD_SoftTriggerGetBatteryStatus
                0x08209bec       0xc8 ./wiseconnect3_sdk_3.4.1/components/device/silabs/si91x/mcu/drivers/systemlevel/src/rsi_bod.o
                0x08209bec                RSI_BOD_SoftTriggerGetBatteryStatus
 .text.RSI_IPMU_UpdateIpmuCalibData_efuse
                0x08209cb4      0x300 ./wiseconnect3_sdk_3.4.1/components/device/silabs/si91x/mcu/drivers/systemlevel/src/rsi_ipmu.o
                0x08209cb4                RSI_IPMU_UpdateIpmuCalibData_efuse
 .text.RSI_Ipmu_Init
                0x08209fb4        0x4 ./wiseconnect3_sdk_3.4.1/components/device/silabs/si91x/mcu/drivers/systemlevel/src/rsi_ipmu.o
                0x08209fb4                RSI_Ipmu_Init
 .text.RSI_Configure_Ipmu_Mode
                0x08209fb8       0x74 ./wiseconnect3_sdk_3.4.1/components/device/silabs/si91x/mcu/drivers/systemlevel/src/rsi_ipmu.o
                0x08209fb8                RSI_Configure_Ipmu_Mode
 .text.RSI_IPMU_PowerGateSet
                0x0820a02c       0x34 ./wiseconnect3_sdk_3.4.1/components/device/silabs/si91x/mcu/drivers/systemlevel/src/rsi_ipmu.o
                0x0820a02c                RSI_IPMU_PowerGateSet
 .text.RSI_IPMU_PowerGateClr
                0x0820a060       0x4c ./wiseconnect3_sdk_3.4.1/components/device/silabs/si91x/mcu/drivers/systemlevel/src/rsi_ipmu.o
                0x0820a060                RSI_IPMU_PowerGateClr
 .text.RSI_IPMU_ClockMuxSel
                0x0820a0ac       0x40 ./wiseconnect3_sdk_3.4.1/components/device/silabs/si91x/mcu/drivers/systemlevel/src/rsi_ipmu.o
                0x0820a0ac                RSI_IPMU_ClockMuxSel
 .text.RSI_IPMU_ProgramConfigData
                0x0820a0ec       0xea ./wiseconnect3_sdk_3.4.1/components/device/silabs/si91x/mcu/drivers/systemlevel/src/rsi_ipmu.o
                0x0820a0ec                RSI_IPMU_ProgramConfigData
 .text.RSI_APB_ProgramConfigData
                0x0820a1d6       0xc8 ./wiseconnect3_sdk_3.4.1/components/device/silabs/si91x/mcu/drivers/systemlevel/src/rsi_ipmu.o
                0x0820a1d6                RSI_APB_ProgramConfigData
 *fill*         0x0820a29e        0x2 
 .text.RSI_IPMU_M32rc_OscTrimEfuse
                0x0820a2a0       0x28 ./wiseconnect3_sdk_3.4.1/components/device/silabs/si91x/mcu/drivers/systemlevel/src/rsi_ipmu.o
                0x0820a2a0                RSI_IPMU_M32rc_OscTrimEfuse
 .text.RSI_IPMU_DBLR32M_TrimEfuse
                0x0820a2c8       0x18 ./wiseconnect3_sdk_3.4.1/components/device/silabs/si91x/mcu/drivers/systemlevel/src/rsi_ipmu.o
                0x0820a2c8                RSI_IPMU_DBLR32M_TrimEfuse
 .text.RSI_IPMU_M20roOsc_TrimEfuse
                0x0820a2e0       0x28 ./wiseconnect3_sdk_3.4.1/components/device/silabs/si91x/mcu/drivers/systemlevel/src/rsi_ipmu.o
                0x0820a2e0                RSI_IPMU_M20roOsc_TrimEfuse
 .text.RSI_IPMU_RO32khz_TrimEfuse
                0x0820a308       0x18 ./wiseconnect3_sdk_3.4.1/components/device/silabs/si91x/mcu/drivers/systemlevel/src/rsi_ipmu.o
                0x0820a308                RSI_IPMU_RO32khz_TrimEfuse
 .text.RSI_IPMU_RC32khz_TrimEfuse
                0x0820a320       0x18 ./wiseconnect3_sdk_3.4.1/components/device/silabs/si91x/mcu/drivers/systemlevel/src/rsi_ipmu.o
                0x0820a320                RSI_IPMU_RC32khz_TrimEfuse
 .text.RSI_IPMU_Vbg_Tsbjt_Efuse
                0x0820a338        0xc ./wiseconnect3_sdk_3.4.1/components/device/silabs/si91x/mcu/drivers/systemlevel/src/rsi_ipmu.o
                0x0820a338                RSI_IPMU_Vbg_Tsbjt_Efuse
 .text.RSI_IPMU_Auxadcoff_DiffEfuse
                0x0820a344        0xc ./wiseconnect3_sdk_3.4.1/components/device/silabs/si91x/mcu/drivers/systemlevel/src/rsi_ipmu.o
                0x0820a344                RSI_IPMU_Auxadcoff_DiffEfuse
 .text.RSI_IPMU_Auxadcgain_DiffEfuse
                0x0820a350        0xc ./wiseconnect3_sdk_3.4.1/components/device/silabs/si91x/mcu/drivers/systemlevel/src/rsi_ipmu.o
                0x0820a350                RSI_IPMU_Auxadcgain_DiffEfuse
 .text.RSI_IPMU_Auxadcoff_SeEfuse
                0x0820a35c        0xc ./wiseconnect3_sdk_3.4.1/components/device/silabs/si91x/mcu/drivers/systemlevel/src/rsi_ipmu.o
                0x0820a35c                RSI_IPMU_Auxadcoff_SeEfuse
 .text.RSI_IPMU_Auxadcgain_SeEfuse
                0x0820a368        0xc ./wiseconnect3_sdk_3.4.1/components/device/silabs/si91x/mcu/drivers/systemlevel/src/rsi_ipmu.o
                0x0820a368                RSI_IPMU_Auxadcgain_SeEfuse
 .text.RSI_IPMU_Delvbe_Tsbjt_Efuse
                0x0820a374        0xc ./wiseconnect3_sdk_3.4.1/components/device/silabs/si91x/mcu/drivers/systemlevel/src/rsi_ipmu.o
                0x0820a374                RSI_IPMU_Delvbe_Tsbjt_Efuse
 .text._usdelay
                0x0820a380        0x6 ./wiseconnect3_sdk_3.4.1/components/device/silabs/si91x/mcu/drivers/systemlevel/src/rsi_pll.o
 *fill*         0x0820a386        0x2 
 .text.clk_m4_soc_clk_config
                0x0820a388       0xc8 ./wiseconnect3_sdk_3.4.1/components/device/silabs/si91x/mcu/drivers/systemlevel/src/rsi_pll.o
                0x0820a388                clk_m4_soc_clk_config
 .text.ulpss_enable_ref_clks
                0x0820a450       0xf8 ./wiseconnect3_sdk_3.4.1/components/device/silabs/si91x/mcu/drivers/systemlevel/src/rsi_pll.o
                0x0820a450                ulpss_enable_ref_clks
 .text.clk_m4ss_ref_clk_config
                0x0820a548       0xcc ./wiseconnect3_sdk_3.4.1/components/device/silabs/si91x/mcu/drivers/systemlevel/src/rsi_pll.o
                0x0820a548                clk_m4ss_ref_clk_config
 .text.ulpss_ref_clk_config
                0x0820a614       0xbc ./wiseconnect3_sdk_3.4.1/components/device/silabs/si91x/mcu/drivers/systemlevel/src/rsi_ulpss_clk.o
                0x0820a614                ulpss_ref_clk_config
 .text.convert_rsi_to_sl_error_code
                0x0820a6d0       0x58 ./wiseconnect3_sdk_3.4.1/components/device/silabs/si91x/mcu/drivers/unified_api/src/sl_si91x_adc.o
 .text.validate_adc_parameters
                0x0820a728       0x18 ./wiseconnect3_sdk_3.4.1/components/device/silabs/si91x/mcu/drivers/unified_api/src/sl_si91x_adc.o
 .text.validate_adc_channel_parameters
                0x0820a740       0x70 ./wiseconnect3_sdk_3.4.1/components/device/silabs/si91x/mcu/drivers/unified_api/src/sl_si91x_adc.o
 .text.callback_event_handler
                0x0820a7b0       0x14 ./wiseconnect3_sdk_3.4.1/components/device/silabs/si91x/mcu/drivers/unified_api/src/sl_si91x_adc.o
 .text.sl_si91x_adc_init
                0x0820a7c4      0x128 ./wiseconnect3_sdk_3.4.1/components/device/silabs/si91x/mcu/drivers/unified_api/src/sl_si91x_adc.o
                0x0820a7c4                sl_si91x_adc_init
 .text.sl_si91x_adc_set_channel_configuration
                0x0820a8ec       0x70 ./wiseconnect3_sdk_3.4.1/components/device/silabs/si91x/mcu/drivers/unified_api/src/sl_si91x_adc.o
                0x0820a8ec                sl_si91x_adc_set_channel_configuration
 .text.sl_si91x_adc_register_event_callback
                0x0820a95c       0x1c ./wiseconnect3_sdk_3.4.1/components/device/silabs/si91x/mcu/drivers/unified_api/src/sl_si91x_adc.o
                0x0820a95c                sl_si91x_adc_register_event_callback
 .text.sl_si91x_adc_temperature_sensor_enable
                0x0820a978       0x14 ./wiseconnect3_sdk_3.4.1/components/device/silabs/si91x/mcu/drivers/unified_api/src/sl_si91x_adc.o
                0x0820a978                sl_si91x_adc_temperature_sensor_enable
 .text.sl_si91x_adc_start
                0x0820a98c       0x1e ./wiseconnect3_sdk_3.4.1/components/device/silabs/si91x/mcu/drivers/unified_api/src/sl_si91x_adc.o
                0x0820a98c                sl_si91x_adc_start
 .text.sl_si91x_adc_stop
                0x0820a9aa       0x1e ./wiseconnect3_sdk_3.4.1/components/device/silabs/si91x/mcu/drivers/unified_api/src/sl_si91x_adc.o
                0x0820a9aa                sl_si91x_adc_stop
 .text.sl_si91x_adc_deinit
                0x0820a9c8       0x28 ./wiseconnect3_sdk_3.4.1/components/device/silabs/si91x/mcu/drivers/unified_api/src/sl_si91x_adc.o
                0x0820a9c8                sl_si91x_adc_deinit
 .text.callback_event
                0x0820a9f0       0x10 ./wiseconnect3_sdk_3.4.1/components/device/silabs/si91x/mcu/drivers/unified_api/src/sl_si91x_bjt_temperature_sensor.o
 .text.sl_si91x_bjt_temperature_sensor_init
                0x0820aa00       0xb0 ./wiseconnect3_sdk_3.4.1/components/device/silabs/si91x/mcu/drivers/unified_api/src/sl_si91x_bjt_temperature_sensor.o
                0x0820aa00                sl_si91x_bjt_temperature_sensor_init
 .text.sl_si91x_bjt_temperature_sensor_bg_set_channel_configuration
                0x0820aab0       0x60 ./wiseconnect3_sdk_3.4.1/components/device/silabs/si91x/mcu/drivers/unified_api/src/sl_si91x_bjt_temperature_sensor.o
                0x0820aab0                sl_si91x_bjt_temperature_sensor_bg_set_channel_configuration
 .text.sl_si91x_bjt_temperature_sensor_state
                0x0820ab10       0x24 ./wiseconnect3_sdk_3.4.1/components/device/silabs/si91x/mcu/drivers/unified_api/src/sl_si91x_bjt_temperature_sensor.o
                0x0820ab10                sl_si91x_bjt_temperature_sensor_state
 .text.sl_si91x_bjt_temperature_sensor_set_channel_configuration
                0x0820ab34       0x48 ./wiseconnect3_sdk_3.4.1/components/device/silabs/si91x/mcu/drivers/unified_api/src/sl_si91x_bjt_temperature_sensor.o
                0x0820ab34                sl_si91x_bjt_temperature_sensor_set_channel_configuration
 .text.sl_si91x_bjt_temperature_sensor_read_data
                0x0820ab7c      0x160 ./wiseconnect3_sdk_3.4.1/components/device/silabs/si91x/mcu/drivers/unified_api/src/sl_si91x_bjt_temperature_sensor.o
                0x0820ab7c                sl_si91x_bjt_temperature_sensor_read_data
 .text.sl_si91x_bjt_temperature_sensor_deinit
                0x0820acdc       0x5c ./wiseconnect3_sdk_3.4.1/components/device/silabs/si91x/mcu/drivers/unified_api/src/sl_si91x_bjt_temperature_sensor.o
                0x0820acdc                sl_si91x_bjt_temperature_sensor_deinit
 .text.UDMAx_DMAEnable
                0x0820ad38        0xc ./wiseconnect3_sdk_3.4.1/components/device/silabs/si91x/mcu/drivers/unified_api/src/sl_si91x_dma.o
 .text.dma_internal_callback
                0x0820ad44       0x30 ./wiseconnect3_sdk_3.4.1/components/device/silabs/si91x/mcu/drivers/unified_api/src/sl_si91x_dma.o
 .text.ulp_dma_internal_callback
                0x0820ad74       0x30 ./wiseconnect3_sdk_3.4.1/components/device/silabs/si91x/mcu/drivers/unified_api/src/sl_si91x_dma.o
 .text.sl_si91x_dma_init
                0x0820ada4       0x70 ./wiseconnect3_sdk_3.4.1/components/device/silabs/si91x/mcu/drivers/unified_api/src/sl_si91x_dma.o
                0x0820ada4                sl_si91x_dma_init
 .text.sl_si91x_dma_allocate_channel
                0x0820ae14       0xdc ./wiseconnect3_sdk_3.4.1/components/device/silabs/si91x/mcu/drivers/unified_api/src/sl_si91x_dma.o
                0x0820ae14                sl_si91x_dma_allocate_channel
 .text.sl_si91x_dma_register_callbacks
                0x0820aef0       0x5c ./wiseconnect3_sdk_3.4.1/components/device/silabs/si91x/mcu/drivers/unified_api/src/sl_si91x_dma.o
                0x0820aef0                sl_si91x_dma_register_callbacks
 .text.sl_si91x_dma_unregister_callbacks
                0x0820af4c       0x88 ./wiseconnect3_sdk_3.4.1/components/device/silabs/si91x/mcu/drivers/unified_api/src/sl_si91x_dma.o
                0x0820af4c                sl_si91x_dma_unregister_callbacks
 .text.sl_si91x_dma_transfer
                0x0820afd4      0x274 ./wiseconnect3_sdk_3.4.1/components/device/silabs/si91x/mcu/drivers/unified_api/src/sl_si91x_dma.o
                0x0820afd4                sl_si91x_dma_transfer
 .text.sl_si91x_dma_channel_enable
                0x0820b248       0x38 ./wiseconnect3_sdk_3.4.1/components/device/silabs/si91x/mcu/drivers/unified_api/src/sl_si91x_dma.o
                0x0820b248                sl_si91x_dma_channel_enable
 .text.sl_si91x_dma_enable
                0x0820b280       0x30 ./wiseconnect3_sdk_3.4.1/components/device/silabs/si91x/mcu/drivers/unified_api/src/sl_si91x_dma.o
                0x0820b280                sl_si91x_dma_enable
 .text.sl_gpio_clear_interrupts
                0x0820b2b0       0x14 ./wiseconnect3_sdk_3.4.1/components/device/silabs/si91x/mcu/drivers/unified_api/src/sl_si91x_driver_gpio.o
 .text.sl_gpio_validation
                0x0820b2c4       0x36 ./wiseconnect3_sdk_3.4.1/components/device/silabs/si91x/mcu/drivers/unified_api/src/sl_si91x_driver_gpio.o
 *fill*         0x0820b2fa        0x2 
 .text.sl_gpio_driver_configure_interrupt
                0x0820b2fc       0xf8 ./wiseconnect3_sdk_3.4.1/components/device/silabs/si91x/mcu/drivers/unified_api/src/sl_si91x_driver_gpio.o
                0x0820b2fc                sl_gpio_driver_configure_interrupt
 .text.sl_gpio_driver_set_pin_mode
                0x0820b3f4       0x32 ./wiseconnect3_sdk_3.4.1/components/device/silabs/si91x/mcu/drivers/unified_api/src/sl_si91x_driver_gpio.o
                0x0820b3f4                sl_gpio_driver_set_pin_mode
 .text.sl_si91x_gpio_driver_enable_pad_receiver
                0x0820b426       0x12 ./wiseconnect3_sdk_3.4.1/components/device/silabs/si91x/mcu/drivers/unified_api/src/sl_si91x_driver_gpio.o
                0x0820b426                sl_si91x_gpio_driver_enable_pad_receiver
 .text.sl_si91x_gpio_driver_enable_pad_selection
                0x0820b438       0x12 ./wiseconnect3_sdk_3.4.1/components/device/silabs/si91x/mcu/drivers/unified_api/src/sl_si91x_driver_gpio.o
                0x0820b438                sl_si91x_gpio_driver_enable_pad_selection
 .text.sl_si91x_gpio_driver_enable_host_pad_selection
                0x0820b44a       0x16 ./wiseconnect3_sdk_3.4.1/components/device/silabs/si91x/mcu/drivers/unified_api/src/sl_si91x_driver_gpio.o
                0x0820b44a                sl_si91x_gpio_driver_enable_host_pad_selection
 .text.sl_si91x_gpio_driver_enable_clock
                0x0820b460       0x12 ./wiseconnect3_sdk_3.4.1/components/device/silabs/si91x/mcu/drivers/unified_api/src/sl_si91x_driver_gpio.o
                0x0820b460                sl_si91x_gpio_driver_enable_clock
 .text.sl_si91x_gpio_driver_clear_group_interrupt
                0x0820b472       0x12 ./wiseconnect3_sdk_3.4.1/components/device/silabs/si91x/mcu/drivers/unified_api/src/sl_si91x_driver_gpio.o
                0x0820b472                sl_si91x_gpio_driver_clear_group_interrupt
 .text.sl_si91x_gpio_driver_enable_ulp_pad_receiver
                0x0820b484       0x12 ./wiseconnect3_sdk_3.4.1/components/device/silabs/si91x/mcu/drivers/unified_api/src/sl_si91x_driver_gpio.o
                0x0820b484                sl_si91x_gpio_driver_enable_ulp_pad_receiver
 .text.sl_si91x_gpio_driver_set_uulp_npss_pin_mux
                0x0820b496       0x16 ./wiseconnect3_sdk_3.4.1/components/device/silabs/si91x/mcu/drivers/unified_api/src/sl_si91x_driver_gpio.o
                0x0820b496                sl_si91x_gpio_driver_set_uulp_npss_pin_mux
 .text.sl_si91x_gpio_driver_select_uulp_npss_receiver
                0x0820b4ac       0x16 ./wiseconnect3_sdk_3.4.1/components/device/silabs/si91x/mcu/drivers/unified_api/src/sl_si91x_driver_gpio.o
                0x0820b4ac                sl_si91x_gpio_driver_select_uulp_npss_receiver
 *fill*         0x0820b4c2        0x2 
 .text.sl_gpio_set_configuration
                0x0820b4c4       0xdc ./wiseconnect3_sdk_3.4.1/components/device/silabs/si91x/mcu/drivers/unified_api/src/sl_si91x_driver_gpio.o
                0x0820b4c4                sl_gpio_set_configuration
 .text.sl_si91x_gpio_driver_clear_uulp_interrupt
                0x0820b5a0       0x12 ./wiseconnect3_sdk_3.4.1/components/device/silabs/si91x/mcu/drivers/unified_api/src/sl_si91x_driver_gpio.o
                0x0820b5a0                sl_si91x_gpio_driver_clear_uulp_interrupt
 *fill*         0x0820b5b2        0x2 
 .text.sl_si91x_gpio_driver_configure_uulp_interrupt
                0x0820b5b4       0x30 ./wiseconnect3_sdk_3.4.1/components/device/silabs/si91x/mcu/drivers/unified_api/src/sl_si91x_driver_gpio.o
                0x0820b5b4                sl_si91x_gpio_driver_configure_uulp_interrupt
 .text.sl_si91x_gpio_driver_clear_ulp_interrupt
                0x0820b5e4       0x12 ./wiseconnect3_sdk_3.4.1/components/device/silabs/si91x/mcu/drivers/unified_api/src/sl_si91x_driver_gpio.o
                0x0820b5e4                sl_si91x_gpio_driver_clear_ulp_interrupt
 .text.sl_si91x_gpio_driver_clear_ulp_group_interrupt
                0x0820b5f6       0x12 ./wiseconnect3_sdk_3.4.1/components/device/silabs/si91x/mcu/drivers/unified_api/src/sl_si91x_driver_gpio.o
                0x0820b5f6                sl_si91x_gpio_driver_clear_ulp_group_interrupt
 .text.sl_gpio_driver_init
                0x0820b608       0x94 ./wiseconnect3_sdk_3.4.1/components/device/silabs/si91x/mcu/drivers/unified_api/src/sl_si91x_driver_gpio.o
                0x0820b608                sl_gpio_driver_init
 .text.IRQ052_Handler
                0x0820b69c       0x18 ./wiseconnect3_sdk_3.4.1/components/device/silabs/si91x/mcu/drivers/unified_api/src/sl_si91x_driver_gpio.o
                0x0820b69c                IRQ052_Handler
 .text.IRQ053_Handler
                0x0820b6b4       0x18 ./wiseconnect3_sdk_3.4.1/components/device/silabs/si91x/mcu/drivers/unified_api/src/sl_si91x_driver_gpio.o
                0x0820b6b4                IRQ053_Handler
 .text.IRQ054_Handler
                0x0820b6cc       0x18 ./wiseconnect3_sdk_3.4.1/components/device/silabs/si91x/mcu/drivers/unified_api/src/sl_si91x_driver_gpio.o
                0x0820b6cc                IRQ054_Handler
 .text.IRQ055_Handler
                0x0820b6e4       0x18 ./wiseconnect3_sdk_3.4.1/components/device/silabs/si91x/mcu/drivers/unified_api/src/sl_si91x_driver_gpio.o
                0x0820b6e4                IRQ055_Handler
 .text.IRQ056_Handler
                0x0820b6fc       0x18 ./wiseconnect3_sdk_3.4.1/components/device/silabs/si91x/mcu/drivers/unified_api/src/sl_si91x_driver_gpio.o
                0x0820b6fc                IRQ056_Handler
 .text.IRQ057_Handler
                0x0820b714       0x18 ./wiseconnect3_sdk_3.4.1/components/device/silabs/si91x/mcu/drivers/unified_api/src/sl_si91x_driver_gpio.o
                0x0820b714                IRQ057_Handler
 .text.IRQ058_Handler
                0x0820b72c       0x18 ./wiseconnect3_sdk_3.4.1/components/device/silabs/si91x/mcu/drivers/unified_api/src/sl_si91x_driver_gpio.o
                0x0820b72c                IRQ058_Handler
 .text.IRQ059_Handler
                0x0820b744       0x18 ./wiseconnect3_sdk_3.4.1/components/device/silabs/si91x/mcu/drivers/unified_api/src/sl_si91x_driver_gpio.o
                0x0820b744                IRQ059_Handler
 .text.IRQ050_Handler
                0x0820b75c       0x18 ./wiseconnect3_sdk_3.4.1/components/device/silabs/si91x/mcu/drivers/unified_api/src/sl_si91x_driver_gpio.o
                0x0820b75c                IRQ050_Handler
 .text.IRQ051_Handler
                0x0820b774       0x18 ./wiseconnect3_sdk_3.4.1/components/device/silabs/si91x/mcu/drivers/unified_api/src/sl_si91x_driver_gpio.o
                0x0820b774                IRQ051_Handler
 .text.IRQ021_Handler
                0x0820b78c       0x68 ./wiseconnect3_sdk_3.4.1/components/device/silabs/si91x/mcu/drivers/unified_api/src/sl_si91x_driver_gpio.o
                0x0820b78c                IRQ021_Handler
 .text.IRQ018_Handler
                0x0820b7f4       0xa4 ./wiseconnect3_sdk_3.4.1/components/device/silabs/si91x/mcu/drivers/unified_api/src/sl_si91x_driver_gpio.o
                0x0820b7f4                IRQ018_Handler
 .text.IRQ019_Handler
                0x0820b898       0x3c ./wiseconnect3_sdk_3.4.1/components/device/silabs/si91x/mcu/drivers/unified_api/src/sl_si91x_driver_gpio.o
                0x0820b898                IRQ019_Handler
 .text.callback_event_handler
                0x0820b8d4       0x48 ./wiseconnect3_sdk_3.4.1/components/device/silabs/si91x/mcu/drivers/unified_api/src/sl_si91x_ssi.o
 .text.convert_arm_to_sl_error_code
                0x0820b91c       0x14 ./wiseconnect3_sdk_3.4.1/components/device/silabs/si91x/mcu/drivers/unified_api/src/sl_si91x_ssi.o
 .text.validate_ssi_handle
                0x0820b930       0x28 ./wiseconnect3_sdk_3.4.1/components/device/silabs/si91x/mcu/drivers/unified_api/src/sl_si91x_ssi.o
 .text.sl_si91x_ssi_set_fifo_threshold
                0x0820b958       0x30 ./wiseconnect3_sdk_3.4.1/components/device/silabs/si91x/mcu/drivers/unified_api/src/sl_si91x_ssi.o
 .text.sl_si91x_ssi_init
                0x0820b988       0x98 ./wiseconnect3_sdk_3.4.1/components/device/silabs/si91x/mcu/drivers/unified_api/src/sl_si91x_ssi.o
                0x0820b988                sl_si91x_ssi_init
 .text.sl_si91x_ssi_set_configuration
                0x0820ba20       0xc0 ./wiseconnect3_sdk_3.4.1/components/device/silabs/si91x/mcu/drivers/unified_api/src/sl_si91x_ssi.o
                0x0820ba20                sl_si91x_ssi_set_configuration
 .text.sl_si91x_ssi_receive_data
                0x0820bae0       0x50 ./wiseconnect3_sdk_3.4.1/components/device/silabs/si91x/mcu/drivers/unified_api/src/sl_si91x_ssi.o
                0x0820bae0                sl_si91x_ssi_receive_data
 .text.sl_si91x_ssi_register_event_callback