Archive member included to satisfy reference by file (symbol)

c:/siliconlabs/simplicitystudio/v5/developer/toolchains/gnu_arm/12.2.rel1_2023.7/bin/../lib/gcc/arm-none-eabi/12.2.1/thumb/v7e-m+fp/softfp\libgcc.a(_arm_muldf3.o)
                              ./wiseconnect3_sdk_3.4.1/components/device/silabs/si91x/mcu/drivers/unified_api/src/sl_si91x_bjt_temperature_sensor.o (__aeabi_dmul)
c:/siliconlabs/simplicitystudio/v5/developer/toolchains/gnu_arm/12.2.rel1_2023.7/bin/../lib/gcc/arm-none-eabi/12.2.1/thumb/v7e-m+fp/softfp\libgcc.a(_arm_addsubdf3.o)
                              ./wiseconnect3_sdk_3.4.1/components/device/silabs/si91x/mcu/drivers/peripheral_drivers/src/clock_update.o (__aeabi_dadd)
c:/siliconlabs/simplicitystudio/v5/developer/toolchains/gnu_arm/12.2.rel1_2023.7/bin/../lib/gcc/arm-none-eabi/12.2.1/thumb/v7e-m+fp/softfp\libgcc.a(_arm_muldivdf3.o)
                              ./wiseconnect3_sdk_3.4.1/components/device/silabs/si91x/mcu/drivers/peripheral_drivers/src/clock_update.o (__aeabi_ddiv)
c:/siliconlabs/simplicitystudio/v5/developer/toolchains/gnu_arm/12.2.rel1_2023.7/bin/../lib/gcc/arm-none-eabi/12.2.1/thumb/v7e-m+fp/softfp\libgcc.a(_arm_cmpdf2.o)
                              ./wiseconnect3_sdk_3.4.1/components/device/silabs/si91x/mcu/drivers/peripheral_drivers/src/rsi_adc.o (__aeabi_dcmplt)
c:/siliconlabs/simplicitystudio/v5/developer/toolchains/gnu_arm/12.2.rel1_2023.7/bin/../lib/gcc/arm-none-eabi/12.2.1/thumb/v7e-m+fp/softfp\libgcc.a(_arm_fixunsdfsi.o)
                              ./wiseconnect3_sdk_3.4.1/components/device/silabs/si91x/mcu/drivers/peripheral_drivers/src/clock_update.o (__aeabi_d2uiz)
c:/siliconlabs/simplicitystudio/v5/developer/toolchains/gnu_arm/12.2.rel1_2023.7/bin/../lib/gcc/arm-none-eabi/12.2.1/thumb/v7e-m+fp/softfp\libgcc.a(_aeabi_ldivmod.o)
                              ./simplicity_sdk_2024.12.2/platform/service/sleeptimer/src/sl_sleeptimer.o (__aeabi_ldivmod)
c:/siliconlabs/simplicitystudio/v5/developer/toolchains/gnu_arm/12.2.rel1_2023.7/bin/../lib/gcc/arm-none-eabi/12.2.1/thumb/v7e-m+fp/softfp\libgcc.a(_aeabi_uldivmod.o)
                              ./simplicity_sdk_2024.12.2/platform/service/sleeptimer/src/sl_sleeptimer.o (__aeabi_uldivmod)
c:/siliconlabs/simplicitystudio/v5/developer/toolchains/gnu_arm/12.2.rel1_2023.7/bin/../lib/gcc/arm-none-eabi/12.2.1/thumb/v7e-m+fp/softfp\libgcc.a(_udivmoddi4.o)
                              c:/siliconlabs/simplicitystudio/v5/developer/toolchains/gnu_arm/12.2.rel1_2023.7/bin/../lib/gcc/arm-none-eabi/12.2.1/thumb/v7e-m+fp/softfp\libgcc.a(_aeabi_ldivmod.o) (__udivmoddi4)
c:/siliconlabs/simplicitystudio/v5/developer/toolchains/gnu_arm/12.2.rel1_2023.7/bin/../lib/gcc/arm-none-eabi/12.2.1/thumb/v7e-m+fp/softfp\libgcc.a(_dvmd_tls.o)
                              c:/siliconlabs/simplicitystudio/v5/developer/toolchains/gnu_arm/12.2.rel1_2023.7/bin/../lib/gcc/arm-none-eabi/12.2.1/thumb/v7e-m+fp/softfp\libgcc.a(_aeabi_ldivmod.o) (__aeabi_ldiv0)
c:/siliconlabs/simplicitystudio/v5/developer/toolchains/gnu_arm/12.2.rel1_2023.7/bin/../lib/gcc/arm-none-eabi/12.2.1/thumb/v7e-m+fp/softfp\libc_nano.a(libc_a-exit.o)
                              c:/siliconlabs/simplicitystudio/v5/developer/toolchains/gnu_arm/12.2.rel1_2023.7/bin/../lib/gcc/arm-none-eabi/12.2.1/thumb/v7e-m+fp/softfp/crt0.o (exit)
c:/siliconlabs/simplicitystudio/v5/developer/toolchains/gnu_arm/12.2.rel1_2023.7/bin/../lib/gcc/arm-none-eabi/12.2.1/thumb/v7e-m+fp/softfp\libc_nano.a(libc_a-malloc.o)
                              ./simplicity_sdk_2024.12.2/util/third_party/freertos/kernel/portable/MemMang/heap_3.o (malloc)
c:/siliconlabs/simplicitystudio/v5/developer/toolchains/gnu_arm/12.2.rel1_2023.7/bin/../lib/gcc/arm-none-eabi/12.2.1/thumb/v7e-m+fp/softfp\libc_nano.a(libc_a-mallocr.o)
                              c:/siliconlabs/simplicitystudio/v5/developer/toolchains/gnu_arm/12.2.rel1_2023.7/bin/../lib/gcc/arm-none-eabi/12.2.1/thumb/v7e-m+fp/softfp\libc_nano.a(libc_a-malloc.o) (_malloc_r)
c:/siliconlabs/simplicitystudio/v5/developer/toolchains/gnu_arm/12.2.rel1_2023.7/bin/../lib/gcc/arm-none-eabi/12.2.1/thumb/v7e-m+fp/softfp\libc_nano.a(libc_a-mlock.o)
                              c:/siliconlabs/simplicitystudio/v5/developer/toolchains/gnu_arm/12.2.rel1_2023.7/bin/../lib/gcc/arm-none-eabi/12.2.1/thumb/v7e-m+fp/softfp\libc_nano.a(libc_a-mallocr.o) (__malloc_lock)
c:/siliconlabs/simplicitystudio/v5/developer/toolchains/gnu_arm/12.2.rel1_2023.7/bin/../lib/gcc/arm-none-eabi/12.2.1/thumb/v7e-m+fp/softfp\libc_nano.a(libc_a-nano-vfprintf_float.o)
                              (_printf_float)
c:/siliconlabs/simplicitystudio/v5/developer/toolchains/gnu_arm/12.2.rel1_2023.7/bin/../lib/gcc/arm-none-eabi/12.2.1/thumb/v7e-m+fp/softfp\libc_nano.a(libc_a-nano-vfprintf_i.o)
[...]
Memory Configuration

Name             Origin             Length             Attributes
rom              0x08202000         0x001fe000         xr
ram              0x0000000c         0x0002fbf4         xrw
udma0            0x0002fc00         0x00000400         xrw
udma1            0x24061c00         0x00000400         xrw
*default*        0x00000000         0xffffffff

Linker script and memory map

LOAD c:/siliconlabs/simplicitystudio/v5/developer/toolchains/gnu_arm/12.2.rel1_2023.7/bin/../lib/gcc/arm-none-eabi/12.2.1/thumb/v7e-m+fp/softfp/crti.o
LOAD c:/siliconlabs/simplicitystudio/v5/developer/toolchains/gnu_arm/12.2.rel1_2023.7/bin/../lib/gcc/arm-none-eabi/12.2.1/thumb/v7e-m+fp/softfp/crtbegin.o
LOAD c:/siliconlabs/simplicitystudio/v5/developer/toolchains/gnu_arm/12.2.rel1_2023.7/bin/../lib/gcc/arm-none-eabi/12.2.1/thumb/v7e-m+fp/softfp/crt0.o
START GROUP
LOAD ./app.o
LOAD ./button_baremetal.o
LOAD ./gpio_example.o
LOAD ./main.o
LOAD ./spi_app_layer.o
LOAD ./wake_device.o
LOAD ./autogen/sl_event_handler.o
LOAD ./autogen/sl_si91x_button_instances.o
LOAD ./autogen/sl_si91x_led_instances.o
LOAD ./simplicity_sdk_2024.12.2/platform/CMSIS/RTOS2/Source/os_systick.o
LOAD ./simplicity_sdk_2024.12.2/platform/common/src/sl_assert.o
LOAD ./simplicity_sdk_2024.12.2/platform/common/src/sl_cmsis_os2_common.o
LOAD ./simplicity_sdk_2024.12.2/platform/common/src/sl_core_cortexm.o
LOAD ./simplicity_sdk_2024.12.2/platform/common/src/sl_syscalls.o
LOAD ./simplicity_sdk_2024.12.2/platform/service/sleeptimer/src/sl_sleeptimer.o
LOAD ./simplicity_sdk_2024.12.2/platform/service/system/src/sl_system_init.o
LOAD ./simplicity_sdk_2024.12.2/platform/service/system/src/sl_system_kernel.o
LOAD ./simplicity_sdk_2024.12.2/util/third_party/freertos/cmsis/Source/cmsis_os2.o
LOAD ./simplicity_sdk_2024.12.2/util/third_party/freertos/kernel/croutine.o
LOAD ./simplicity_sdk_2024.12.2/util/third_party/freertos/kernel/event_groups.o
LOAD ./simplicity_sdk_2024.12.2/util/third_party/freertos/kernel/list.o
LOAD ./simplicity_sdk_2024.12.2/util/third_party/freertos/kernel/queue.o
LOAD ./simplicity_sdk_2024.12.2/util/third_party/freertos/kernel/stream_buffer.o
LOAD ./simplicity_sdk_2024.12.2/util/third_party/freertos/kernel/tasks.o
LOAD ./simplicity_sdk_2024.12.2/util/third_party/freertos/kernel/timers.o
LOAD ./simplicity_sdk_2024.12.2/util/third_party/freertos/kernel/portable/GCC/ARM_CM4F/port.o
LOAD ./simplicity_sdk_2024.12.2/util/third_party/freertos/kernel/portable/MemMang/heap_3.o
LOAD ./wiseconnect3_sdk_3.4.1/components/board/silabs/src/rsi_board.o
LOAD ./wiseconnect3_sdk_3.4.1/components/device/silabs/si91x/mcu/core/chip/src/iPMU_prog/iPMU_dotc/ipmu_apis.o
LOAD ./wiseconnect3_sdk_3.4.1/components/device/silabs/si91x/mcu/core/chip/src/iPMU_prog/iPMU_dotc/rsi_system_config_917.o
LOAD ./wiseconnect3_sdk_3.4.1/components/device/silabs/si91x/mcu/core/chip/src/rsi_deepsleep_soc.o
LOAD ./wiseconnect3_sdk_3.4.1/components/device/silabs/si91x/mcu/core/chip/src/rsi_ps_ram_func.o
LOAD ./wiseconnect3_sdk_3.4.1/components/device/silabs/si91x/mcu/core/chip/src/startup_si91x.o
LOAD ./wiseconnect3_sdk_3.4.1/components/device/silabs/si91x/mcu/core/chip/src/system_si91x.o
LOAD ./wiseconnect3_sdk_3.4.1/components/device/silabs/si91x/mcu/core/common/src/rsi_debug.o
LOAD ./wiseconnect3_sdk_3.4.1/components/device/silabs/si91x/mcu/core/common/src/sl_si91x_stack_object_declare.o
LOAD ./wiseconnect3_sdk_3.4.1/components/device/silabs/si91x/mcu/core/common/src/syscalls.o
LOAD ./wiseconnect3_sdk_3.4.1/components/device/silabs/si91x/mcu/core/config/src/rsi_nvic_priorities_config.o
LOAD ./wiseconnect3_sdk_3.4.1/components/device/silabs/si91x/mcu/drivers/cmsis_driver/SPI.o
LOAD ./wiseconnect3_sdk_3.4.1/components/device/silabs/si91x/mcu/drivers/cmsis_driver/UDMA.o
LOAD ./wiseconnect3_sdk_3.4.1/components/device/silabs/si91x/mcu/drivers/cmsis_driver/USART.o
LOAD ./wiseconnect3_sdk_3.4.1/components/device/silabs/si91x/mcu/drivers/hardware_drivers/button/src/sl_si91x_button.o
LOAD ./wiseconnect3_sdk_3.4.1/components/device/silabs/si91x/mcu/drivers/hardware_drivers/led/src/sl_si91x_led.o
LOAD ./wiseconnect3_sdk_3.4.1/components/device/silabs/si91x/mcu/drivers/peripheral_drivers/src/aux_reference_volt_config.o
LOAD ./wiseconnect3_sdk_3.4.1/components/device/silabs/si91x/mcu/drivers/peripheral_drivers/src/clock_update.o
LOAD ./wiseconnect3_sdk_3.4.1/components/device/silabs/si91x/mcu/drivers/peripheral_drivers/src/rsi_adc.o
LOAD ./wiseconnect3_sdk_3.4.1/components/device/silabs/si91x/mcu/drivers/peripheral_drivers/src/rsi_crc.o
LOAD ./wiseconnect3_sdk_3.4.1/components/device/silabs/si91x/mcu/drivers/peripheral_drivers/src/rsi_dac.o
LOAD ./wiseconnect3_sdk_3.4.1/components/device/silabs/si91x/mcu/drivers/peripheral_drivers/src/rsi_egpio.o
LOAD ./wiseconnect3_sdk_3.4.1/components/device/silabs/si91x/mcu/drivers/peripheral_drivers/src/rsi_opamp.o
LOAD ./wiseconnect3_sdk_3.4.1/components/device/silabs/si91x/mcu/drivers/peripheral_drivers/src/rsi_spi.o
LOAD ./wiseconnect3_sdk_3.4.1/components/device/silabs/si91x/mcu/drivers/peripheral_drivers/src/rsi_sysrtc.o
LOAD ./wiseconnect3_sdk_3.4.1/components/device/silabs/si91x/mcu/drivers/peripheral_drivers/src/rsi_udma.o
LOAD ./wiseconnect3_sdk_3.4.1/components/device/silabs/si91x/mcu/drivers/peripheral_drivers/src/rsi_udma_wrapper.o
LOAD ./wiseconnect3_sdk_3.4.1/components/device/silabs/si91x/mcu/drivers/peripheral_drivers/src/rsi_usart.o
LOAD ./wiseconnect3_sdk_3.4.1/components/device/silabs/si91x/mcu/drivers/rom_driver/src/rsi_rom_table_si91x.o
LOAD ./wiseconnect3_sdk_3.4.1/components/device/silabs/si91x/mcu/drivers/service/clock_manager/src/sl_si91x_clock_manager.o
LOAD ./wiseconnect3_sdk_3.4.1/components/device/silabs/si91x/mcu/drivers/service/sleeptimer/src/sl_sleeptimer_hal_si91x_sysrtc.o
LOAD ./wiseconnect3_sdk_3.4.1/components/device/silabs/si91x/mcu/drivers/systemlevel/src/rsi_bod.o
LOAD ./wiseconnect3_sdk_3.4.1/components/device/silabs/si91x/mcu/drivers/systemlevel/src/rsi_ipmu.o
LOAD ./wiseconnect3_sdk_3.4.1/components/device/silabs/si91x/mcu/drivers/systemlevel/src/rsi_pll.o
LOAD ./wiseconnect3_sdk_3.4.1/components/device/silabs/si91x/mcu/drivers/systemlevel/src/rsi_rtc.o
LOAD ./wiseconnect3_sdk_3.4.1/components/device/silabs/si91x/mcu/drivers/systemlevel/src/rsi_temp_sensor.o
LOAD ./wiseconnect3_sdk_3.4.1/components/device/silabs/si91x/mcu/drivers/systemlevel/src/rsi_time_period.o
LOAD ./wiseconnect3_sdk_3.4.1/components/device/silabs/si91x/mcu/drivers/systemlevel/src/rsi_ulpss_clk.o
LOAD ./wiseconnect3_sdk_3.4.1/components/device/silabs/si91x/mcu/drivers/unified_api/src/sl_si91x_adc.o
LOAD ./wiseconnect3_sdk_3.4.1/components/device/silabs/si91x/mcu/drivers/unified_api/src/sl_si91x_bjt_temperature_sensor.o
LOAD ./wiseconnect3_sdk_3.4.1/components/device/silabs/si91x/mcu/drivers/unified_api/src/sl_si91x_dma.o
LOAD ./wiseconnect3_sdk_3.4.1/components/device/silabs/si91x/mcu/drivers/unified_api/src/sl_si91x_driver_gpio.o
LOAD ./wiseconnect3_sdk_3.4.1/components/device/silabs/si91x/mcu/drivers/unified_api/src/sl_si91x_ssi.o
LOAD ./wiseconnect3_sdk_3.4.1/components/device/silabs/si91x/mcu/drivers/unified_peripheral_drivers/src/sl_si91x_peripheral_gpio.o
LOAD c:/siliconlabs/simplicitystudio/v5/developer/toolchains/gnu_arm/12.2.rel1_2023.7/bin/../lib/gcc/arm-none-eabi/12.2.1/thumb/v7e-m+fp/softfp\libgcc.a
LOAD c:/siliconlabs/simplicitystudio/v5/developer/toolchains/gnu_arm/12.2.rel1_2023.7/bin/../lib/gcc/arm-none-eabi/12.2.1/thumb/v7e-m+fp/softfp\libnosys.a
LOAD c:/siliconlabs/simplicitystudio/v5/developer/toolchains/gnu_arm/12.2.rel1_2023.7/bin/../lib/gcc/arm-none-eabi/12.2.1/thumb/v7e-m+fp/softfp\libc_nano.a
LOAD c:/siliconlabs/simplicitystudio/v5/developer/toolchains/gnu_arm/12.2.rel1_2023.7/bin/../lib/gcc/arm-none-eabi/12.2.1/thumb/v7e-m+fp/softfp\libm.a
END GROUP
START GROUP
LOAD c:/siliconlabs/simplicitystudio/v5/developer/toolchains/gnu_arm/12.2.rel1_2023.7/bin/../lib/gcc/arm-none-eabi/12.2.1/thumb/v7e-m+fp/softfp\libgcc.a
LOAD c:/siliconlabs/simplicitystudio/v5/developer/toolchains/gnu_arm/12.2.rel1_2023.7/bin/../lib/gcc/arm-none-eabi/12.2.1/thumb/v7e-m+fp/softfp\libc_nano.a
LOAD c:/siliconlabs/simplicitystudio/v5/developer/toolchains/gnu_arm/12.2.rel1_2023.7/bin/../lib/gcc/arm-none-eabi/12.2.1/thumb/v7e-m+fp/softfp\libnosys.a
END GROUP
START GROUP
LOAD c:/siliconlabs/simplicitystudio/v5/developer/toolchains/gnu_arm/12.2.rel1_2023.7/bin/../lib/gcc/arm-none-eabi/12.2.1/thumb/v7e-m+fp/softfp\libgcc.a
LOAD c:/siliconlabs/simplicitystudio/v5/developer/toolchains/gnu_arm/12.2.rel1_2023.7/bin/../lib/gcc/arm-none-eabi/12.2.1/thumb/v7e-m+fp/softfp\libg_nano.a
LOAD c:/siliconlabs/simplicitystudio/v5/developer/toolchains/gnu_arm/12.2.rel1_2023.7/bin/../lib/gcc/arm-none-eabi/12.2.1/thumb/v7e-m+fp/softfp\libc_nano.a
END GROUP
START GROUP
LOAD c:/siliconlabs/simplicitystudio/v5/developer/toolchains/gnu_arm/12.2.rel1_2023.7/bin/../lib/gcc/arm-none-eabi/12.2.1/thumb/v7e-m+fp/softfp\libgcc.a
LOAD c:/siliconlabs/simplicitystudio/v5/developer/toolchains/gnu_arm/12.2.rel1_2023.7/bin/../lib/gcc/arm-none-eabi/12.2.1/thumb/v7e-m+fp/softfp\libc_nano.a
END GROUP
LOAD c:/siliconlabs/simplicitystudio/v5/developer/toolchains/gnu_arm/12.2.rel1_2023.7/bin/../lib/gcc/arm-none-eabi/12.2.1/thumb/v7e-m+fp/softfp/crtend.o
LOAD c:/siliconlabs/simplicitystudio/v5/developer/toolchains/gnu_arm/12.2.rel1_2023.7/bin/../lib/gcc/arm-none-eabi/12.2.1/thumb/v7e-m+fp/softfp/crtn.o

.text           0x08202000     0xe6c0
 *(.isr_vector)
 .isr_vector    0x08202000      0x16c ./wiseconnect3_sdk_3.4.1/components/device/silabs/si91x/mcu/core/chip/src/startup_si91x.o
                0x08202000                __Vectors
                0x08202180                . = ALIGN (0x20)
 *fill*         0x0820216c       0x14 
 *(EXCLUDE_FILE(*tasks.o *UDMA.o) .text*)
 .text.deregister_tm_clones
                0x08202180       0x1c c:/siliconlabs/simplicitystudio/v5/developer/toolchains/gnu_arm/12.2.rel1_2023.7/bin/../lib/gcc/arm-none-eabi/12.2.1/thumb/v7e-m+fp/softfp/crtbegin.o
 .text.register_tm_clones
                0x0820219c       0x24 c:/siliconlabs/simplicitystudio/v5/developer/toolchains/gnu_arm/12.2.rel1_2023.7/bin/../lib/gcc/arm-none-eabi/12.2.1/thumb/v7e-m+fp/softfp/crtbegin.o
 .text.__do_global_dtors_aux
                0x082021c0       0x28 c:/siliconlabs/simplicitystudio/v5/developer/toolchains/gnu_arm/12.2.rel1_2023.7/bin/../lib/gcc/arm-none-eabi/12.2.1/thumb/v7e-m+fp/softfp/crtbegin.o
 .text.frame_dummy
                0x082021e8       0x24 c:/siliconlabs/simplicitystudio/v5/developer/toolchains/gnu_arm/12.2.rel1_2023.7/bin/../lib/gcc/arm-none-eabi/12.2.1/thumb/v7e-m+fp/softfp/crtbegin.o
 .text.app_init
                0x0820220c       0x58 ./app.o
                0x0820220c                app_init
 .text.sl_si91x_button_isr
                0x08202264       0x28 ./button_baremetal.o
                0x08202264                sl_si91x_button_isr
 .text.gpio_example_init
                0x0820228c       0x7c ./gpio_example.o
                0x0820228c                gpio_example_init
 .text.startup.main
                0x08202308       0x12 ./main.o
                0x08202308                main
 *fill*         0x0820231a        0x2 
 .text.ring_buffer_put
                0x0820231c       0x20 ./spi_app_layer.o
                0x0820231c                ring_buffer_put
 .text.ssi_isr  0x0820233c       0x78 ./spi_app_layer.o
 .text.ring_buffer_get
                0x082023b4       0x38 ./spi_app_layer.o
                0x082023b4                ring_buffer_get
 .text.init_spi_slave
                0x082023ec       0x6c ./spi_app_layer.o
                0x082023ec                init_spi_slave
 .text.read_spi
                0x08202458       0x30 ./spi_app_layer.o
                0x08202458                read_spi
 .text.send_spi
                0x08202488       0x38 ./spi_app_layer.o
                0x08202488                send_spi
 .text.validate_checksum
                0x082024c0       0x3a ./spi_app_layer.o
                0x082024c0                validate_checksum
 *fill*         0x082024fa        0x2 
 .text.process_frame
                0x082024fc       0x44 ./spi_app_layer.o
                0x082024fc                process_frame
 .text.spi_rx_handler
                0x08202540       0x74 ./spi_app_layer.o
                0x08202540                spi_rx_handler
 .text.spi_rx_task
                0x082025b4       0x6c ./spi_app_layer.o
                0x082025b4                spi_rx_task
 .text.sl_platform_init
                0x08202620       0x1e ./autogen/sl_event_handler.o
                0x08202620                sl_platform_init
 .text.sl_kernel_start
                0x0820263e        0x4 ./autogen/sl_event_handler.o
                0x0820263e                sl_kernel_start
 .text.sl_driver_init
                0x08202642        0xe ./autogen/sl_event_handler.o
                0x08202642                sl_driver_init
 .text.sl_service_init
                0x08202650        0x4 ./autogen/sl_event_handler.o
                0x08202650                sl_service_init
 .text.sl_stack_init
                0x08202654        0x2 ./autogen/sl_event_handler.o
                0x08202654                sl_stack_init
 .text.sl_internal_app_init
                0x08202656        0x2 ./autogen/sl_event_handler.o
                0x08202656                sl_internal_app_init
 .text.button_init_instances
                0x08202658        0xc ./autogen/sl_si91x_button_instances.o
                0x08202658                button_init_instances
 .text.led_init_instances
                0x08202664        0xc ./autogen/sl_si91x_led_instances.o
                0x08202664                led_init_instances
 .text.CORE_EnterCritical
                0x08202670        0x8 ./simplicity_sdk_2024.12.2/platform/common/src/sl_core_cortexm.o
                0x08202670                CORE_EnterCritical
 .text.CORE_ExitCritical
                0x08202678        0xa ./simplicity_sdk_2024.12.2/platform/common/src/sl_core_cortexm.o
                0x08202678                CORE_ExitCritical
 .text.CORE_EnterAtomic
                0x08202682        0xc ./simplicity_sdk_2024.12.2/platform/common/src/sl_core_cortexm.o
                0x08202682                CORE_EnterAtomic
 .text.CORE_ExitAtomic
                0x0820268e        0xa ./simplicity_sdk_2024.12.2/platform/common/src/sl_core_cortexm.o
                0x0820268e                CORE_ExitAtomic
 .text.delta_list_insert_timer
                0x08202698       0x40 ./simplicity_sdk_2024.12.2/platform/service/sleeptimer/src/sl_sleeptimer.o
 .text.update_delta_list
                0x082026d8       0x34 ./simplicity_sdk_2024.12.2/platform/service/sleeptimer/src/sl_sleeptimer.o
 .text.set_comparator_for_next_timer
                0x0820270c       0x64 ./simplicity_sdk_2024.12.2/platform/service/sleeptimer/src/sl_sleeptimer.o
 .text.delta_list_remove_timer
                0x08202770       0x3c ./simplicity_sdk_2024.12.2/platform/service/sleeptimer/src/sl_sleeptimer.o
 .text.sl_sleeptimer_init
                0x082027ac       0x74 ./simplicity_sdk_2024.12.2/platform/service/sleeptimer/src/sl_sleeptimer.o
                0x082027ac                sl_sleeptimer_init
 .text.process_timer_irq
                0x08202820      0x128 ./simplicity_sdk_2024.12.2/platform/service/sleeptimer/src/sl_sleeptimer.o
                0x08202820                process_timer_irq
 .text.sl_system_init
                0x08202948       0x1a ./simplicity_sdk_2024.12.2/platform/service/system/src/sl_system_init.o
                0x08202948                sl_system_init
 .text.sl_system_kernel_start
                0x08202962        0x4 ./simplicity_sdk_2024.12.2/platform/service/system/src/sl_system_kernel.o
                0x08202962                sl_system_kernel_start
 .text.SysTick_Handler
                0x08202966       0x1a ./simplicity_sdk_2024.12.2/util/third_party/freertos/cmsis/Source/cmsis_os2.o
                0x08202966                SysTick_Handler
 .text.osKernelInitialize
                0x08202980       0x34 ./simplicity_sdk_2024.12.2/util/third_party/freertos/cmsis/Source/cmsis_os2.o
                0x08202980                osKernelInitialize
 .text.osKernelGetState
                0x082029b4       0x20 ./simplicity_sdk_2024.12.2/util/third_party/freertos/cmsis/Source/cmsis_os2.o
                0x082029b4                osKernelGetState
 .text.osKernelStart
                0x082029d4       0x48 ./simplicity_sdk_2024.12.2/util/third_party/freertos/cmsis/Source/cmsis_os2.o
                0x082029d4                osKernelStart
 .text.osMutexNew
                0x08202a1c       0x94 ./simplicity_sdk_2024.12.2/util/third_party/freertos/cmsis/Source/cmsis_os2.o
                0x08202a1c                osMutexNew
 .text.osMutexAcquire
                0x08202ab0       0x60 ./simplicity_sdk_2024.12.2/util/third_party/freertos/cmsis/Source/cmsis_os2.o
                0x08202ab0                osMutexAcquire
 .text.osMutexRelease
                0x08202b10       0x58 ./simplicity_sdk_2024.12.2/util/third_party/freertos/cmsis/Source/cmsis_os2.o
                0x08202b10                osMutexRelease
 .text.vApplicationGetIdleTaskMemory
                0x08202b68       0x18 ./simplicity_sdk_2024.12.2/util/third_party/freertos/cmsis/Source/cmsis_os2.o
                0x08202b68                vApplicationGetIdleTaskMemory
 .text.vApplicationGetTimerTaskMemory
                0x08202b80       0x18 ./simplicity_sdk_2024.12.2/util/third_party/freertos/cmsis/Source/cmsis_os2.o
                0x08202b80                vApplicationGetTimerTaskMemory
 .text.vListInitialise
                0x08202b98       0x16 ./simplicity_sdk_2024.12.2/util/third_party/freertos/kernel/list.o
                0x08202b98                vListInitialise
 .text.vListInitialiseItem
                0x08202bae        0x6 ./simplicity_sdk_2024.12.2/util/third_party/freertos/kernel/list.o
                0x08202bae                vListInitialiseItem
 .text.vListInsertEnd
                0x08202bb4       0x16 ./simplicity_sdk_2024.12.2/util/third_party/freertos/kernel/list.o
                0x08202bb4                vListInsertEnd
 .text.vListInsert
                0x08202bca       0x2e ./simplicity_sdk_2024.12.2/util/third_party/freertos/kernel/list.o
                0x08202bca                vListInsert
 .text.uxListRemove
                0x08202bf8       0x20 ./simplicity_sdk_2024.12.2/util/third_party/freertos/kernel/list.o
                0x08202bf8                uxListRemove
 .text.prvIsQueueEmpty
                0x08202c18       0x16 ./simplicity_sdk_2024.12.2/util/third_party/freertos/kernel/queue.o
 .text.prvCopyDataToQueue
                0x08202c2e       0x66 ./simplicity_sdk_2024.12.2/util/third_party/freertos/kernel/queue.o
 .text.prvCopyDataFromQueue
                0x08202c94       0x2c ./simplicity_sdk_2024.12.2/util/third_party/freertos/kernel/queue.o
 .text.prvUnlockQueue
                0x08202cc0       0x70 ./simplicity_sdk_2024.12.2/util/third_party/freertos/kernel/queue.o
 .text.xQueueGenericReset
                0x08202d30       0x7e ./simplicity_sdk_2024.12.2/util/third_party/freertos/kernel/queue.o
                0x08202d30                xQueueGenericReset
 .text.xQueueGenericCreate.part.0
                0x08202dae       0x7a ./simplicity_sdk_2024.12.2/util/third_party/freertos/kernel/queue.o
 .text.xQueueGenericCreateStatic
                0x08202e28       0xa6 ./simplicity_sdk_2024.12.2/util/third_party/freertos/kernel/queue.o
                0x08202e28                xQueueGenericCreateStatic
 .text.xQueueGenericCreate
                0x08202ece       0x18 ./simplicity_sdk_2024.12.2/util/third_party/freertos/kernel/queue.o
                0x08202ece                xQueueGenericCreate
 .text.xQueueGenericSend
                0x08202ee6      0x178 ./simplicity_sdk_2024.12.2/util/third_party/freertos/kernel/queue.o
                0x08202ee6                xQueueGenericSend
 .text.xQueueCreateMutexStatic
                0x0820305e       0x2a ./simplicity_sdk_2024.12.2/util/third_party/freertos/kernel/queue.o
                0x0820305e                xQueueCreateMutexStatic
 .text.xQueueGiveMutexRecursive
                0x08203088       0x3e ./simplicity_sdk_2024.12.2/util/third_party/freertos/kernel/queue.o
                0x08203088                xQueueGiveMutexRecursive
 .text.xQueueCreateMutex
                0x082030c6       0x24 ./simplicity_sdk_2024.12.2/util/third_party/freertos/kernel/queue.o
                0x082030c6                xQueueCreateMutex
 .text.xQueueGenericSendFromISR
                0x082030ea       0xd0 ./simplicity_sdk_2024.12.2/util/third_party/freertos/kernel/queue.o
                0x082030ea                xQueueGenericSendFromISR
 .text.xQueueGiveFromISR
                0x082031ba       0xb8 ./simplicity_sdk_2024.12.2/util/third_party/freertos/kernel/queue.o
                0x082031ba                xQueueGiveFromISR
 .text.xQueueReceive
                0x08203272      0x13e ./simplicity_sdk_2024.12.2/util/third_party/freertos/kernel/queue.o
                0x08203272                xQueueReceive
 .text.xQueueSemaphoreTake
                0x082033b0      0x17a ./simplicity_sdk_2024.12.2/util/third_party/freertos/kernel/queue.o
                0x082033b0                xQueueSemaphoreTake
 .text.xQueueTakeMutexRecursive
                0x0820352a       0x42 ./simplicity_sdk_2024.12.2/util/third_party/freertos/kernel/queue.o
                0x0820352a                xQueueTakeMutexRecursive
 .text.vQueueAddToRegistry
                0x0820356c       0x24 ./simplicity_sdk_2024.12.2/util/third_party/freertos/kernel/queue.o
                0x0820356c                vQueueAddToRegistry
 .text.vQueueWaitForMessageRestricted
                0x08203590       0x46 ./simplicity_sdk_2024.12.2/util/third_party/freertos/kernel/queue.o
                0x08203590                vQueueWaitForMessageRestricted
 *fill*         0x082035d6        0x2 
 .text.prvInsertTimerInActiveList
                0x082035d8       0x3c ./simplicity_sdk_2024.12.2/util/third_party/freertos/kernel/timers.o
 .text.prvCheckForValidListAndQueue
                0x08203614       0x68 ./simplicity_sdk_2024.12.2/util/third_party/freertos/kernel/timers.o
 .text.xTimerCreateTimerTask
                0x0820367c       0x64 ./simplicity_sdk_2024.12.2/util/third_party/freertos/kernel/timers.o
                0x0820367c                xTimerCreateTimerTask
 .text.xTimerGenericCommand
                0x082036e0       0x58 ./simplicity_sdk_2024.12.2/util/third_party/freertos/kernel/timers.o
                0x082036e0                xTimerGenericCommand
 .text.prvSampleTimeNow
                0x08203738       0xa4 ./simplicity_sdk_2024.12.2/util/third_party/freertos/kernel/timers.o
 .text.prvTimerTask
                0x082037dc      0x1cc ./simplicity_sdk_2024.12.2/util/third_party/freertos/kernel/timers.o
 .text.prvPortStartFirstTask
                0x082039a8       0x28 ./simplicity_sdk_2024.12.2/util/third_party/freertos/kernel/portable/GCC/ARM_CM4F/port.o
 .text.vPortEnableVFP
                0x082039d0       0x14 ./simplicity_sdk_2024.12.2/util/third_party/freertos/kernel/portable/GCC/ARM_CM4F/port.o
 .text.prvTaskExitError
                0x082039e4       0x40 ./simplicity_sdk_2024.12.2/util/third_party/freertos/kernel/portable/GCC/ARM_CM4F/port.o
 .text.pxPortInitialiseStack
                0x08203a24       0x2c ./simplicity_sdk_2024.12.2/util/third_party/freertos/kernel/portable/GCC/ARM_CM4F/port.o
                0x08203a24                pxPortInitialiseStack
 .text.SVC_Handler
                0x08203a50       0x24 ./simplicity_sdk_2024.12.2/util/third_party/freertos/kernel/portable/GCC/ARM_CM4F/port.o
                0x08203a50                SVC_Handler
 .text.vPortEnterCritical
                0x08203a74       0x40 ./simplicity_sdk_2024.12.2/util/third_party/freertos/kernel/portable/GCC/ARM_CM4F/port.o
                0x08203a74                vPortEnterCritical
 .text.vPortExitCritical
                0x08203ab4       0x28 ./simplicity_sdk_2024.12.2/util/third_party/freertos/kernel/portable/GCC/ARM_CM4F/port.o
                0x08203ab4                vPortExitCritical
 *fill*         0x08203adc        0x4 
 .text.PendSV_Handler
                0x08203ae0       0x64 ./simplicity_sdk_2024.12.2/util/third_party/freertos/kernel/portable/GCC/ARM_CM4F/port.o
                0x08203ae0                PendSV_Handler
 .text.xPortSysTickHandler
                0x08203b44       0x2c ./simplicity_sdk_2024.12.2/util/third_party/freertos/kernel/portable/GCC/ARM_CM4F/port.o
                0x08203b44                xPortSysTickHandler
 .text.vPortSetupTimerInterrupt
                0x08203b70       0x24 ./simplicity_sdk_2024.12.2/util/third_party/freertos/kernel/portable/GCC/ARM_CM4F/port.o
                0x08203b70                vPortSetupTimerInterrupt
 .text.xPortStartScheduler
                0x08203b94      0x10c ./simplicity_sdk_2024.12.2/util/third_party/freertos/kernel/portable/GCC/ARM_CM4F/port.o
                0x08203b94                xPortStartScheduler
 .text.vPortValidateInterruptPriority
                0x08203ca0       0x5c ./simplicity_sdk_2024.12.2/util/third_party/freertos/kernel/portable/GCC/ARM_CM4F/port.o
                0x08203ca0                vPortValidateInterruptPriority
 .text.pvPortMalloc
                0x08203cfc       0x18 ./simplicity_sdk_2024.12.2/util/third_party/freertos/kernel/portable/MemMang/heap_3.o
                0x08203cfc                pvPortMalloc
 .text.vPortFree
                0x08203d14       0x1a ./simplicity_sdk_2024.12.2/util/third_party/freertos/kernel/portable/MemMang/heap_3.o
                0x08203d14                vPortFree
 *fill*         0x08203d2e        0x2 
 .text.RSI_Board_Init
                0x08203d30       0x5c ./wiseconnect3_sdk_3.4.1/components/board/silabs/src/rsi_board.o
                0x08203d30                RSI_Board_Init
 .text.init_ipmu_calib_data
                0x08203d8c       0x54 ./wiseconnect3_sdk_3.4.1/components/device/silabs/si91x/mcu/core/chip/src/iPMU_prog/iPMU_dotc/ipmu_apis.o
                0x08203d8c                init_ipmu_calib_data
 .text.program_ipmu_data
                0x08203de0       0x54 ./wiseconnect3_sdk_3.4.1/components/device/silabs/si91x/mcu/core/chip/src/iPMU_prog/iPMU_dotc/ipmu_apis.o
                0x08203de0                program_ipmu_data
 .text.ipmu_init_mcu
                0x08203e34       0x94 ./wiseconnect3_sdk_3.4.1/components/device/silabs/si91x/mcu/core/chip/src/iPMU_prog/iPMU_dotc/ipmu_apis.o
                0x08203e34                ipmu_init_mcu
 .text.ipmu_init
                0x08203ec8       0xa8 ./wiseconnect3_sdk_3.4.1/components/device/silabs/si91x/mcu/core/chip/src/iPMU_prog/iPMU_dotc/ipmu_apis.o
                0x08203ec8                ipmu_init
 .text.configure_ipmu_mode
                0x08203f70       0x38 ./wiseconnect3_sdk_3.4.1/components/device/silabs/si91x/mcu/core/chip/src/iPMU_prog/iPMU_dotc/ipmu_apis.o
                0x08203f70                configure_ipmu_mode
 .text.RSI_PS_RestoreCpuContext
                0x08203fa8       0x34 ./wiseconnect3_sdk_3.4.1/components/device/silabs/si91x/mcu/core/chip/src/rsi_deepsleep_soc.o
                0x08203fa8                RSI_PS_RestoreCpuContext
 .text.RSI_Set_Cntrls_To_M4
                0x08203fdc       0x50 ./wiseconnect3_sdk_3.4.1/components/device/silabs/si91x/mcu/core/chip/src/rsi_deepsleep_soc.o
                0x08203fdc                RSI_Set_Cntrls_To_M4
 .text.Default_Handler
                0x0820402c        0x2 ./wiseconnect3_sdk_3.4.1/components/device/silabs/si91x/mcu/core/chip/src/startup_si91x.o
                0x0820402c                DebugMon_Handler
                0x0820402c                IRQ031_Handler
                0x0820402c                HardFault_Handler
                0x0820402c                IRQ095_Handler
                0x0820402c                IRQ065_Handler
                0x0820402c                IRQ093_Handler
                0x0820402c                NMI_Handler
                0x0820402c                IRQ014_Handler
                0x0820402c                IRQ027_Handler
                0x0820402c                IRQ062_Handler
                0x0820402c                IRQ097_Handler
                0x0820402c                IRQ088_Handler
                0x0820402c                IRQ034_Handler
                0x0820402c                IRQ071_Handler
                0x0820402c                IRQ067_Handler
                0x0820402c                IRQ070_Handler
                0x0820402c                IRQ077_Handler
                0x0820402c                IRQ028_Handler
                0x0820402c                IRQ063_Handler
                0x0820402c                IRQ076_Handler
                0x0820402c                UsageFault_Handler
                0x0820402c                IRQ023_Handler
                0x0820402c                IRQ009_Handler
                0x0820402c                IRQ048_Handler
                0x0820402c                IRQ083_Handler
                0x0820402c                IRQ089_Handler
                0x0820402c                HIF1_IRQHandler
                0x0820402c                IRQ037_Handler
                0x0820402c                IRQ074_Handler
                0x0820402c                IRQ072_Handler
                0x0820402c                IRQ008_Handler
                0x0820402c                IRQ082_Handler
                0x0820402c                IRQ007_Handler
                0x0820402c                IRQ046_Handler
                0x0820402c                IRQ081_Handler
                0x0820402c                IRQ004_Handler
                0x0820402c                IRQ043_Handler
                0x0820402c                IRQ002_Handler
                0x0820402c                IRQ041_Handler
                0x0820402c                IRQ098_Handler
                0x0820402c                IRQ000_Handler
                0x0820402c                IRQ005_Handler
                0x0820402c                IRQ049_Handler
                0x0820402c                IRQ084_Handler
                0x0820402c                IRQ006_Handler
                0x0820402c                IRQ045_Handler
                0x0820402c                IRQ080_Handler
                0x0820402c                IRQ015_Handler
                0x0820402c                MemManage_Handler
                0x0820402c                HIF2_IRQHandler
                0x0820402c                IRQ001_Handler
                0x0820402c                IRQ040_Handler
                0x0820402c                IRQ068_Handler
                0x0820402c                IRQ096_Handler
                0x0820402c                IRQ003_Handler
                0x0820402c                IRQ042_Handler
                0x0820402c                IRQ024_Handler
                0x0820402c                IRQ090_Handler
                0x0820402c                IRQ078_Handler
                0x0820402c                IRQ032_Handler
                0x0820402c                IRQ020_Handler
                0x0820402c                IRQ073_Handler
                0x0820402c                IRQ092_Handler
                0x0820402c                IRQ087_Handler
                0x0820402c                IRQ026_Handler
                0x0820402c                IRQ061_Handler
                0x0820402c                IRQ025_Handler
                0x0820402c                IRQ060_Handler
                0x0820402c                IRQ085_Handler
                0x0820402c                IRQ013_Handler
                0x0820402c                IRQ030_Handler
                0x0820402c                IRQ029_Handler
                0x0820402c                IRQ064_Handler
                0x0820402c                IRQ066_Handler
                0x0820402c                IRQ017_Handler
                0x0820402c                IRQ091_Handler
                0x0820402c                BusFault_Handler
                0x0820402c                IRQ069_Handler
                0x0820402c                IRQ075_Handler
                0x0820402c                IRQ086_Handler
                0x0820402c                IRQ094_Handler
                0x0820402c                IRQ079_Handler
 .text.Default_Reset_Handler
                0x0820402e        0x2 ./wiseconnect3_sdk_3.4.1/components/device/silabs/si91x/mcu/core/chip/src/startup_si91x.o
                0x0820402e                Default_Reset_Handler
                0x0820402e                Reset_Handler
 .text.Copy_Table
                0x08204030       0x24 ./wiseconnect3_sdk_3.4.1/components/device/silabs/si91x/mcu/core/chip/src/startup_si91x.o
                0x08204030                Copy_Table
 .text.Zero_Table
                0x08204054       0x24 ./wiseconnect3_sdk_3.4.1/components/device/silabs/si91x/mcu/core/chip/src/startup_si91x.o
                0x08204054                Zero_Table
 .text.RSI_Default_Reset_Handler
                0x08204078       0x16 ./wiseconnect3_sdk_3.4.1/components/device/silabs/si91x/mcu/core/chip/src/startup_si91x.o
                0x08204078                RSI_Default_Reset_Handler
 *fill*         0x0820408e        0x2 
 .text.SystemCoreClockUpdate
                0x08204090      0x118 ./wiseconnect3_sdk_3.4.1/components/device/silabs/si91x/mcu/core/chip/src/system_si91x.o
                0x08204090                SystemCoreClockUpdate
 .text.fpuInit  0x082041a8       0x44 ./wiseconnect3_sdk_3.4.1/components/device/silabs/si91x/mcu/core/chip/src/system_si91x.o
                0x082041a8                fpuInit
 .text.SystemInit
                0x082041ec       0xe4 ./wiseconnect3_sdk_3.4.1/components/device/silabs/si91x/mcu/core/chip/src/system_si91x.o
                0x082041ec                SystemInit
 .text.ARM_UART_SignalEvent
                0x082042d0       0x24 ./wiseconnect3_sdk_3.4.1/components/device/silabs/si91x/mcu/core/common/src/rsi_debug.o
                0x082042d0                ARM_UART_SignalEvent
 .text.Board_Debug_Init
                0x082042f4       0x5c ./wiseconnect3_sdk_3.4.1/components/device/silabs/si91x/mcu/core/common/src/rsi_debug.o
                0x082042f4                Board_Debug_Init
 .text.Board_UARTGetChar
                0x08204350       0x30 ./wiseconnect3_sdk_3.4.1/components/device/silabs/si91x/mcu/core/common/src/rsi_debug.o
                0x08204350                Board_UARTGetChar
 .text.Board_UARTPutChar
                0x08204380       0x30 ./wiseconnect3_sdk_3.4.1/components/device/silabs/si91x/mcu/core/common/src/rsi_debug.o
                0x08204380                Board_UARTPutChar
 .text.read_exclude_space
                0x082043b0       0x20 ./wiseconnect3_sdk_3.4.1/components/device/silabs/si91x/mcu/core/common/src/syscalls.o
 .text._getpid  0x082043d0        0x4 ./wiseconnect3_sdk_3.4.1/components/device/silabs/si91x/mcu/core/common/src/syscalls.o
                0x082043d0                _getpid
 .text._kill    0x082043d4       0x10 ./wiseconnect3_sdk_3.4.1/components/device/silabs/si91x/mcu/core/common/src/syscalls.o
                0x082043d4                _kill
 .text._exit    0x082043e4        0xc ./wiseconnect3_sdk_3.4.1/components/device/silabs/si91x/mcu/core/common/src/syscalls.o
                0x082043e4                _exit
 .text._write   0x082043f0       0x44 ./wiseconnect3_sdk_3.4.1/components/device/silabs/si91x/mcu/core/common/src/syscalls.o
                0x082043f0                _write
 .text._close   0x08204434        0x6 ./wiseconnect3_sdk_3.4.1/components/device/silabs/si91x/mcu/core/common/src/syscalls.o
                0x08204434                _close
 .text._fstat   0x0820443a        0xa ./wiseconnect3_sdk_3.4.1/components/device/silabs/si91x/mcu/core/common/src/syscalls.o
                0x0820443a                _fstat
 .text._isatty  0x08204444        0x4 ./wiseconnect3_sdk_3.4.1/components/device/silabs/si91x/mcu/core/common/src/syscalls.o
                0x08204444                _isatty
 .text._lseek   0x08204448        0x4 ./wiseconnect3_sdk_3.4.1/components/device/silabs/si91x/mcu/core/common/src/syscalls.o
                0x08204448                _lseek
 .text._read    0x0820444c      0x30c ./wiseconnect3_sdk_3.4.1/components/device/silabs/si91x/mcu/core/common/src/syscalls.o
                0x0820444c                _read
 .text.sl_si91x_device_init_nvic
                0x08204758       0x18 ./wiseconnect3_sdk_3.4.1/components/device/silabs/si91x/mcu/core/config/src/rsi_nvic_priorities_config.o
                0x08204758                sl_si91x_device_init_nvic
 .text.SPI_GetVersion
                0x08204770       0x20 ./wiseconnect3_sdk_3.4.1/components/device/silabs/si91x/mcu/drivers/cmsis_driver/SPI.o
                0x08204770                SPI_GetVersion
 .text.SPI_GetCapabilities
                0x08204790        0x4 ./wiseconnect3_sdk_3.4.1/components/device/silabs/si91x/mcu/drivers/cmsis_driver/SPI.o
                0x08204790                SPI_GetCapabilities
 .text.SSI_MASTER_GetStatus
                0x08204794        0xc ./wiseconnect3_sdk_3.4.1/components/device/silabs/si91x/mcu/drivers/cmsis_driver/SPI.o
 .text.SSI_SLAVE_GetStatus
                0x082047a0        0xc ./wiseconnect3_sdk_3.4.1/components/device/silabs/si91x/mcu/drivers/cmsis_driver/SPI.o
 .text.SSI_ULP_MASTER_GetStatus
                0x082047ac        0xc ./wiseconnect3_sdk_3.4.1/components/device/silabs/si91x/mcu/drivers/cmsis_driver/SPI.o
 .text.SSI_SLAVE_Control
                0x082047b8       0x18 ./wiseconnect3_sdk_3.4.1/components/device/silabs/si91x/mcu/drivers/cmsis_driver/SPI.o
 .text.SSI_MASTER_Control
                0x082047d0       0x3c ./wiseconnect3_sdk_3.4.1/components/device/silabs/si91x/mcu/drivers/cmsis_driver/SPI.o
 .text.SSI_ULP_MASTER_Control
                0x0820480c       0x3c ./wiseconnect3_sdk_3.4.1/components/device/silabs/si91x/mcu/drivers/cmsis_driver/SPI.o
 .text.SSI_MASTER_GetDataCount
                0x08204848        0xc ./wiseconnect3_sdk_3.4.1/components/device/silabs/si91x/mcu/drivers/cmsis_driver/SPI.o
 .text.SSI_SLAVE_GetDataCount
                0x08204854        0xc ./wiseconnect3_sdk_3.4.1/components/device/silabs/si91x/mcu/drivers/cmsis_driver/SPI.o
 .text.SSI_ULP_MASTER_GetDataCount
                0x08204860        0xc ./wiseconnect3_sdk_3.4.1/components/device/silabs/si91x/mcu/drivers/cmsis_driver/SPI.o
 .text.SSI_MASTER_Transfer
                0x0820486c       0x2c ./wiseconnect3_sdk_3.4.1/components/device/silabs/si91x/mcu/drivers/cmsis_driver/SPI.o
 .text.SSI_SLAVE_Transfer
                0x08204898       0x2c ./wiseconnect3_sdk_3.4.1/components/device/silabs/si91x/mcu/drivers/cmsis_driver/SPI.o
 .text.SSI_ULP_MASTER_Transfer
                0x082048c4       0x2c ./wiseconnect3_sdk_3.4.1/components/device/silabs/si91x/mcu/drivers/cmsis_driver/SPI.o
 .text.SSI_MASTER_Receive
                0x082048f0       0x2c ./wiseconnect3_sdk_3.4.1/components/device/silabs/si91x/mcu/drivers/cmsis_driver/SPI.o
 .text.SSI_SLAVE_Receive
                0x0820491c       0x2c ./wiseconnect3_sdk_3.4.1/components/device/silabs/si91x/mcu/drivers/cmsis_driver/SPI.o
 .text.SSI_ULP_MASTER_Receive
                0x08204948       0x2c ./wiseconnect3_sdk_3.4.1/components/device/silabs/si91x/mcu/drivers/cmsis_driver/SPI.o
 .text.SSI_MASTER_Send
                0x08204974       0x2c ./wiseconnect3_sdk_3.4.1/components/device/silabs/si91x/mcu/drivers/cmsis_driver/SPI.o
 .text.SSI_SLAVE_Send
                0x082049a0       0x2c ./wiseconnect3_sdk_3.4.1/components/device/silabs/si91x/mcu/drivers/cmsis_driver/SPI.o
 .text.SSI_ULP_MASTER_Send
                0x082049cc       0x2c ./wiseconnect3_sdk_3.4.1/components/device/silabs/si91x/mcu/drivers/cmsis_driver/SPI.o
 .text.SSI_MASTER_PowerControl
                0x082049f8        0xc ./wiseconnect3_sdk_3.4.1/components/device/silabs/si91x/mcu/drivers/cmsis_driver/SPI.o
 .text.SSI_SLAVE_PowerControl
                0x08204a04        0xc ./wiseconnect3_sdk_3.4.1/components/device/silabs/si91x/mcu/drivers/cmsis_driver/SPI.o
 .text.SSI_ULP_MASTER_PowerControl
                0x08204a10        0xc ./wiseconnect3_sdk_3.4.1/components/device/silabs/si91x/mcu/drivers/cmsis_driver/SPI.o
 .text.SSI_MASTER_Uninitialize
                0x08204a1c       0x10 ./wiseconnect3_sdk_3.4.1/components/device/silabs/si91x/mcu/drivers/cmsis_driver/SPI.o
 .text.SSI_SLAVE_Uninitialize
                0x08204a2c       0x10 ./wiseconnect3_sdk_3.4.1/components/device/silabs/si91x/mcu/drivers/cmsis_driver/SPI.o
 .text.SSI_ULP_MASTER_Uninitialize
                0x08204a3c       0x1c ./wiseconnect3_sdk_3.4.1/components/device/silabs/si91x/mcu/drivers/cmsis_driver/SPI.o
 .text.SSI_MASTER_Initialize
                0x08204a58       0x38 ./wiseconnect3_sdk_3.4.1/components/device/silabs/si91x/mcu/drivers/cmsis_driver/SPI.o
 .text.SSI_SLAVE_Initialize
                0x08204a90       0x38 ./wiseconnect3_sdk_3.4.1/components/device/silabs/si91x/mcu/drivers/cmsis_driver/SPI.o
 .text.SSI_ULP_MASTER_Initialize
                0x08204ac8       0x3c ./wiseconnect3_sdk_3.4.1/components/device/silabs/si91x/mcu/drivers/cmsis_driver/SPI.o
 .text.RSI_SPI_SetSlaveSelectNumber
                0x08204b04        0xc ./wiseconnect3_sdk_3.4.1/components/device/silabs/si91x/mcu/drivers/cmsis_driver/SPI.o
                0x08204b04                RSI_SPI_SetSlaveSelectNumber
 .text.IRQ047_Handler
                0x08204b10        0xc ./wiseconnect3_sdk_3.4.1/components/device/silabs/si91x/mcu/drivers/cmsis_driver/SPI.o
                0x08204b10                IRQ047_Handler
 .text.IRQ044_Handler
                0x08204b1c        0xc ./wiseconnect3_sdk_3.4.1/components/device/silabs/si91x/mcu/drivers/cmsis_driver/SPI.o
                0x08204b1c                IRQ044_Handler
 .text.IRQ016_Handler
                0x08204b28        0xc ./wiseconnect3_sdk_3.4.1/components/device/silabs/si91x/mcu/drivers/cmsis_driver/SPI.o
                0x08204b28                IRQ016_Handler
 .text.SSI_SetRxSamplingDelay
                0x08204b34       0x38 ./wiseconnect3_sdk_3.4.1/components/device/silabs/si91x/mcu/drivers/cmsis_driver/SPI.o
                0x08204b34                SSI_SetRxSamplingDelay
 .text.SSI_SetFifoThreshold
                0x08204b6c       0x38 ./wiseconnect3_sdk_3.4.1/components/device/silabs/si91x/mcu/drivers/cmsis_driver/SPI.o
                0x08204b6c                SSI_SetFifoThreshold
 .text.SSI_GetInitState
                0x08204ba4       0x30 ./wiseconnect3_sdk_3.4.1/components/device/silabs/si91x/mcu/drivers/cmsis_driver/SPI.o
                0x08204ba4                SSI_GetInitState
 .text.ssi_transfer_complete_callback
                0x08204bd4        0x2 ./wiseconnect3_sdk_3.4.1/components/device/silabs/si91x/mcu/drivers/cmsis_driver/SPI.o
                0x08204bd4                ssi_transfer_complete_callback
 .text.ssi_error_callback
                0x08204bd6        0x2 ./wiseconnect3_sdk_3.4.1/components/device/silabs/si91x/mcu/drivers/cmsis_driver/SPI.o
                0x08204bd6                ssi_error_callback
 .text.ARM_USARTx_GetVersion
                0x08204bd8       0x20 ./wiseconnect3_sdk_3.4.1/components/device/silabs/si91x/mcu/drivers/cmsis_driver/USART.o
                0x08204bd8                ARM_USARTx_GetVersion
 .text.ARM_ULP_UART_GetCapabilities
                0x08204bf8        0xc ./wiseconnect3_sdk_3.4.1/components/device/silabs/si91x/mcu/drivers/cmsis_driver/USART.o
 .text.ARM_ULP_UART_GetModemStatus
                0x08204c04        0xc ./wiseconnect3_sdk_3.4.1/components/device/silabs/si91x/mcu/drivers/cmsis_driver/USART.o
 .text.ARM_ULP_UART_SetModemControl
                0x08204c10        0xc ./wiseconnect3_sdk_3.4.1/components/device/silabs/si91x/mcu/drivers/cmsis_driver/USART.o
 .text.ARM_ULP_UART_GetStatus
                0x08204c1c        0xc ./wiseconnect3_sdk_3.4.1/components/device/silabs/si91x/mcu/drivers/cmsis_driver/USART.o
 .text.ARM_ULP_UART_Control
                0x08204c28       0x34 ./wiseconnect3_sdk_3.4.1/components/device/silabs/si91x/mcu/drivers/cmsis_driver/USART.o
 .text.ARM_ULP_UART_GetRxCount
                0x08204c5c        0xc ./wiseconnect3_sdk_3.4.1/components/device/silabs/si91x/mcu/drivers/cmsis_driver/USART.o
 .text.ARM_ULP_UART_GetTxCount
                0x08204c68        0xc ./wiseconnect3_sdk_3.4.1/components/device/silabs/si91x/mcu/drivers/cmsis_driver/USART.o
 .text.ARM_ULP_UART_Transfer
                0x08204c74       0x54 ./wiseconnect3_sdk_3.4.1/components/device/silabs/si91x/mcu/drivers/cmsis_driver/USART.o
 .text.ARM_ULP_UART_Receive
                0x08204cc8       0x48 ./wiseconnect3_sdk_3.4.1/components/device/silabs/si91x/mcu/drivers/cmsis_driver/USART.o
 .text.ARM_ULP_UART_Send
                0x08204d10       0x48 ./wiseconnect3_sdk_3.4.1/components/device/silabs/si91x/mcu/drivers/cmsis_driver/USART.o
 .text.ARM_ULP_UART_PowerControl
                0x08204d58       0x18 ./wiseconnect3_sdk_3.4.1/components/device/silabs/si91x/mcu/drivers/cmsis_driver/USART.o
 .text.ARM_ULP_UART_Uninitialize
                0x08204d70       0x1c ./wiseconnect3_sdk_3.4.1/components/device/silabs/si91x/mcu/drivers/cmsis_driver/USART.o
 .text.ARM_ULP_UART_Initialize
                0x08204d8c       0x30 ./wiseconnect3_sdk_3.4.1/components/device/silabs/si91x/mcu/drivers/cmsis_driver/USART.o
 .text.IRQ038_Handler
                0x08204dbc        0xc ./wiseconnect3_sdk_3.4.1/components/device/silabs/si91x/mcu/drivers/cmsis_driver/USART.o
                0x08204dbc                IRQ038_Handler
 .text.IRQ039_Handler
                0x08204dc8        0xc ./wiseconnect3_sdk_3.4.1/components/device/silabs/si91x/mcu/drivers/cmsis_driver/USART.o
                0x08204dc8                IRQ039_Handler
 .text.IRQ012_Handler
                0x08204dd4        0xc ./wiseconnect3_sdk_3.4.1/components/device/silabs/si91x/mcu/drivers/cmsis_driver/USART.o
                0x08204dd4                IRQ012_Handler
 .text.RSI_ULPUartHandler
                0x08204de0        0x4 ./wiseconnect3_sdk_3.4.1/components/device/silabs/si91x/mcu/drivers/cmsis_driver/USART.o
                0x08204de0                RSI_ULPUartHandler
 .text.sl_si91x_button_init
                0x08204de4       0xd0 ./wiseconnect3_sdk_3.4.1/components/device/silabs/si91x/mcu/drivers/hardware_drivers/button/src/sl_si91x_button.o
                0x08204de4                sl_si91x_button_init
 .text.sl_si91x_button_state
                0x08204eb4       0x50 ./wiseconnect3_sdk_3.4.1/components/device/silabs/si91x/mcu/drivers/hardware_drivers/button/src/sl_si91x_button.o
                0x08204eb4                sl_si91x_button_state
 .text.sl_si91x_button_internal_isr
                0x08204f04       0x44 ./wiseconnect3_sdk_3.4.1/components/device/silabs/si91x/mcu/drivers/hardware_drivers/button/src/sl_si91x_button.o
                0x08204f04                sl_si91x_button_internal_isr
 .text.button_HP_IRQHandler
                0x08204f48       0x10 ./wiseconnect3_sdk_3.4.1/components/device/silabs/si91x/mcu/drivers/hardware_drivers/button/src/sl_si91x_button.o
 .text.button_ULP_IRQHandler
                0x08204f58       0x10 ./wiseconnect3_sdk_3.4.1/components/device/silabs/si91x/mcu/drivers/hardware_drivers/button/src/sl_si91x_button.o
 .text.button_UULP_IRQHandler
                0x08204f68       0x10 ./wiseconnect3_sdk_3.4.1/components/device/silabs/si91x/mcu/drivers/hardware_drivers/button/src/sl_si91x_button.o
 .text.sl_gpio_validation
                0x08204f78       0x36 ./wiseconnect3_sdk_3.4.1/components/device/silabs/si91x/mcu/drivers/hardware_drivers/led/src/sl_si91x_led.o
 .text.sl_si91x_led_init
                0x08204fae       0x30 ./wiseconnect3_sdk_3.4.1/components/device/silabs/si91x/mcu/drivers/hardware_drivers/led/src/sl_si91x_led.o
                0x08204fae                sl_si91x_led_init
 *fill*         0x08204fde        0x2 
 .text.sl_si91x_led_toggle
                0x08204fe0       0x58 ./wiseconnect3_sdk_3.4.1/components/device/silabs/si91x/mcu/drivers/hardware_drivers/led/src/sl_si91x_led.o
                0x08204fe0                sl_si91x_led_toggle
 .text.RSI_AUX_RefVoltageConfig
                0x08205038       0xe8 ./wiseconnect3_sdk_3.4.1/components/device/silabs/si91x/mcu/drivers/peripheral_drivers/src/aux_reference_volt_config.o
                0x08205038                RSI_AUX_RefVoltageConfig
 .text.RSI_CLK_GetBaseClock
                0x08205120      0x50c ./wiseconnect3_sdk_3.4.1/components/device/silabs/si91x/mcu/drivers/peripheral_drivers/src/clock_update.o
                0x08205120                RSI_CLK_GetBaseClock
 .text.RSI_EGPIO_HostPadsGpioModeDisable
                0x0820562c       0x10 ./wiseconnect3_sdk_3.4.1/components/device/silabs/si91x/mcu/drivers/peripheral_drivers/src/rsi_adc.o
 .text.RSI_EGPIO_PadReceiverDisable
                0x0820563c       0x10 ./wiseconnect3_sdk_3.4.1/components/device/silabs/si91x/mcu/drivers/peripheral_drivers/src/rsi_adc.o
 .text.RSI_EGPIO_UlpPadReceiverDisable
                0x0820564c       0x10 ./wiseconnect3_sdk_3.4.1/components/device/silabs/si91x/mcu/drivers/peripheral_drivers/src/rsi_adc.o
 .text.ADC_DMA_Transfer_Complete
                0x0820565c       0x10 ./wiseconnect3_sdk_3.4.1/components/device/silabs/si91x/mcu/drivers/peripheral_drivers/src/rsi_adc.o
                0x0820565c                ADC_DMA_Transfer_Complete
 .text.ADC_DMA_Error_Callback
                0x0820566c        0x4 ./wiseconnect3_sdk_3.4.1/components/device/silabs/si91x/mcu/drivers/peripheral_drivers/src/rsi_adc.o
                0x0820566c                ADC_DMA_Error_Callback
 .text.RSI_EGPIO_SetPinMux.constprop.0
                0x08205670       0x1c ./wiseconnect3_sdk_3.4.1/components/device/silabs/si91x/mcu/drivers/peripheral_drivers/src/rsi_adc.o
 .text.RSI_ULPSS_AuxClkConfig.constprop.0.isra.0
                0x0820568c       0x18 ./wiseconnect3_sdk_3.4.1/components/device/silabs/si91x/mcu/drivers/peripheral_drivers/src/rsi_adc.o
 .text.ADC_Start
                0x082056a4       0x50 ./wiseconnect3_sdk_3.4.1/components/device/silabs/si91x/mcu/drivers/peripheral_drivers/src/rsi_adc.o
                0x082056a4                ADC_Start
 .text.cal_adc_channel_offset
                0x082056f4       0xa4 ./wiseconnect3_sdk_3.4.1/components/device/silabs/si91x/mcu/drivers/peripheral_drivers/src/rsi_adc.o
                0x082056f4                cal_adc_channel_offset
 .text.check_power_two
                0x08205798       0x12 ./wiseconnect3_sdk_3.4.1/components/device/silabs/si91x/mcu/drivers/peripheral_drivers/src/rsi_adc.o
                0x08205798                check_power_two
 .text.roundupto_pwr2
                0x082057aa       0x1e ./wiseconnect3_sdk_3.4.1/components/device/silabs/si91x/mcu/drivers/peripheral_drivers/src/rsi_adc.o
                0x082057aa                roundupto_pwr2
 .text.max_sample_rate_achive
                0x082057c8       0x30 ./wiseconnect3_sdk_3.4.1/components/device/silabs/si91x/mcu/drivers/peripheral_drivers/src/rsi_adc.o
                0x082057c8                max_sample_rate_achive
 .text.get_min_sampling_time
                0x082057f8      0x2a0 ./wiseconnect3_sdk_3.4.1/components/device/silabs/si91x/mcu/drivers/peripheral_drivers/src/rsi_adc.o
                0x082057f8                get_min_sampling_time
 .text.ADC_PinMux
                0x08205a98      0x39c ./wiseconnect3_sdk_3.4.1/components/device/silabs/si91x/mcu/drivers/peripheral_drivers/src/rsi_adc.o
                0x08205a98                ADC_PinMux
 .text.RSI_ADC_PingPongMemoryAdrConfig
                0x08205e34       0xd4 ./wiseconnect3_sdk_3.4.1/components/device/silabs/si91x/mcu/drivers/peripheral_drivers/src/rsi_adc.o
                0x08205e34                RSI_ADC_PingPongMemoryAdrConfig
 .text.RSI_ADC_PingPongReInit
                0x08205f08       0x60 ./wiseconnect3_sdk_3.4.1/components/device/silabs/si91x/mcu/drivers/peripheral_drivers/src/rsi_adc.o
                0x08205f08                RSI_ADC_PingPongReInit
 .text.RSI_ADC_Calibration
                0x08205f68       0xb8 ./wiseconnect3_sdk_3.4.1/components/device/silabs/si91x/mcu/drivers/peripheral_drivers/src/rsi_adc.o
                0x08205f68                RSI_ADC_Calibration
 .text.RSI_ADC_PingpongEnable
                0x08206020       0x28 ./wiseconnect3_sdk_3.4.1/components/device/silabs/si91x/mcu/drivers/peripheral_drivers/src/rsi_adc.o
                0x08206020                RSI_ADC_PingpongEnable
 .text.RSI_ADC_InternalPerChnlDmaEnable
                0x08206048       0x2a ./wiseconnect3_sdk_3.4.1/components/device/silabs/si91x/mcu/drivers/peripheral_drivers/src/rsi_adc.o
                0x08206048                RSI_ADC_InternalPerChnlDmaEnable
 .text.RSI_ADC_ChannelConfig
                0x08206072       0x68 ./wiseconnect3_sdk_3.4.1/components/device/silabs/si91x/mcu/drivers/peripheral_drivers/src/rsi_adc.o
                0x08206072                RSI_ADC_ChannelConfig
 *fill*         0x082060da        0x2 
 .text.RSI_ADC_Stop
                0x082060dc       0x2c ./wiseconnect3_sdk_3.4.1/components/device/silabs/si91x/mcu/drivers/peripheral_drivers/src/rsi_adc.o
                0x082060dc                RSI_ADC_Stop
 .text.ADC_Stop
                0x08206108       0x10 ./wiseconnect3_sdk_3.4.1/components/device/silabs/si91x/mcu/drivers/peripheral_drivers/src/rsi_adc.o
                0x08206108                ADC_Stop
 .text.RSI_ADC_ChnlEnable
                0x08206118       0x40 ./wiseconnect3_sdk_3.4.1/components/device/silabs/si91x/mcu/drivers/peripheral_drivers/src/rsi_adc.o
                0x08206118                RSI_ADC_ChnlEnable
 .text.RSI_ADC_ClkDivfactor
                0x08206158       0x34 ./wiseconnect3_sdk_3.4.1/components/device/silabs/si91x/mcu/drivers/peripheral_drivers/src/rsi_adc.o
                0x08206158                RSI_ADC_ClkDivfactor
 .text.RSI_ADC_ChnlIntrUnMask
                0x0820618c       0x58 ./wiseconnect3_sdk_3.4.1/components/device/silabs/si91x/mcu/drivers/peripheral_drivers/src/rsi_adc.o
                0x0820618c                RSI_ADC_ChnlIntrUnMask
 .text.RSI_ADC_ChnlIntrClr
                0x082061e4       0x36 ./wiseconnect3_sdk_3.4.1/components/device/silabs/si91x/mcu/drivers/peripheral_drivers/src/rsi_adc.o
                0x082061e4                RSI_ADC_ChnlIntrClr
 *fill*         0x0820621a        0x2 
 .text.RSI_ADC_PowerControl
                0x0820621c       0x64 ./wiseconnect3_sdk_3.4.1/components/device/silabs/si91x/mcu/drivers/peripheral_drivers/src/rsi_adc.o
                0x0820621c                RSI_ADC_PowerControl
 .text.ADC_Init
                0x08206280      0x1a8 ./wiseconnect3_sdk_3.4.1/components/device/silabs/si91x/mcu/drivers/peripheral_drivers/src/rsi_adc.o
                0x08206280                ADC_Init
 .text.ADC_Per_Channel_Init
                0x08206428      0x1a0 ./wiseconnect3_sdk_3.4.1/components/device/silabs/si91x/mcu/drivers/peripheral_drivers/src/rsi_adc.o
                0x08206428                ADC_Per_Channel_Init
 .text.ADC_Deinit
                0x082065c8       0x3c ./wiseconnect3_sdk_3.4.1/components/device/silabs/si91x/mcu/drivers/peripheral_drivers/src/rsi_adc.o
                0x082065c8                ADC_Deinit
 .text.RSI_ADC_NoiseAvgMode
                0x08206604       0x20 ./wiseconnect3_sdk_3.4.1/components/device/silabs/si91x/mcu/drivers/peripheral_drivers/src/rsi_adc.o
                0x08206604                RSI_ADC_NoiseAvgMode
 .text.ADC_ChannelConfig
                0x08206624      0x3c8 ./wiseconnect3_sdk_3.4.1/components/device/silabs/si91x/mcu/drivers/peripheral_drivers/src/rsi_adc.o
                0x08206624                ADC_ChannelConfig
 .text.ADC_Per_ChannelConfig
                0x082069ec      0x438 ./wiseconnect3_sdk_3.4.1/components/device/silabs/si91x/mcu/drivers/peripheral_drivers/src/rsi_adc.o
                0x082069ec                ADC_Per_ChannelConfig
 .text.RSI_ADC_TempSensorEnable
                0x08206e24       0x10 ./wiseconnect3_sdk_3.4.1/components/device/silabs/si91x/mcu/drivers/peripheral_drivers/src/rsi_adc.o
                0x08206e24                RSI_ADC_TempSensorEnable
 .text.RSI_ADC_InterruptHandler
                0x08206e34       0xf4 ./wiseconnect3_sdk_3.4.1/components/device/silabs/si91x/mcu/drivers/peripheral_drivers/src/rsi_adc.o
                0x08206e34                RSI_ADC_InterruptHandler
 .text.IRQ011_Handler
                0x08206f28        0xc ./wiseconnect3_sdk_3.4.1/components/device/silabs/si91x/mcu/drivers/peripheral_drivers/src/rsi_adc.o
                0x08206f28                IRQ011_Handler
 .text.RSI_ADC_GainOffsetCal
                0x08206f34       0x6c ./wiseconnect3_sdk_3.4.1/components/device/silabs/si91x/mcu/drivers/peripheral_drivers/src/rsi_adc.o
                0x08206f34                RSI_ADC_GainOffsetCal
 .text.RSI_ADC_ReadDataStatic
                0x08206fa0       0x14 ./wiseconnect3_sdk_3.4.1/components/device/silabs/si91x/mcu/drivers/peripheral_drivers/src/rsi_adc.o
                0x08206fa0                RSI_ADC_ReadDataStatic
 .text.RSI_DAC_InterruptMask
                0x08206fb4       0x1e ./wiseconnect3_sdk_3.4.1/components/device/silabs/si91x/mcu/drivers/peripheral_drivers/src/rsi_dac.o
                0x08206fb4                RSI_DAC_InterruptMask
 .text.RSI_OPAMP1_Config
                0x08206fd2       0xc6 ./wiseconnect3_sdk_3.4.1/components/device/silabs/si91x/mcu/drivers/peripheral_drivers/src/rsi_opamp.o
                0x08206fd2                RSI_OPAMP1_Config
 .text.RSI_EGPIO_SetPinMux
                0x08207098       0x14 ./wiseconnect3_sdk_3.4.1/components/device/silabs/si91x/mcu/drivers/peripheral_drivers/src/rsi_spi.o
 .text.RSI_EGPIO_HostPadsGpioModeEnable
                0x082070ac       0x10 ./wiseconnect3_sdk_3.4.1/components/device/silabs/si91x/mcu/drivers/peripheral_drivers/src/rsi_spi.o
 .text.RSI_EGPIO_PadSelectionEnable
                0x082070bc       0x10 ./wiseconnect3_sdk_3.4.1/components/device/silabs/si91x/mcu/drivers/peripheral_drivers/src/rsi_spi.o
 .text.RSI_EGPIO_PadReceiverEnable
                0x082070cc       0x10 ./wiseconnect3_sdk_3.4.1/components/device/silabs/si91x/mcu/drivers/peripheral_drivers/src/rsi_spi.o
 .text.RSI_EGPIO_UlpPadReceiverEnable
                0x082070dc       0x10 ./wiseconnect3_sdk_3.4.1/components/device/silabs/si91x/mcu/drivers/peripheral_drivers/src/rsi_spi.o
 .text.SPI_Convert_Data_Width_To_Bytes
                0x082070ec       0x1c ./wiseconnect3_sdk_3.4.1/components/device/silabs/si91x/mcu/drivers/peripheral_drivers/src/rsi_spi.o
 .text.SPI_Set_Mode_Fault_Event
                0x08207108       0x48 ./wiseconnect3_sdk_3.4.1/components/device/silabs/si91x/mcu/drivers/peripheral_drivers/src/rsi_spi.o
 .text.SPI_Initialize
                0x08207150      0x348 ./wiseconnect3_sdk_3.4.1/components/device/silabs/si91x/mcu/drivers/peripheral_drivers/src/rsi_spi.o
                0x08207150                SPI_Initialize
 .text.SPI_Uninitialize
                0x08207498       0x40 ./wiseconnect3_sdk_3.4.1/components/device/silabs/si91x/mcu/drivers/peripheral_drivers/src/rsi_spi.o
                0x08207498                SPI_Uninitialize
 .text.SPI_PowerControl
                0x082074d8      0x114 ./wiseconnect3_sdk_3.4.1/components/device/silabs/si91x/mcu/drivers/peripheral_drivers/src/rsi_spi.o
                0x082074d8                SPI_PowerControl
 .text.SPI_Transfer
                0x082075ec      0x21c ./wiseconnect3_sdk_3.4.1/components/device/silabs/si91x/mcu/drivers/peripheral_drivers/src/rsi_spi.o
                0x082075ec                SPI_Transfer
 .text.SPI_GetDataCount
                0x08207808       0x12 ./wiseconnect3_sdk_3.4.1/components/device/silabs/si91x/mcu/drivers/peripheral_drivers/src/rsi_spi.o
                0x08207808                SPI_GetDataCount
 *fill*         0x0820781a        0x2 
 .text.SPI_Control
                0x0820781c      0x414 ./wiseconnect3_sdk_3.4.1/components/device/silabs/si91x/mcu/drivers/peripheral_drivers/src/rsi_spi.o
                0x0820781c                SPI_Control
 .text.SPI_GetStatus
                0x08207c30       0x1e ./wiseconnect3_sdk_3.4.1/components/device/silabs/si91x/mcu/drivers/peripheral_drivers/src/rsi_spi.o
                0x08207c30                SPI_GetStatus
 *fill*         0x08207c4e        0x2 
 .text.SPI_IRQHandler
                0x08207c50      0x204 ./wiseconnect3_sdk_3.4.1/components/device/silabs/si91x/mcu/drivers/peripheral_drivers/src/rsi_spi.o
                0x08207c50                SPI_IRQHandler
 .text.SPI_Send
                0x08207e54      0x188 ./wiseconnect3_sdk_3.4.1/components/device/silabs/si91x/mcu/drivers/peripheral_drivers/src/rsi_spi.o
                0x08207e54                SPI_Send
 .text.SPI_Receive
                0x08207fdc      0x264 ./wiseconnect3_sdk_3.4.1/components/device/silabs/si91x/mcu/drivers/peripheral_drivers/src/rsi_spi.o
                0x08207fdc                SPI_Receive
 .text.rsi_sysrtc_wait_ready
                0x08208240       0x1c ./wiseconnect3_sdk_3.4.1/components/device/silabs/si91x/mcu/drivers/peripheral_drivers/src/rsi_sysrtc.o
 .text.rsi_sysrtc_clk_set
                0x0820825c       0x20 ./wiseconnect3_sdk_3.4.1/components/device/silabs/si91x/mcu/drivers/peripheral_drivers/src/rsi_sysrtc.o
                0x0820825c                rsi_sysrtc_clk_set
 .text.rsi_sysrtc_enable
                0x0820827c       0x10 ./wiseconnect3_sdk_3.4.1/components/device/silabs/si91x/mcu/drivers/peripheral_drivers/src/rsi_sysrtc.o
                0x0820827c                rsi_sysrtc_enable
 .text.rsi_sysrtc_disable
                0x0820828c       0x24 ./wiseconnect3_sdk_3.4.1/components/device/silabs/si91x/mcu/drivers/peripheral_drivers/src/rsi_sysrtc.o
                0x0820828c                rsi_sysrtc_disable
 .text.rsi_sysrtc_init
                0x082082b0       0x30 ./wiseconnect3_sdk_3.4.1/components/device/silabs/si91x/mcu/drivers/peripheral_drivers/src/rsi_sysrtc.o
                0x082082b0                rsi_sysrtc_init
 .text.rsi_sysrtc_init_group
                0x082082e0       0x7c ./wiseconnect3_sdk_3.4.1/components/device/silabs/si91x/mcu/drivers/peripheral_drivers/src/rsi_sysrtc.o
                0x082082e0                rsi_sysrtc_init_group
 .text.rsi_sysrtc_enable_group_interrupts
                0x0820835c       0x1c ./wiseconnect3_sdk_3.4.1/components/device/silabs/si91x/mcu/drivers/peripheral_drivers/src/rsi_sysrtc.o
                0x0820835c                rsi_sysrtc_enable_group_interrupts
 .text.rsi_sysrtc_disable_group_interrupts
                0x08208378       0x1c ./wiseconnect3_sdk_3.4.1/components/device/silabs/si91x/mcu/drivers/peripheral_drivers/src/rsi_sysrtc.o
                0x08208378                rsi_sysrtc_disable_group_interrupts
 .text.rsi_sysrtc_clear_group_interrupts
                0x08208394       0x1c ./wiseconnect3_sdk_3.4.1/components/device/silabs/si91x/mcu/drivers/peripheral_drivers/src/rsi_sysrtc.o
                0x08208394                rsi_sysrtc_clear_group_interrupts
 .text.rsi_sysrtc_get_group_interrupts
                0x082083b0       0x1c ./wiseconnect3_sdk_3.4.1/components/device/silabs/si91x/mcu/drivers/peripheral_drivers/src/rsi_sysrtc.o
                0x082083b0                rsi_sysrtc_get_group_interrupts
 .text.rsi_sysrtc_get_group_compare_channel_value
                0x082083cc       0x34 ./wiseconnect3_sdk_3.4.1/components/device/silabs/si91x/mcu/drivers/peripheral_drivers/src/rsi_sysrtc.o
                0x082083cc                rsi_sysrtc_get_group_compare_channel_value
 .text.rsi_sysrtc_set_compare_value
                0x08208400       0x3c ./wiseconnect3_sdk_3.4.1/components/device/silabs/si91x/mcu/drivers/peripheral_drivers/src/rsi_sysrtc.o
                0x08208400                rsi_sysrtc_set_compare_value
 .text.rsi_sysrtc_enable_interrupts
                0x0820843c       0x1c ./wiseconnect3_sdk_3.4.1/components/device/silabs/si91x/mcu/drivers/peripheral_drivers/src/rsi_sysrtc.o
                0x0820843c                rsi_sysrtc_enable_interrupts
 .text.rsi_sysrtc_disable_interrupts
                0x08208458       0x34 ./wiseconnect3_sdk_3.4.1/components/device/silabs/si91x/mcu/drivers/peripheral_drivers/src/rsi_sysrtc.o
                0x08208458                rsi_sysrtc_disable_interrupts
 .text.RSI_EGPIO_SetPinMux
                0x0820848c       0x14 ./wiseconnect3_sdk_3.4.1/components/device/silabs/si91x/mcu/drivers/peripheral_drivers/src/rsi_usart.o
 .text.RSI_EGPIO_HostPadsGpioModeEnable
                0x082084a0       0x10 ./wiseconnect3_sdk_3.4.1/components/device/silabs/si91x/mcu/drivers/peripheral_drivers/src/rsi_usart.o
 .text.RSI_EGPIO_PadSelectionEnable
                0x082084b0       0x10 ./wiseconnect3_sdk_3.4.1/components/device/silabs/si91x/mcu/drivers/peripheral_drivers/src/rsi_usart.o
 .text.RSI_EGPIO_PadReceiverEnable
                0x082084c0       0x10 ./wiseconnect3_sdk_3.4.1/components/device/silabs/si91x/mcu/drivers/peripheral_drivers/src/rsi_usart.o
 .text.RSI_EGPIO_UlpPadReceiverEnable
                0x082084d0       0x10 ./wiseconnect3_sdk_3.4.1/components/device/silabs/si91x/mcu/drivers/peripheral_drivers/src/rsi_usart.o
 .text.UDMAx_ChannelDisable.isra.0
                0x082084e0        0xc ./wiseconnect3_sdk_3.4.1/components/device/silabs/si91x/mcu/drivers/peripheral_drivers/src/rsi_usart.o
 .text.UartIrqHandler
                0x082084ec      0x200 ./wiseconnect3_sdk_3.4.1/components/device/silabs/si91x/mcu/drivers/peripheral_drivers/src/rsi_usart.o
                0x082084ec                UartIrqHandler
 .text.USART_SetBaudrate
                0x082086ec       0x50 ./wiseconnect3_sdk_3.4.1/components/device/silabs/si91x/mcu/drivers/peripheral_drivers/src/rsi_usart.o
                0x082086ec                USART_SetBaudrate
 .text.USART_Initialize
                0x0820873c      0x120 ./wiseconnect3_sdk_3.4.1/components/device/silabs/si91x/mcu/drivers/peripheral_drivers/src/rsi_usart.o
                0x0820873c                USART_Initialize
 .text.USART_Uninitialize
                0x0820885c       0xa0 ./wiseconnect3_sdk_3.4.1/components/device/silabs/si91x/mcu/drivers/peripheral_drivers/src/rsi_usart.o
                0x0820885c                USART_Uninitialize
 .text.USART_PowerControl
                0x082088fc      0x150 ./wiseconnect3_sdk_3.4.1/components/device/silabs/si91x/mcu/drivers/peripheral_drivers/src/rsi_usart.o
                0x082088fc                USART_PowerControl
 .text.USART_Send_Data
                0x08208a4c      0x15c ./wiseconnect3_sdk_3.4.1/components/device/silabs/si91x/mcu/drivers/peripheral_drivers/src/rsi_usart.o
                0x08208a4c                USART_Send_Data
 .text.USART_Receive_Data
                0x08208ba8      0x13c ./wiseconnect3_sdk_3.4.1/components/device/silabs/si91x/mcu/drivers/peripheral_drivers/src/rsi_usart.o
                0x08208ba8                USART_Receive_Data
 .text.USART_Transfer
                0x08208ce4       0x72 ./wiseconnect3_sdk_3.4.1/components/device/silabs/si91x/mcu/drivers/peripheral_drivers/src/rsi_usart.o
                0x08208ce4                USART_Transfer
 .text.USART_GetTxCount
                0x08208d56        0x6 ./wiseconnect3_sdk_3.4.1/components/device/silabs/si91x/mcu/drivers/peripheral_drivers/src/rsi_usart.o
                0x08208d56                USART_GetTxCount
 .text.USART_GetRxCount
                0x08208d5c        0x6 ./wiseconnect3_sdk_3.4.1/components/device/silabs/si91x/mcu/drivers/peripheral_drivers/src/rsi_usart.o
                0x08208d5c                USART_GetRxCount
 *fill*         0x08208d62        0x2 
 .text.USART_Control
                0x08208d64      0x8e0 ./wiseconnect3_sdk_3.4.1/components/device/silabs/si91x/mcu/drivers/peripheral_drivers/src/rsi_usart.o
                0x08208d64                USART_Control
 .text.USART_GetStatus
                0x08209644       0x42 ./wiseconnect3_sdk_3.4.1/components/device/silabs/si91x/mcu/drivers/peripheral_drivers/src/rsi_usart.o
                0x08209644                USART_GetStatus
 *fill*         0x08209686        0x2 
 .text.USART_SetModemControl
                0x08209688       0x84 ./wiseconnect3_sdk_3.4.1/components/device/silabs/si91x/mcu/drivers/peripheral_drivers/src/rsi_usart.o
                0x08209688                USART_SetModemControl
 .text.USART_GetModemStatus
                0x0820970c       0x5c ./wiseconnect3_sdk_3.4.1/components/device/silabs/si91x/mcu/drivers/peripheral_drivers/src/rsi_usart.o
                0x0820970c                USART_GetModemStatus
 .text.convert_rsi_to_sl_error_code
                0x08209768       0x58 ./wiseconnect3_sdk_3.4.1/components/device/silabs/si91x/mcu/drivers/service/clock_manager/src/sl_si91x_clock_manager.o
 .text.RSI_CLK_IntfPLLTurnOn.isra.0
                0x082097c0        0xc ./wiseconnect3_sdk_3.4.1/components/device/silabs/si91x/mcu/drivers/service/clock_manager/src/sl_si91x_clock_manager.o
 .text.RSI_CLK_I2sPllTurnOn.isra.0
                0x082097cc        0xc ./wiseconnect3_sdk_3.4.1/components/device/silabs/si91x/mcu/drivers/service/clock_manager/src/sl_si91x_clock_manager.o
 .text.RSI_CLK_SocPllTurnOn.isra.0
                0x082097d8        0xc ./wiseconnect3_sdk_3.4.1/components/device/silabs/si91x/mcu/drivers/service/clock_manager/src/sl_si91x_clock_manager.o
 .text.sl_si91x_clock_manager_set_pll_freq
                0x082097e4      0x124 ./wiseconnect3_sdk_3.4.1/components/device/silabs/si91x/mcu/drivers/service/clock_manager/src/sl_si91x_clock_manager.o
                0x082097e4                sl_si91x_clock_manager_set_pll_freq
 .text.sl_si91x_clock_manager_m4_set_core_clk
                0x08209908       0x90 ./wiseconnect3_sdk_3.4.1/components/device/silabs/si91x/mcu/drivers/service/clock_manager/src/sl_si91x_clock_manager.o
                0x08209908                sl_si91x_clock_manager_m4_set_core_clk
 .text.sl_si91x_clock_manager_init
                0x08209998       0x54 ./wiseconnect3_sdk_3.4.1/components/device/silabs/si91x/mcu/drivers/service/clock_manager/src/sl_si91x_clock_manager.o
                0x08209998                sl_si91x_clock_manager_init
 .text.sleeptimer_hal_init_timer
                0x082099ec       0x8c ./wiseconnect3_sdk_3.4.1/components/device/silabs/si91x/mcu/drivers/service/sleeptimer/src/sl_sleeptimer_hal_si91x_sysrtc.o
                0x082099ec                sleeptimer_hal_init_timer
 .text.sleeptimer_hal_get_counter
                0x08209a78        0xc ./wiseconnect3_sdk_3.4.1/components/device/silabs/si91x/mcu/drivers/service/sleeptimer/src/sl_sleeptimer_hal_si91x_sysrtc.o
                0x08209a78                sleeptimer_hal_get_counter
 .text.sleeptimer_hal_get_compare
                0x08209a84        0x8 ./wiseconnect3_sdk_3.4.1/components/device/silabs/si91x/mcu/drivers/service/sleeptimer/src/sl_sleeptimer_hal_si91x_sysrtc.o
                0x08209a84                sleeptimer_hal_get_compare
 .text.sleeptimer_hal_enable_int
                0x08209a8c       0x12 ./wiseconnect3_sdk_3.4.1/components/device/silabs/si91x/mcu/drivers/service/sleeptimer/src/sl_sleeptimer_hal_si91x_sysrtc.o
                0x08209a8c                sleeptimer_hal_enable_int
 *fill*         0x08209a9e        0x2 
 .text.sleeptimer_hal_set_compare
                0x08209aa0       0x7c ./wiseconnect3_sdk_3.4.1/components/device/silabs/si91x/mcu/drivers/service/sleeptimer/src/sl_sleeptimer_hal_si91x_sysrtc.o
                0x08209aa0                sleeptimer_hal_set_compare
 .text.sleeptimer_hal_disable_int
                0x08209b1c       0x2c ./wiseconnect3_sdk_3.4.1/components/device/silabs/si91x/mcu/drivers/service/sleeptimer/src/sl_sleeptimer_hal_si91x_sysrtc.o
                0x08209b1c                sleeptimer_hal_disable_int
 .text.sleeptimer_hal_set_int
                0x08209b48       0x14 ./wiseconnect3_sdk_3.4.1/components/device/silabs/si91x/mcu/drivers/service/sleeptimer/src/sl_sleeptimer_hal_si91x_sysrtc.o
                0x08209b48                sleeptimer_hal_set_int
 .text.IRQ022_Handler
                0x08209b5c       0x3c ./wiseconnect3_sdk_3.4.1/components/device/silabs/si91x/mcu/drivers/service/sleeptimer/src/sl_sleeptimer_hal_si91x_sysrtc.o
                0x08209b5c                IRQ022_Handler
 .text.sleeptimer_hal_get_timer_frequency
                0x08209b98        0x6 ./wiseconnect3_sdk_3.4.1/components/device/silabs/si91x/mcu/drivers/service/sleeptimer/src/sl_sleeptimer_hal_si91x_sysrtc.o
                0x08209b98                sleeptimer_hal_get_timer_frequency
 *fill*         0x08209b9e        0x2 
 .text.RSI_BOD_IntrClr
                0x08209ba0       0x1c ./wiseconnect3_sdk_3.4.1/components/device/silabs/si91x/mcu/drivers/systemlevel/src/rsi_bod.o
                0x08209ba0                RSI_BOD_IntrClr
 .text.RSI_BOD_SoftTriggerGetBatteryStatus
                0x08209bbc       0xc8 ./wiseconnect3_sdk_3.4.1/components/device/silabs/si91x/mcu/drivers/systemlevel/src/rsi_bod.o
                0x08209bbc                RSI_BOD_SoftTriggerGetBatteryStatus
 .text.RSI_IPMU_UpdateIpmuCalibData_efuse
                0x08209c84      0x300 ./wiseconnect3_sdk_3.4.1/components/device/silabs/si91x/mcu/drivers/systemlevel/src/rsi_ipmu.o
                0x08209c84                RSI_IPMU_UpdateIpmuCalibData_efuse
 .text.RSI_Ipmu_Init
                0x08209f84        0x4 ./wiseconnect3_sdk_3.4.1/components/device/silabs/si91x/mcu/drivers/systemlevel/src/rsi_ipmu.o
                0x08209f84                RSI_Ipmu_Init
 .text.RSI_Configure_Ipmu_Mode
                0x08209f88       0x74 ./wiseconnect3_sdk_3.4.1/components/device/silabs/si91x/mcu/drivers/systemlevel/src/rsi_ipmu.o
                0x08209f88                RSI_Configure_Ipmu_Mode
 .text.RSI_IPMU_PowerGateSet
                0x08209ffc       0x34 ./wiseconnect3_sdk_3.4.1/components/device/silabs/si91x/mcu/drivers/systemlevel/src/rsi_ipmu.o
                0x08209ffc                RSI_IPMU_PowerGateSet
 .text.RSI_IPMU_PowerGateClr
                0x0820a030       0x4c ./wiseconnect3_sdk_3.4.1/components/device/silabs/si91x/mcu/drivers/systemlevel/src/rsi_ipmu.o
                0x0820a030                RSI_IPMU_PowerGateClr
 .text.RSI_IPMU_ClockMuxSel
                0x0820a07c       0x40 ./wiseconnect3_sdk_3.4.1/components/device/silabs/si91x/mcu/drivers/systemlevel/src/rsi_ipmu.o
                0x0820a07c                RSI_IPMU_ClockMuxSel
 .text.RSI_IPMU_ProgramConfigData
                0x0820a0bc       0xea ./wiseconnect3_sdk_3.4.1/components/device/silabs/si91x/mcu/drivers/systemlevel/src/rsi_ipmu.o
                0x0820a0bc                RSI_IPMU_ProgramConfigData
 .text.RSI_APB_ProgramConfigData
                0x0820a1a6       0xc8 ./wiseconnect3_sdk_3.4.1/components/device/silabs/si91x/mcu/drivers/systemlevel/src/rsi_ipmu.o
                0x0820a1a6                RSI_APB_ProgramConfigData
 *fill*         0x0820a26e        0x2 
 .text.RSI_IPMU_M32rc_OscTrimEfuse
                0x0820a270       0x28 ./wiseconnect3_sdk_3.4.1/components/device/silabs/si91x/mcu/drivers/systemlevel/src/rsi_ipmu.o
                0x0820a270                RSI_IPMU_M32rc_OscTrimEfuse
 .text.RSI_IPMU_DBLR32M_TrimEfuse
                0x0820a298       0x18 ./wiseconnect3_sdk_3.4.1/components/device/silabs/si91x/mcu/drivers/systemlevel/src/rsi_ipmu.o
                0x0820a298                RSI_IPMU_DBLR32M_TrimEfuse
 .text.RSI_IPMU_M20roOsc_TrimEfuse
                0x0820a2b0       0x28 ./wiseconnect3_sdk_3.4.1/components/device/silabs/si91x/mcu/drivers/systemlevel/src/rsi_ipmu.o
                0x0820a2b0                RSI_IPMU_M20roOsc_TrimEfuse
 .text.RSI_IPMU_RO32khz_TrimEfuse
                0x0820a2d8       0x18 ./wiseconnect3_sdk_3.4.1/components/device/silabs/si91x/mcu/drivers/systemlevel/src/rsi_ipmu.o
                0x0820a2d8                RSI_IPMU_RO32khz_TrimEfuse
 .text.RSI_IPMU_RC32khz_TrimEfuse
                0x0820a2f0       0x18 ./wiseconnect3_sdk_3.4.1/components/device/silabs/si91x/mcu/drivers/systemlevel/src/rsi_ipmu.o
                0x0820a2f0                RSI_IPMU_RC32khz_TrimEfuse
 .text.RSI_IPMU_Vbg_Tsbjt_Efuse
                0x0820a308        0xc ./wiseconnect3_sdk_3.4.1/components/device/silabs/si91x/mcu/drivers/systemlevel/src/rsi_ipmu.o
                0x0820a308                RSI_IPMU_Vbg_Tsbjt_Efuse
 .text.RSI_IPMU_Auxadcoff_DiffEfuse
                0x0820a314        0xc ./wiseconnect3_sdk_3.4.1/components/device/silabs/si91x/mcu/drivers/systemlevel/src/rsi_ipmu.o
                0x0820a314                RSI_IPMU_Auxadcoff_DiffEfuse
 .text.RSI_IPMU_Auxadcgain_DiffEfuse
                0x0820a320        0xc ./wiseconnect3_sdk_3.4.1/components/device/silabs/si91x/mcu/drivers/systemlevel/src/rsi_ipmu.o
                0x0820a320                RSI_IPMU_Auxadcgain_DiffEfuse
 .text.RSI_IPMU_Auxadcoff_SeEfuse
                0x0820a32c        0xc ./wiseconnect3_sdk_3.4.1/components/device/silabs/si91x/mcu/drivers/systemlevel/src/rsi_ipmu.o
                0x0820a32c                RSI_IPMU_Auxadcoff_SeEfuse
 .text.RSI_IPMU_Auxadcgain_SeEfuse
                0x0820a338        0xc ./wiseconnect3_sdk_3.4.1/components/device/silabs/si91x/mcu/drivers/systemlevel/src/rsi_ipmu.o
                0x0820a338                RSI_IPMU_Auxadcgain_SeEfuse
 .text.RSI_IPMU_Delvbe_Tsbjt_Efuse
                0x0820a344        0xc ./wiseconnect3_sdk_3.4.1/components/device/silabs/si91x/mcu/drivers/systemlevel/src/rsi_ipmu.o
                0x0820a344                RSI_IPMU_Delvbe_Tsbjt_Efuse
 .text._usdelay
                0x0820a350        0x6 ./wiseconnect3_sdk_3.4.1/components/device/silabs/si91x/mcu/drivers/systemlevel/src/rsi_pll.o
 *fill*         0x0820a356        0x2 
 .text.clk_m4_soc_clk_config
                0x0820a358       0xc8 ./wiseconnect3_sdk_3.4.1/components/device/silabs/si91x/mcu/drivers/systemlevel/src/rsi_pll.o
                0x0820a358                clk_m4_soc_clk_config
 .text.ulpss_enable_ref_clks
                0x0820a420       0xf8 ./wiseconnect3_sdk_3.4.1/components/device/silabs/si91x/mcu/drivers/systemlevel/src/rsi_pll.o
                0x0820a420                ulpss_enable_ref_clks
 .text.clk_m4ss_ref_clk_config
                0x0820a518       0xcc ./wiseconnect3_sdk_3.4.1/components/device/silabs/si91x/mcu/drivers/systemlevel/src/rsi_pll.o
                0x0820a518                clk_m4ss_ref_clk_config
 .text.ulpss_ref_clk_config
                0x0820a5e4       0xbc ./wiseconnect3_sdk_3.4.1/components/device/silabs/si91x/mcu/drivers/systemlevel/src/rsi_ulpss_clk.o
                0x0820a5e4                ulpss_ref_clk_config
 .text.convert_rsi_to_sl_error_code
                0x0820a6a0       0x58 ./wiseconnect3_sdk_3.4.1/components/device/silabs/si91x/mcu/drivers/unified_api/src/sl_si91x_adc.o
 .text.validate_adc_parameters
                0x0820a6f8       0x18 ./wiseconnect3_sdk_3.4.1/components/device/silabs/si91x/mcu/drivers/unified_api/src/sl_si91x_adc.o
 .text.validate_adc_channel_parameters
                0x0820a710       0x70 ./wiseconnect3_sdk_3.4.1/components/device/silabs/si91x/mcu/drivers/unified_api/src/sl_si91x_adc.o
 .text.callback_event_handler
                0x0820a780       0x14 ./wiseconnect3_sdk_3.4.1/components/device/silabs/si91x/mcu/drivers/unified_api/src/sl_si91x_adc.o
 .text.sl_si91x_adc_init
                0x0820a794      0x128 ./wiseconnect3_sdk_3.4.1/components/device/silabs/si91x/mcu/drivers/unified_api/src/sl_si91x_adc.o
                0x0820a794                sl_si91x_adc_init
 .text.sl_si91x_adc_set_channel_configuration
                0x0820a8bc       0x70 ./wiseconnect3_sdk_3.4.1/components/device/silabs/si91x/mcu/drivers/unified_api/src/sl_si91x_adc.o
                0x0820a8bc                sl_si91x_adc_set_channel_configuration
 .text.sl_si91x_adc_register_event_callback
                0x0820a92c       0x1c ./wiseconnect3_sdk_3.4.1/components/device/silabs/si91x/mcu/drivers/unified_api/src/sl_si91x_adc.o
                0x0820a92c                sl_si91x_adc_register_event_callback
 .text.sl_si91x_adc_temperature_sensor_enable
                0x0820a948       0x14 ./wiseconnect3_sdk_3.4.1/components/device/silabs/si91x/mcu/drivers/unified_api/src/sl_si91x_adc.o
                0x0820a948                sl_si91x_adc_temperature_sensor_enable
 .text.sl_si91x_adc_start
                0x0820a95c       0x1e ./wiseconnect3_sdk_3.4.1/components/device/silabs/si91x/mcu/drivers/unified_api/src/sl_si91x_adc.o
                0x0820a95c                sl_si91x_adc_start
 .text.sl_si91x_adc_stop
                0x0820a97a       0x1e ./wiseconnect3_sdk_3.4.1/components/device/silabs/si91x/mcu/drivers/unified_api/src/sl_si91x_adc.o
                0x0820a97a                sl_si91x_adc_stop
 .text.sl_si91x_adc_deinit
                0x0820a998       0x28 ./wiseconnect3_sdk_3.4.1/components/device/silabs/si91x/mcu/drivers/unified_api/src/sl_si91x_adc.o
                0x0820a998                sl_si91x_adc_deinit
 .text.callback_event
                0x0820a9c0       0x10 ./wiseconnect3_sdk_3.4.1/components/device/silabs/si91x/mcu/drivers/unified_api/src/sl_si91x_bjt_temperature_sensor.o
 .text.sl_si91x_bjt_temperature_sensor_init
                0x0820a9d0       0xb0 ./wiseconnect3_sdk_3.4.1/components/device/silabs/si91x/mcu/drivers/unified_api/src/sl_si91x_bjt_temperature_sensor.o
                0x0820a9d0                sl_si91x_bjt_temperature_sensor_init
 .text.sl_si91x_bjt_temperature_sensor_bg_set_channel_configuration
                0x0820aa80       0x60 ./wiseconnect3_sdk_3.4.1/components/device/silabs/si91x/mcu/drivers/unified_api/src/sl_si91x_bjt_temperature_sensor.o
                0x0820aa80                sl_si91x_bjt_temperature_sensor_bg_set_channel_configuration
 .text.sl_si91x_bjt_temperature_sensor_state
                0x0820aae0       0x24 ./wiseconnect3_sdk_3.4.1/components/device/silabs/si91x/mcu/drivers/unified_api/src/sl_si91x_bjt_temperature_sensor.o
                0x0820aae0                sl_si91x_bjt_temperature_sensor_state
 .text.sl_si91x_bjt_temperature_sensor_set_channel_configuration
                0x0820ab04       0x48 ./wiseconnect3_sdk_3.4.1/components/device/silabs/si91x/mcu/drivers/unified_api/src/sl_si91x_bjt_temperature_sensor.o
                0x0820ab04                sl_si91x_bjt_temperature_sensor_set_channel_configuration
 .text.sl_si91x_bjt_temperature_sensor_read_data
                0x0820ab4c      0x160 ./wiseconnect3_sdk_3.4.1/components/device/silabs/si91x/mcu/drivers/unified_api/src/sl_si91x_bjt_temperature_sensor.o
                0x0820ab4c                sl_si91x_bjt_temperature_sensor_read_data
 .text.sl_si91x_bjt_temperature_sensor_deinit
                0x0820acac       0x5c ./wiseconnect3_sdk_3.4.1/components/device/silabs/si91x/mcu/drivers/unified_api/src/sl_si91x_bjt_temperature_sensor.o
                0x0820acac                sl_si91x_bjt_temperature_sensor_deinit
 .text.UDMAx_DMAEnable
                0x0820ad08        0xc ./wiseconnect3_sdk_3.4.1/components/device/silabs/si91x/mcu/drivers/unified_api/src/sl_si91x_dma.o
 .text.dma_internal_callback
                0x0820ad14       0x30 ./wiseconnect3_sdk_3.4.1/components/device/silabs/si91x/mcu/drivers/unified_api/src/sl_si91x_dma.o
 .text.ulp_dma_internal_callback
                0x0820ad44       0x30 ./wiseconnect3_sdk_3.4.1/components/device/silabs/si91x/mcu/drivers/unified_api/src/sl_si91x_dma.o
 .text.sl_si91x_dma_init
                0x0820ad74       0x70 ./wiseconnect3_sdk_3.4.1/components/device/silabs/si91x/mcu/drivers/unified_api/src/sl_si91x_dma.o
                0x0820ad74                sl_si91x_dma_init
 .text.sl_si91x_dma_allocate_channel
                0x0820ade4       0xdc ./wiseconnect3_sdk_3.4.1/components/device/silabs/si91x/mcu/drivers/unified_api/src/sl_si91x_dma.o
                0x0820ade4                sl_si91x_dma_allocate_channel
 .text.sl_si91x_dma_register_callbacks
                0x0820aec0       0x5c ./wiseconnect3_sdk_3.4.1/components/device/silabs/si91x/mcu/drivers/unified_api/src/sl_si91x_dma.o
                0x0820aec0                sl_si91x_dma_register_callbacks
 .text.sl_si91x_dma_unregister_callbacks
                0x0820af1c       0x88 ./wiseconnect3_sdk_3.4.1/components/device/silabs/si91x/mcu/drivers/unified_api/src/sl_si91x_dma.o
                0x0820af1c                sl_si91x_dma_unregister_callbacks
 .text.sl_si91x_dma_transfer
                0x0820afa4      0x274 ./wiseconnect3_sdk_3.4.1/components/device/silabs/si91x/mcu/drivers/unified_api/src/sl_si91x_dma.o
                0x0820afa4                sl_si91x_dma_transfer
 .text.sl_si91x_dma_channel_enable
                0x0820b218       0x38 ./wiseconnect3_sdk_3.4.1/components/device/silabs/si91x/mcu/drivers/unified_api/src/sl_si91x_dma.o
                0x0820b218                sl_si91x_dma_channel_enable
 .text.sl_si91x_dma_enable
                0x0820b250       0x30 ./wiseconnect3_sdk_3.4.1/components/device/silabs/si91x/mcu/drivers/unified_api/src/sl_si91x_dma.o
                0x0820b250                sl_si91x_dma_enable
 .text.sl_gpio_clear_interrupts
                0x0820b280       0x14 ./wiseconnect3_sdk_3.4.1/components/device/silabs/si91x/mcu/drivers/unified_api/src/sl_si91x_driver_gpio.o
 .text.sl_gpio_validation
                0x0820b294       0x36 ./wiseconnect3_sdk_3.4.1/components/device/silabs/si91x/mcu/drivers/unified_api/src/sl_si91x_driver_gpio.o
 *fill*         0x0820b2ca        0x2 
 .text.sl_gpio_driver_configure_interrupt
                0x0820b2cc       0xf8 ./wiseconnect3_sdk_3.4.1/components/device/silabs/si91x/mcu/drivers/unified_api/src/sl_si91x_driver_gpio.o
                0x0820b2cc                sl_gpio_driver_configure_interrupt
 .text.sl_gpio_driver_set_pin_mode
                0x0820b3c4       0x32 ./wiseconnect3_sdk_3.4.1/components/device/silabs/si91x/mcu/drivers/unified_api/src/sl_si91x_driver_gpio.o
                0x0820b3c4                sl_gpio_driver_set_pin_mode
 .text.sl_si91x_gpio_driver_enable_pad_receiver
                0x0820b3f6       0x12 ./wiseconnect3_sdk_3.4.1/components/device/silabs/si91x/mcu/drivers/unified_api/src/sl_si91x_driver_gpio.o
                0x0820b3f6                sl_si91x_gpio_driver_enable_pad_receiver
 .text.sl_si91x_gpio_driver_enable_pad_selection
                0x0820b408       0x12 ./wiseconnect3_sdk_3.4.1/components/device/silabs/si91x/mcu/drivers/unified_api/src/sl_si91x_driver_gpio.o
                0x0820b408                sl_si91x_gpio_driver_enable_pad_selection
 .text.sl_si91x_gpio_driver_enable_host_pad_selection
                0x0820b41a       0x16 ./wiseconnect3_sdk_3.4.1/components/device/silabs/si91x/mcu/drivers/unified_api/src/sl_si91x_driver_gpio.o
                0x0820b41a                sl_si91x_gpio_driver_enable_host_pad_selection
 .text.sl_si91x_gpio_driver_enable_clock
                0x0820b430       0x12 ./wiseconnect3_sdk_3.4.1/components/device/silabs/si91x/mcu/drivers/unified_api/src/sl_si91x_driver_gpio.o
                0x0820b430                sl_si91x_gpio_driver_enable_clock
 .text.sl_si91x_gpio_driver_clear_group_interrupt
                0x0820b442       0x12 ./wiseconnect3_sdk_3.4.1/components/device/silabs/si91x/mcu/drivers/unified_api/src/sl_si91x_driver_gpio.o
                0x0820b442                sl_si91x_gpio_driver_clear_group_interrupt
 .text.sl_si91x_gpio_driver_enable_ulp_pad_receiver
                0x0820b454       0x12 ./wiseconnect3_sdk_3.4.1/components/device/silabs/si91x/mcu/drivers/unified_api/src/sl_si91x_driver_gpio.o
                0x0820b454                sl_si91x_gpio_driver_enable_ulp_pad_receiver
 .text.sl_si91x_gpio_driver_set_uulp_npss_pin_mux
                0x0820b466       0x16 ./wiseconnect3_sdk_3.4.1/components/device/silabs/si91x/mcu/drivers/unified_api/src/sl_si91x_driver_gpio.o
                0x0820b466                sl_si91x_gpio_driver_set_uulp_npss_pin_mux
 .text.sl_si91x_gpio_driver_select_uulp_npss_receiver
                0x0820b47c       0x16 ./wiseconnect3_sdk_3.4.1/components/device/silabs/si91x/mcu/drivers/unified_api/src/sl_si91x_driver_gpio.o
                0x0820b47c                sl_si91x_gpio_driver_select_uulp_npss_receiver
 *fill*         0x0820b492        0x2 
 .text.sl_gpio_set_configuration
                0x0820b494       0xdc ./wiseconnect3_sdk_3.4.1/components/device/silabs/si91x/mcu/drivers/unified_api/src/sl_si91x_driver_gpio.o
                0x0820b494                sl_gpio_set_configuration
 .text.sl_si91x_gpio_driver_clear_uulp_interrupt
                0x0820b570       0x12 ./wiseconnect3_sdk_3.4.1/components/device/silabs/si91x/mcu/drivers/unified_api/src/sl_si91x_driver_gpio.o
                0x0820b570                sl_si91x_gpio_driver_clear_uulp_interrupt
 *fill*         0x0820b582        0x2 
 .text.sl_si91x_gpio_driver_configure_uulp_interrupt
                0x0820b584       0x30 ./wiseconnect3_sdk_3.4.1/components/device/silabs/si91x/mcu/drivers/unified_api/src/sl_si91x_driver_gpio.o
                0x0820b584                sl_si91x_gpio_driver_configure_uulp_interrupt
 .text.sl_si91x_gpio_driver_clear_ulp_interrupt
                0x0820b5b4       0x12 ./wiseconnect3_sdk_3.4.1/components/device/silabs/si91x/mcu/drivers/unified_api/src/sl_si91x_driver_gpio.o
                0x0820b5b4                sl_si91x_gpio_driver_clear_ulp_interrupt
 .text.sl_si91x_gpio_driver_clear_ulp_group_interrupt
                0x0820b5c6       0x12 ./wiseconnect3_sdk_3.4.1/components/device/silabs/si91x/mcu/drivers/unified_api/src/sl_si91x_driver_gpio.o
                0x0820b5c6                sl_si91x_gpio_driver_clear_ulp_group_interrupt
 .text.sl_gpio_driver_init
                0x0820b5d8       0x94 ./wiseconnect3_sdk_3.4.1/components/device/silabs/si91x/mcu/drivers/unified_api/src/sl_si91x_driver_gpio.o
                0x0820b5d8                sl_gpio_driver_init
 .text.IRQ052_Handler
                0x0820b66c       0x18 ./wiseconnect3_sdk_3.4.1/components/device/silabs/si91x/mcu/drivers/unified_api/src/sl_si91x_driver_gpio.o
                0x0820b66c                IRQ052_Handler
 .text.IRQ053_Handler
                0x0820b684       0x18 ./wiseconnect3_sdk_3.4.1/components/device/silabs/si91x/mcu/drivers/unified_api/src/sl_si91x_driver_gpio.o
                0x0820b684                IRQ053_Handler
 .text.IRQ054_Handler
                0x0820b69c       0x18 ./wiseconnect3_sdk_3.4.1/components/device/silabs/si91x/mcu/drivers/unified_api/src/sl_si91x_driver_gpio.o
                0x0820b69c                IRQ054_Handler
 .text.IRQ055_Handler
                0x0820b6b4       0x18 ./wiseconnect3_sdk_3.4.1/components/device/silabs/si91x/mcu/drivers/unified_api/src/sl_si91x_driver_gpio.o
                0x0820b6b4                IRQ055_Handler
 .text.IRQ056_Handler
                0x0820b6cc       0x18 ./wiseconnect3_sdk_3.4.1/components/device/silabs/si91x/mcu/drivers/unified_api/src/sl_si91x_driver_gpio.o
                0x0820b6cc                IRQ056_Handler
 .text.IRQ057_Handler
                0x0820b6e4       0x18 ./wiseconnect3_sdk_3.4.1/components/device/silabs/si91x/mcu/drivers/unified_api/src/sl_si91x_driver_gpio.o
                0x0820b6e4                IRQ057_Handler
 .text.IRQ058_Handler
                0x0820b6fc       0x18 ./wiseconnect3_sdk_3.4.1/components/device/silabs/si91x/mcu/drivers/unified_api/src/sl_si91x_driver_gpio.o
                0x0820b6fc                IRQ058_Handler
 .text.IRQ059_Handler
                0x0820b714       0x18 ./wiseconnect3_sdk_3.4.1/components/device/silabs/si91x/mcu/drivers/unified_api/src/sl_si91x_driver_gpio.o
                0x0820b714                IRQ059_Handler
 .text.IRQ050_Handler
                0x0820b72c       0x18 ./wiseconnect3_sdk_3.4.1/components/device/silabs/si91x/mcu/drivers/unified_api/src/sl_si91x_driver_gpio.o
                0x0820b72c                IRQ050_Handler
 .text.IRQ051_Handler
                0x0820b744       0x18 ./wiseconnect3_sdk_3.4.1/components/device/silabs/si91x/mcu/drivers/unified_api/src/sl_si91x_driver_gpio.o
                0x0820b744                IRQ051_Handler
 .text.IRQ021_Handler
                0x0820b75c       0x68 ./wiseconnect3_sdk_3.4.1/components/device/silabs/si91x/mcu/drivers/unified_api/src/sl_si91x_driver_gpio.o
                0x0820b75c                IRQ021_Handler
 .text.IRQ018_Handler
                0x0820b7c4       0xa4 ./wiseconnect3_sdk_3.4.1/components/device/silabs/si91x/mcu/drivers/unified_api/src/sl_si91x_driver_gpio.o
                0x0820b7c4                IRQ018_Handler
 .text.IRQ019_Handler
                0x0820b868       0x3c ./wiseconnect3_sdk_3.4.1/components/device/silabs/si91x/mcu/drivers/unified_api/src/sl_si91x_driver_gpio.o
                0x0820b868                IRQ019_Handler
 .text.callback_event_handler
                0x0820b8a4       0x48 ./wiseconnect3_sdk_3.4.1/components/device/silabs/si91x/mcu/drivers/unified_api/src/sl_si91x_ssi.o
 .text.convert_arm_to_sl_error_code
                0x0820b8ec       0x14 ./wiseconnect3_sdk_3.4.1/components/device/silabs/si91x/mcu/drivers/unified_api/src/sl_si91x_ssi.o
 .text.validate_ssi_handle
                0x0820b900       0x28 ./wiseconnect3_sdk_3.4.1/components/device/silabs/si91x/mcu/drivers/unified_api/src/sl_si91x_ssi.o
 .text.sl_si91x_ssi_set_fifo_threshold
                0x0820b928       0x30 ./wiseconnect3_sdk_3.4.1/components/device/silabs/si91x/mcu/drivers/unified_api/src/sl_si91x_ssi.o
 .text.sl_si91x_ssi_init
                0x0820b958       0x98 ./wiseconnect3_sdk_3.4.1/components/device/silabs/si91x/mcu/drivers/unified_api/src/sl_si91x_ssi.o
                0x0820b958                sl_si91x_ssi_init
 .text.sl_si91x_ssi_set_configuration
                0x0820b9f0       0xc0 ./wiseconnect3_sdk_3.4.1/components/device/silabs/si91x/mcu/drivers/unified_api/src/sl_si91x_ssi.o
                0x0820b9f0                sl_si91x_ssi_set_configuration
 .text.sl_si91x_ssi_send_data
                0x0820bab0       0x50 ./wiseconnect3_sdk_3.4.1/components/device/silabs/si91x/mcu/drivers/unified_api/src/sl_si91x_ssi.o
                0x0820bab0                sl_si91x_ssi_send_data
 .text.sl_si91x_ssi_transfer_data
                0x0820bb00       0x54 ./wiseconnect3_sdk_3.4.1/components/device/silabs/si91x/mcu/drivers/unified_api/src/sl_si91x_ssi.o
                0x0820bb00                sl_si91x_ssi_transfer_data
 .text.sl_si91x_ssi_register_event_callback