Archive member included to satisfy reference by file (symbol)

c:/siliconlabs/simplicitystudio/v5/developer/toolchains/gnu_arm/12.2.rel1_2023.7/bin/../lib/gcc/arm-none-eabi/12.2.1/thumb/v7e-m+fp/softfp\libgcc.a(_arm_muldf3.o)
                              ./wiseconnect3_sdk_3.4.1/components/device/silabs/si91x/mcu/drivers/unified_api/src/sl_si91x_bjt_temperature_sensor.o (__aeabi_dmul)
c:/siliconlabs/simplicitystudio/v5/developer/toolchains/gnu_arm/12.2.rel1_2023.7/bin/../lib/gcc/arm-none-eabi/12.2.1/thumb/v7e-m+fp/softfp\libgcc.a(_arm_addsubdf3.o)
                              ./wiseconnect3_sdk_3.4.1/components/device/silabs/si91x/mcu/drivers/peripheral_drivers/src/clock_update.o (__aeabi_dadd)
c:/siliconlabs/simplicitystudio/v5/developer/toolchains/gnu_arm/12.2.rel1_2023.7/bin/../lib/gcc/arm-none-eabi/12.2.1/thumb/v7e-m+fp/softfp\libgcc.a(_arm_muldivdf3.o)
                              ./wiseconnect3_sdk_3.4.1/components/device/silabs/si91x/mcu/drivers/peripheral_drivers/src/clock_update.o (__aeabi_ddiv)
c:/siliconlabs/simplicitystudio/v5/developer/toolchains/gnu_arm/12.2.rel1_2023.7/bin/../lib/gcc/arm-none-eabi/12.2.1/thumb/v7e-m+fp/softfp\libgcc.a(_arm_cmpdf2.o)
                              ./wiseconnect3_sdk_3.4.1/components/device/silabs/si91x/mcu/drivers/peripheral_drivers/src/rsi_adc.o (__aeabi_dcmplt)
c:/siliconlabs/simplicitystudio/v5/developer/toolchains/gnu_arm/12.2.rel1_2023.7/bin/../lib/gcc/arm-none-eabi/12.2.1/thumb/v7e-m+fp/softfp\libgcc.a(_arm_fixunsdfsi.o)
                              ./wiseconnect3_sdk_3.4.1/components/device/silabs/si91x/mcu/drivers/peripheral_drivers/src/clock_update.o (__aeabi_d2uiz)
c:/siliconlabs/simplicitystudio/v5/developer/toolchains/gnu_arm/12.2.rel1_2023.7/bin/../lib/gcc/arm-none-eabi/12.2.1/thumb/v7e-m+fp/softfp\libgcc.a(_aeabi_ldivmod.o)
                              ./simplicity_sdk_2024.12.2/platform/service/sleeptimer/src/sl_sleeptimer.o (__aeabi_ldivmod)
c:/siliconlabs/simplicitystudio/v5/developer/toolchains/gnu_arm/12.2.rel1_2023.7/bin/../lib/gcc/arm-none-eabi/12.2.1/thumb/v7e-m+fp/softfp\libgcc.a(_aeabi_uldivmod.o)
                              ./simplicity_sdk_2024.12.2/platform/service/sleeptimer/src/sl_sleeptimer.o (__aeabi_uldivmod)
c:/siliconlabs/simplicitystudio/v5/developer/toolchains/gnu_arm/12.2.rel1_2023.7/bin/../lib/gcc/arm-none-eabi/12.2.1/thumb/v7e-m+fp/softfp\libgcc.a(_udivmoddi4.o)
                              c:/siliconlabs/simplicitystudio/v5/developer/toolchains/gnu_arm/12.2.rel1_2023.7/bin/../lib/gcc/arm-none-eabi/12.2.1/thumb/v7e-m+fp/softfp\libgcc.a(_aeabi_ldivmod.o) (__udivmoddi4)
c:/siliconlabs/simplicitystudio/v5/developer/toolchains/gnu_arm/12.2.rel1_2023.7/bin/../lib/gcc/arm-none-eabi/12.2.1/thumb/v7e-m+fp/softfp\libgcc.a(_dvmd_tls.o)
                              c:/siliconlabs/simplicitystudio/v5/developer/toolchains/gnu_arm/12.2.rel1_2023.7/bin/../lib/gcc/arm-none-eabi/12.2.1/thumb/v7e-m+fp/softfp\libgcc.a(_aeabi_ldivmod.o) (__aeabi_ldiv0)
c:/siliconlabs/simplicitystudio/v5/developer/toolchains/gnu_arm/12.2.rel1_2023.7/bin/../lib/gcc/arm-none-eabi/12.2.1/thumb/v7e-m+fp/softfp\libc_nano.a(libc_a-assert.o)
                              ./wiseconnect3_sdk_3.4.1/components/device/silabs/si91x/wireless/src/sl_rsi_utility.o (__assert_func)
c:/siliconlabs/simplicitystudio/v5/developer/toolchains/gnu_arm/12.2.rel1_2023.7/bin/../lib/gcc/arm-none-eabi/12.2.1/thumb/v7e-m+fp/softfp\libc_nano.a(libc_a-exit.o)
                              c:/siliconlabs/simplicitystudio/v5/developer/toolchains/gnu_arm/12.2.rel1_2023.7/bin/../lib/gcc/arm-none-eabi/12.2.1/thumb/v7e-m+fp/softfp/crt0.o (exit)
c:/siliconlabs/simplicitystudio/v5/developer/toolchains/gnu_arm/12.2.rel1_2023.7/bin/../lib/gcc/arm-none-eabi/12.2.1/thumb/v7e-m+fp/softfp\libc_nano.a(libc_a-malloc.o)
                              ./simplicity_sdk_2024.12.2/util/third_party/freertos/kernel/portable/MemMang/heap_3.o (malloc)
c:/siliconlabs/simplicitystudio/v5/developer/toolchains/gnu_arm/12.2.rel1_2023.7/bin/../lib/gcc/arm-none-eabi/12.2.1/thumb/v7e-m+fp/softfp\libc_nano.a(libc_a-mallocr.o)
                              c:/siliconlabs/simplicitystudio/v5/developer/toolchains/gnu_arm/12.2.rel1_2023.7/bin/../lib/gcc/arm-none-eabi/12.2.1/thumb/v7e-m+fp/softfp\libc_nano.a(libc_a-malloc.o) (_malloc_r)
c:/siliconlabs/simplicitystudio/v5/developer/toolchains/gnu_arm/12.2.rel1_2023.7/bin/../lib/gcc/arm-none-eabi/12.2.1/thumb/v7e-m+fp/softfp\libc_nano.a(libc_a-mlock.o)
                              c:/siliconlabs/simplicitystudio/v5/developer/toolchains/gnu_arm/12.2.rel1_2023.7/bin/../lib/gcc/arm-none-eabi/12.2.1/thumb/v7e-m+fp/softfp\libc_nano.a(libc_a-mallocr.o) (__malloc_lock)
c:/siliconlabs/simplicitystudio/v5/developer/toolchains/gnu_arm/12.2.rel1_2023.7/bin/../lib/gcc/arm-none-eabi/12.2.1/thumb/v7e-m+fp/softfp\libc_nano.a(libc_a-rand.o)
                              ./BLE_services.o (rand)
[...]
Memory Configuration

Name             Origin             Length             Attributes
rom              0x08202000         0x001fe000         xr
ram              0x0000000c         0x0002fbf4         xrw
udma0            0x0002fc00         0x00000400         xrw
udma1            0x24061c00         0x00000400         xrw
*default*        0x00000000         0xffffffff

Linker script and memory map

LOAD c:/siliconlabs/simplicitystudio/v5/developer/toolchains/gnu_arm/12.2.rel1_2023.7/bin/../lib/gcc/arm-none-eabi/12.2.1/thumb/v7e-m+fp/softfp/crti.o
LOAD c:/siliconlabs/simplicitystudio/v5/developer/toolchains/gnu_arm/12.2.rel1_2023.7/bin/../lib/gcc/arm-none-eabi/12.2.1/thumb/v7e-m+fp/softfp/crtbegin.o
LOAD c:/siliconlabs/simplicitystudio/v5/developer/toolchains/gnu_arm/12.2.rel1_2023.7/bin/../lib/gcc/arm-none-eabi/12.2.1/thumb/v7e-m+fp/softfp/crt0.o
START GROUP
LOAD ./BLE_services.o
LOAD ./app.o
LOAD ./button_baremetal.o
LOAD ./gpio_example.o
LOAD ./main.o
LOAD ./spi_app_layer.o
LOAD ./wake_device.o
LOAD ./autogen/sl_event_handler.o
LOAD ./autogen/sl_si91x_button_instances.o
LOAD ./autogen/sl_si91x_led_instances.o
LOAD ./simplicity_sdk_2024.12.2/platform/CMSIS/RTOS2/Source/os_systick.o
LOAD ./simplicity_sdk_2024.12.2/platform/common/src/sl_assert.o
LOAD ./simplicity_sdk_2024.12.2/platform/common/src/sl_cmsis_os2_common.o
LOAD ./simplicity_sdk_2024.12.2/platform/common/src/sl_core_cortexm.o
LOAD ./simplicity_sdk_2024.12.2/platform/common/src/sl_slist.o
LOAD ./simplicity_sdk_2024.12.2/platform/common/src/sl_string.o
LOAD ./simplicity_sdk_2024.12.2/platform/common/src/sl_syscalls.o
LOAD ./simplicity_sdk_2024.12.2/platform/common/src/sli_cmsis_os2_ext_task_register.o
LOAD ./simplicity_sdk_2024.12.2/platform/emlib/src/em_core.o
LOAD ./simplicity_sdk_2024.12.2/platform/service/sleeptimer/src/sl_sleeptimer.o
LOAD ./simplicity_sdk_2024.12.2/platform/service/system/src/sl_system_init.o
LOAD ./simplicity_sdk_2024.12.2/platform/service/system/src/sl_system_kernel.o
LOAD ./simplicity_sdk_2024.12.2/util/third_party/freertos/cmsis/Source/cmsis_os2.o
LOAD ./simplicity_sdk_2024.12.2/util/third_party/freertos/kernel/croutine.o
LOAD ./simplicity_sdk_2024.12.2/util/third_party/freertos/kernel/event_groups.o
LOAD ./simplicity_sdk_2024.12.2/util/third_party/freertos/kernel/list.o
LOAD ./simplicity_sdk_2024.12.2/util/third_party/freertos/kernel/queue.o
LOAD ./simplicity_sdk_2024.12.2/util/third_party/freertos/kernel/stream_buffer.o
LOAD ./simplicity_sdk_2024.12.2/util/third_party/freertos/kernel/tasks.o
LOAD ./simplicity_sdk_2024.12.2/util/third_party/freertos/kernel/timers.o
LOAD ./simplicity_sdk_2024.12.2/util/third_party/freertos/kernel/portable/GCC/ARM_CM4F/port.o
LOAD ./simplicity_sdk_2024.12.2/util/third_party/freertos/kernel/portable/MemMang/heap_3.o
LOAD ./wiseconnect3_sdk_3.4.1/components/board/silabs/src/rsi_board.o
LOAD ./wiseconnect3_sdk_3.4.1/components/common/src/sl_utility.o
LOAD ./wiseconnect3_sdk_3.4.1/components/device/silabs/si91x/mcu/core/chip/src/iPMU_prog/iPMU_dotc/ipmu_apis.o
LOAD ./wiseconnect3_sdk_3.4.1/components/device/silabs/si91x/mcu/core/chip/src/iPMU_prog/iPMU_dotc/rsi_system_config_917.o
LOAD ./wiseconnect3_sdk_3.4.1/components/device/silabs/si91x/mcu/core/chip/src/rsi_deepsleep_soc.o
LOAD ./wiseconnect3_sdk_3.4.1/components/device/silabs/si91x/mcu/core/chip/src/rsi_ps_ram_func.o
LOAD ./wiseconnect3_sdk_3.4.1/components/device/silabs/si91x/mcu/core/chip/src/startup_si91x.o
LOAD ./wiseconnect3_sdk_3.4.1/components/device/silabs/si91x/mcu/core/chip/src/system_si91x.o
LOAD ./wiseconnect3_sdk_3.4.1/components/device/silabs/si91x/mcu/core/common/src/rsi_debug.o
LOAD ./wiseconnect3_sdk_3.4.1/components/device/silabs/si91x/mcu/core/common/src/sl_si91x_stack_object_declare.o
LOAD ./wiseconnect3_sdk_3.4.1/components/device/silabs/si91x/mcu/core/common/src/syscalls.o
LOAD ./wiseconnect3_sdk_3.4.1/components/device/silabs/si91x/mcu/core/config/src/rsi_nvic_priorities_config.o
LOAD ./wiseconnect3_sdk_3.4.1/components/device/silabs/si91x/mcu/drivers/cmsis_driver/SPI.o
LOAD ./wiseconnect3_sdk_3.4.1/components/device/silabs/si91x/mcu/drivers/cmsis_driver/UDMA.o
LOAD ./wiseconnect3_sdk_3.4.1/components/device/silabs/si91x/mcu/drivers/cmsis_driver/USART.o
LOAD ./wiseconnect3_sdk_3.4.1/components/device/silabs/si91x/mcu/drivers/hardware_drivers/button/src/sl_si91x_button.o
LOAD ./wiseconnect3_sdk_3.4.1/components/device/silabs/si91x/mcu/drivers/hardware_drivers/led/src/sl_si91x_led.o
LOAD ./wiseconnect3_sdk_3.4.1/components/device/silabs/si91x/mcu/drivers/peripheral_drivers/src/aux_reference_volt_config.o
LOAD ./wiseconnect3_sdk_3.4.1/components/device/silabs/si91x/mcu/drivers/peripheral_drivers/src/clock_update.o
LOAD ./wiseconnect3_sdk_3.4.1/components/device/silabs/si91x/mcu/drivers/peripheral_drivers/src/rsi_adc.o
LOAD ./wiseconnect3_sdk_3.4.1/components/device/silabs/si91x/mcu/drivers/peripheral_drivers/src/rsi_crc.o
LOAD ./wiseconnect3_sdk_3.4.1/components/device/silabs/si91x/mcu/drivers/peripheral_drivers/src/rsi_dac.o
LOAD ./wiseconnect3_sdk_3.4.1/components/device/silabs/si91x/mcu/drivers/peripheral_drivers/src/rsi_egpio.o
LOAD ./wiseconnect3_sdk_3.4.1/components/device/silabs/si91x/mcu/drivers/peripheral_drivers/src/rsi_opamp.o
LOAD ./wiseconnect3_sdk_3.4.1/components/device/silabs/si91x/mcu/drivers/peripheral_drivers/src/rsi_spi.o
LOAD ./wiseconnect3_sdk_3.4.1/components/device/silabs/si91x/mcu/drivers/peripheral_drivers/src/rsi_sysrtc.o
LOAD ./wiseconnect3_sdk_3.4.1/components/device/silabs/si91x/mcu/drivers/peripheral_drivers/src/rsi_udma.o
LOAD ./wiseconnect3_sdk_3.4.1/components/device/silabs/si91x/mcu/drivers/peripheral_drivers/src/rsi_udma_wrapper.o
LOAD ./wiseconnect3_sdk_3.4.1/components/device/silabs/si91x/mcu/drivers/peripheral_drivers/src/rsi_usart.o
LOAD ./wiseconnect3_sdk_3.4.1/components/device/silabs/si91x/mcu/drivers/rom_driver/src/rsi_rom_table_si91x.o
LOAD ./wiseconnect3_sdk_3.4.1/components/device/silabs/si91x/mcu/drivers/service/clock_manager/src/sl_si91x_clock_manager.o
LOAD ./wiseconnect3_sdk_3.4.1/components/device/silabs/si91x/mcu/drivers/service/sleeptimer/src/sl_sleeptimer_hal_si91x_sysrtc.o
LOAD ./wiseconnect3_sdk_3.4.1/components/device/silabs/si91x/mcu/drivers/systemlevel/src/rsi_bod.o
LOAD ./wiseconnect3_sdk_3.4.1/components/device/silabs/si91x/mcu/drivers/systemlevel/src/rsi_ipmu.o
LOAD ./wiseconnect3_sdk_3.4.1/components/device/silabs/si91x/mcu/drivers/systemlevel/src/rsi_pll.o
LOAD ./wiseconnect3_sdk_3.4.1/components/device/silabs/si91x/mcu/drivers/systemlevel/src/rsi_rtc.o
LOAD ./wiseconnect3_sdk_3.4.1/components/device/silabs/si91x/mcu/drivers/systemlevel/src/rsi_temp_sensor.o
LOAD ./wiseconnect3_sdk_3.4.1/components/device/silabs/si91x/mcu/drivers/systemlevel/src/rsi_time_period.o
LOAD ./wiseconnect3_sdk_3.4.1/components/device/silabs/si91x/mcu/drivers/systemlevel/src/rsi_ulpss_clk.o
LOAD ./wiseconnect3_sdk_3.4.1/components/device/silabs/si91x/mcu/drivers/unified_api/src/sl_si91x_adc.o
LOAD ./wiseconnect3_sdk_3.4.1/components/device/silabs/si91x/mcu/drivers/unified_api/src/sl_si91x_bjt_temperature_sensor.o
LOAD ./wiseconnect3_sdk_3.4.1/components/device/silabs/si91x/mcu/drivers/unified_api/src/sl_si91x_dma.o
LOAD ./wiseconnect3_sdk_3.4.1/components/device/silabs/si91x/mcu/drivers/unified_api/src/sl_si91x_driver_gpio.o
LOAD ./wiseconnect3_sdk_3.4.1/components/device/silabs/si91x/mcu/drivers/unified_api/src/sl_si91x_ssi.o
LOAD ./wiseconnect3_sdk_3.4.1/components/device/silabs/si91x/mcu/drivers/unified_peripheral_drivers/src/sl_si91x_peripheral_gpio.o
LOAD ./wiseconnect3_sdk_3.4.1/components/device/silabs/si91x/wireless/ahb_interface/src/rsi_hal_mcu_m4_ram.o
LOAD ./wiseconnect3_sdk_3.4.1/components/device/silabs/si91x/wireless/ahb_interface/src/rsi_hal_mcu_m4_rom.o
LOAD ./wiseconnect3_sdk_3.4.1/components/device/silabs/si91x/wireless/ahb_interface/src/sl_platform.o
LOAD ./wiseconnect3_sdk_3.4.1/components/device/silabs/si91x/wireless/ahb_interface/src/sl_platform_wireless.o
LOAD ./wiseconnect3_sdk_3.4.1/components/device/silabs/si91x/wireless/ahb_interface/src/sl_si91x_bus.o
LOAD ./wiseconnect3_sdk_3.4.1/components/device/silabs/si91x/wireless/ahb_interface/src/sl_si91x_timer.o
LOAD ./wiseconnect3_sdk_3.4.1/components/device/silabs/si91x/wireless/ahb_interface/src/sli_siwx917_soc.o
LOAD ./wiseconnect3_sdk_3.4.1/components/device/silabs/si91x/wireless/ble/src/rsi_ble_gap_apis.o
LOAD ./wiseconnect3_sdk_3.4.1/components/device/silabs/si91x/wireless/ble/src/rsi_ble_gatt_apis.o
LOAD ./wiseconnect3_sdk_3.4.1/components/device/silabs/si91x/wireless/ble/src/rsi_bt_ble.o
LOAD ./wiseconnect3_sdk_3.4.1/components/device/silabs/si91x/wireless/ble/src/rsi_bt_common_apis.o
LOAD ./wiseconnect3_sdk_3.4.1/components/device/silabs/si91x/wireless/ble/src/rsi_common_apis.o
LOAD ./wiseconnect3_sdk_3.4.1/components/device/silabs/si91x/wireless/ble/src/rsi_utils.o
LOAD ./wiseconnect3_sdk_3.4.1/components/device/silabs/si91x/wireless/ble/src/sl_si91x_ble.o
LOAD ./wiseconnect3_sdk_3.4.1/components/device/silabs/si91x/wireless/errno/src/sl_si91x_errno.o
LOAD ./wiseconnect3_sdk_3.4.1/components/device/silabs/si91x/wireless/host_mcu/si91x/siwx917_soc_ncp_host.o
LOAD ./wiseconnect3_sdk_3.4.1/components/device/silabs/si91x/wireless/memory/malloc_buffers.o
LOAD ./wiseconnect3_sdk_3.4.1/components/device/silabs/si91x/wireless/src/sl_rsi_utility.o
LOAD ./wiseconnect3_sdk_3.4.1/components/device/silabs/si91x/wireless/src/sl_si91x_driver.o
LOAD ./wiseconnect3_sdk_3.4.1/components/device/silabs/si91x/wireless/threading/sli_si91x_multithreaded.o
LOAD ./wiseconnect3_sdk_3.4.1/components/protocol/wifi/si91x/sl_wifi.o
LOAD ./wiseconnect3_sdk_3.4.1/components/protocol/wifi/src/sl_wifi_callback_framework.o
LOAD c:/siliconlabs/simplicitystudio/v5/developer/toolchains/gnu_arm/12.2.rel1_2023.7/bin/../lib/gcc/arm-none-eabi/12.2.1/thumb/v7e-m+fp/softfp\libgcc.a
LOAD c:/siliconlabs/simplicitystudio/v5/developer/toolchains/gnu_arm/12.2.rel1_2023.7/bin/../lib/gcc/arm-none-eabi/12.2.1/thumb/v7e-m+fp/softfp\libnosys.a
LOAD c:/siliconlabs/simplicitystudio/v5/developer/toolchains/gnu_arm/12.2.rel1_2023.7/bin/../lib/gcc/arm-none-eabi/12.2.1/thumb/v7e-m+fp/softfp\libc_nano.a
LOAD c:/siliconlabs/simplicitystudio/v5/developer/toolchains/gnu_arm/12.2.rel1_2023.7/bin/../lib/gcc/arm-none-eabi/12.2.1/thumb/v7e-m+fp/softfp\libm.a
END GROUP
START GROUP
LOAD c:/siliconlabs/simplicitystudio/v5/developer/toolchains/gnu_arm/12.2.rel1_2023.7/bin/../lib/gcc/arm-none-eabi/12.2.1/thumb/v7e-m+fp/softfp\libgcc.a
LOAD c:/siliconlabs/simplicitystudio/v5/developer/toolchains/gnu_arm/12.2.rel1_2023.7/bin/../lib/gcc/arm-none-eabi/12.2.1/thumb/v7e-m+fp/softfp\libc_nano.a
LOAD c:/siliconlabs/simplicitystudio/v5/developer/toolchains/gnu_arm/12.2.rel1_2023.7/bin/../lib/gcc/arm-none-eabi/12.2.1/thumb/v7e-m+fp/softfp\libnosys.a
END GROUP
START GROUP
LOAD c:/siliconlabs/simplicitystudio/v5/developer/toolchains/gnu_arm/12.2.rel1_2023.7/bin/../lib/gcc/arm-none-eabi/12.2.1/thumb/v7e-m+fp/softfp\libgcc.a
LOAD c:/siliconlabs/simplicitystudio/v5/developer/toolchains/gnu_arm/12.2.rel1_2023.7/bin/../lib/gcc/arm-none-eabi/12.2.1/thumb/v7e-m+fp/softfp\libg_nano.a
LOAD c:/siliconlabs/simplicitystudio/v5/developer/toolchains/gnu_arm/12.2.rel1_2023.7/bin/../lib/gcc/arm-none-eabi/12.2.1/thumb/v7e-m+fp/softfp\libc_nano.a
END GROUP
START GROUP
LOAD c:/siliconlabs/simplicitystudio/v5/developer/toolchains/gnu_arm/12.2.rel1_2023.7/bin/../lib/gcc/arm-none-eabi/12.2.1/thumb/v7e-m+fp/softfp\libgcc.a
LOAD c:/siliconlabs/simplicitystudio/v5/developer/toolchains/gnu_arm/12.2.rel1_2023.7/bin/../lib/gcc/arm-none-eabi/12.2.1/thumb/v7e-m+fp/softfp\libc_nano.a
END GROUP
LOAD c:/siliconlabs/simplicitystudio/v5/developer/toolchains/gnu_arm/12.2.rel1_2023.7/bin/../lib/gcc/arm-none-eabi/12.2.1/thumb/v7e-m+fp/softfp/crtend.o
LOAD c:/siliconlabs/simplicitystudio/v5/developer/toolchains/gnu_arm/12.2.rel1_2023.7/bin/../lib/gcc/arm-none-eabi/12.2.1/thumb/v7e-m+fp/softfp/crtn.o

.text           0x08202000    0x1463b
 *(.isr_vector)
 .isr_vector    0x08202000      0x16c ./wiseconnect3_sdk_3.4.1/components/device/silabs/si91x/mcu/core/chip/src/startup_si91x.o
                0x08202000                __Vectors
                0x08202180                . = ALIGN (0x20)
 *fill*         0x0820216c       0x14 
 *(EXCLUDE_FILE(*tasks.o *UDMA.o) .text*)
 .text.deregister_tm_clones
                0x08202180       0x1c c:/siliconlabs/simplicitystudio/v5/developer/toolchains/gnu_arm/12.2.rel1_2023.7/bin/../lib/gcc/arm-none-eabi/12.2.1/thumb/v7e-m+fp/softfp/crtbegin.o
 .text.register_tm_clones
                0x0820219c       0x24 c:/siliconlabs/simplicitystudio/v5/developer/toolchains/gnu_arm/12.2.rel1_2023.7/bin/../lib/gcc/arm-none-eabi/12.2.1/thumb/v7e-m+fp/softfp/crtbegin.o
 .text.__do_global_dtors_aux
                0x082021c0       0x28 c:/siliconlabs/simplicitystudio/v5/developer/toolchains/gnu_arm/12.2.rel1_2023.7/bin/../lib/gcc/arm-none-eabi/12.2.1/thumb/v7e-m+fp/softfp/crtbegin.o
 .text.frame_dummy
                0x082021e8       0x24 c:/siliconlabs/simplicitystudio/v5/developer/toolchains/gnu_arm/12.2.rel1_2023.7/bin/../lib/gcc/arm-none-eabi/12.2.1/thumb/v7e-m+fp/softfp/crtbegin.o
 .text.rsi_ble_add_char_val_att
                0x0820220c       0x58 ./BLE_services.o
 .text.ble_on_read_req_event
                0x08202264       0x28 ./BLE_services.o
 .text.rsi_ble_add_char_serv_att.isra.0
                0x0820228c       0x58 ./BLE_services.o
 .text.rsi_ble_heart_rate_add_new_serv
                0x082022e4      0x12c ./BLE_services.o
                0x082022e4                rsi_ble_heart_rate_add_new_serv
 .text.rsi_ble_app_set_event
                0x08202410       0x2c ./BLE_services.o
                0x08202410                rsi_ble_app_set_event
 .text.rsi_ble_phy_update_complete_event
                0x0820243c        0x6 ./BLE_services.o
                0x0820243c                rsi_ble_phy_update_complete_event
 *fill*         0x08202442        0x2 
 .text.rsi_ble_simple_central_on_adv_report_event
                0x08202444       0x78 ./BLE_services.o
                0x08202444                rsi_ble_simple_central_on_adv_report_event
 .text.rsi_ble_on_enhance_conn_status_event
                0x082024bc       0x30 ./BLE_services.o
                0x082024bc                rsi_ble_on_enhance_conn_status_event
 .text.rsi_ble_on_char_services_event
                0x082024ec       0x18 ./BLE_services.o
 .text.rsi_ble_profile_event
                0x08202504       0x18 ./BLE_services.o
 .text.rsi_ble_profiles_list_event
                0x0820251c        0x6 ./BLE_services.o
 *fill*         0x08202522        0x2 
 .text.ble_on_att_desc_event
                0x08202524       0x18 ./BLE_services.o
 .text.rsi_ble_on_gatt_write_event
                0x0820253c       0x9c ./BLE_services.o
 .text.rsi_ble_on_disconnect_event
                0x082025d8        0x6 ./BLE_services.o
 *fill*         0x082025de        0x2 
 .text.rsi_ble_on_connect_event
                0x082025e0       0x18 ./BLE_services.o
 .text.heartratefun
                0x082025f8       0x5e ./BLE_services.o
                0x082025f8                heartratefun
 .text.custom_service_data_function
                0x08202656       0x1c ./BLE_services.o
                0x08202656                custom_service_data_function
 *fill*         0x08202672        0x2 
 .text.ble_heart_rate_gatt_server
                0x08202674      0x478 ./BLE_services.o
                0x08202674                ble_heart_rate_gatt_server
 .text.app_init
                0x08202aec       0x78 ./app.o
                0x08202aec                app_init
 .text.sl_si91x_button_isr
                0x08202b64       0x2c ./button_baremetal.o
                0x08202b64                sl_si91x_button_isr
 .text.gpio_example_init
                0x08202b90       0x7c ./gpio_example.o
                0x08202b90                gpio_example_init
 .text.gpio_example_process_action
                0x08202c0c       0x34 ./gpio_example.o
                0x08202c0c                gpio_example_process_action
 .text.startup.main
                0x08202c40       0x12 ./main.o
                0x08202c40                main
 *fill*         0x08202c52        0x2 
 .text.ring_buffer_put
                0x08202c54       0x20 ./spi_app_layer.o
                0x08202c54                ring_buffer_put
 .text.ring_buffer_get
                0x08202c74       0x38 ./spi_app_layer.o
                0x08202c74                ring_buffer_get
 .text.init_spi_slave
                0x08202cac       0x64 ./spi_app_layer.o
                0x08202cac                init_spi_slave
 .text.read_spi
                0x08202d10       0x2c ./spi_app_layer.o
                0x08202d10                read_spi
 .text.my_ssi_event_cb
                0x08202d3c       0x5c ./spi_app_layer.o
 .text.validate_checksum
                0x08202d98       0x3a ./spi_app_layer.o
                0x08202d98                validate_checksum
 *fill*         0x08202dd2        0x2 
 .text.process_frame
                0x08202dd4       0x44 ./spi_app_layer.o
                0x08202dd4                process_frame
 .text.spi_rx_handler
                0x08202e18       0x70 ./spi_app_layer.o
                0x08202e18                spi_rx_handler
 .text.spi_rx_task
                0x08202e88       0x2c ./spi_app_layer.o
                0x08202e88                spi_rx_task
 .text.sl_platform_init
                0x08202eb4       0x22 ./autogen/sl_event_handler.o
                0x08202eb4                sl_platform_init
 .text.sl_kernel_start
                0x08202ed6        0x4 ./autogen/sl_event_handler.o
                0x08202ed6                sl_kernel_start
 .text.sl_driver_init
                0x08202eda        0xe ./autogen/sl_event_handler.o
                0x08202eda                sl_driver_init
 .text.sl_service_init
                0x08202ee8        0x4 ./autogen/sl_event_handler.o
                0x08202ee8                sl_service_init
 .text.sl_stack_init
                0x08202eec        0x2 ./autogen/sl_event_handler.o
                0x08202eec                sl_stack_init
 .text.sl_internal_app_init
                0x08202eee        0x2 ./autogen/sl_event_handler.o
                0x08202eee                sl_internal_app_init
 .text.button_init_instances
                0x08202ef0        0xc ./autogen/sl_si91x_button_instances.o
                0x08202ef0                button_init_instances
 .text.led_init_instances
                0x08202efc        0xc ./autogen/sl_si91x_led_instances.o
                0x08202efc                led_init_instances
 .text.CORE_EnterCritical
                0x08202f08        0x8 ./simplicity_sdk_2024.12.2/platform/common/src/sl_core_cortexm.o
                0x08202f08                CORE_EnterCritical
 .text.CORE_ExitCritical
                0x08202f10        0xa ./simplicity_sdk_2024.12.2/platform/common/src/sl_core_cortexm.o
                0x08202f10                CORE_ExitCritical
 .text.CORE_EnterAtomic
                0x08202f1a        0xc ./simplicity_sdk_2024.12.2/platform/common/src/sl_core_cortexm.o
                0x08202f1a                CORE_EnterAtomic
 .text.CORE_ExitAtomic
                0x08202f26        0xa ./simplicity_sdk_2024.12.2/platform/common/src/sl_core_cortexm.o
                0x08202f26                CORE_ExitAtomic
 .text.sl_strnlen
                0x08202f30       0x16 ./simplicity_sdk_2024.12.2/platform/common/src/sl_string.o
                0x08202f30                sl_strnlen
 .text.sl_strlen
                0x08202f46        0x8 ./simplicity_sdk_2024.12.2/platform/common/src/sl_string.o
                0x08202f46                sl_strlen
 *fill*         0x08202f4e        0x2 
 .text.sli_osTaskRegisterNew
                0x08202f50       0x1c ./simplicity_sdk_2024.12.2/platform/common/src/sli_cmsis_os2_ext_task_register.o
                0x08202f50                sli_osTaskRegisterNew
 .text.sli_osTaskRegisterSetValue
                0x08202f6c        0xa ./simplicity_sdk_2024.12.2/platform/common/src/sli_cmsis_os2_ext_task_register.o
                0x08202f6c                sli_osTaskRegisterSetValue
 *fill*         0x08202f76        0x2 
 .text.delta_list_insert_timer
                0x08202f78       0x40 ./simplicity_sdk_2024.12.2/platform/service/sleeptimer/src/sl_sleeptimer.o
 .text.update_delta_list
                0x08202fb8       0x34 ./simplicity_sdk_2024.12.2/platform/service/sleeptimer/src/sl_sleeptimer.o
 .text.set_comparator_for_next_timer
                0x08202fec       0x64 ./simplicity_sdk_2024.12.2/platform/service/sleeptimer/src/sl_sleeptimer.o
 .text.delta_list_remove_timer
                0x08203050       0x3c ./simplicity_sdk_2024.12.2/platform/service/sleeptimer/src/sl_sleeptimer.o
 .text.sl_sleeptimer_init
                0x0820308c       0x74 ./simplicity_sdk_2024.12.2/platform/service/sleeptimer/src/sl_sleeptimer.o
                0x0820308c                sl_sleeptimer_init
 .text.process_timer_irq
                0x08203100      0x128 ./simplicity_sdk_2024.12.2/platform/service/sleeptimer/src/sl_sleeptimer.o
                0x08203100                process_timer_irq
 .text.sl_system_init
                0x08203228       0x1a ./simplicity_sdk_2024.12.2/platform/service/system/src/sl_system_init.o
                0x08203228                sl_system_init
 .text.sl_system_kernel_start
                0x08203242        0x4 ./simplicity_sdk_2024.12.2/platform/service/system/src/sl_system_kernel.o
                0x08203242                sl_system_kernel_start
 .text.SysTick_Handler
                0x08203246       0x1a ./simplicity_sdk_2024.12.2/util/third_party/freertos/cmsis/Source/cmsis_os2.o
                0x08203246                SysTick_Handler
 .text.osKernelInitialize
                0x08203260       0x34 ./simplicity_sdk_2024.12.2/util/third_party/freertos/cmsis/Source/cmsis_os2.o
                0x08203260                osKernelInitialize
 .text.osKernelGetState
                0x08203294       0x20 ./simplicity_sdk_2024.12.2/util/third_party/freertos/cmsis/Source/cmsis_os2.o
                0x08203294                osKernelGetState
 .text.osKernelStart
                0x082032b4       0x48 ./simplicity_sdk_2024.12.2/util/third_party/freertos/cmsis/Source/cmsis_os2.o
                0x082032b4                osKernelStart
 .text.osKernelGetTickCount
                0x082032fc       0x28 ./simplicity_sdk_2024.12.2/util/third_party/freertos/cmsis/Source/cmsis_os2.o
                0x082032fc                osKernelGetTickCount
 .text.osThreadNew
                0x08203324       0xa8 ./simplicity_sdk_2024.12.2/util/third_party/freertos/cmsis/Source/cmsis_os2.o
                0x08203324                osThreadNew
 .text.osThreadGetId
                0x082033cc        0x4 ./simplicity_sdk_2024.12.2/util/third_party/freertos/cmsis/Source/cmsis_os2.o
                0x082033cc                osThreadGetId
 .text.osThreadTerminate
                0x082033d0       0x4c ./simplicity_sdk_2024.12.2/util/third_party/freertos/cmsis/Source/cmsis_os2.o
                0x082033d0                osThreadTerminate
 .text.osDelay  0x0820341c       0x30 ./simplicity_sdk_2024.12.2/util/third_party/freertos/cmsis/Source/cmsis_os2.o
                0x0820341c                osDelay
 .text.osEventFlagsNew
                0x0820344c       0x3c ./simplicity_sdk_2024.12.2/util/third_party/freertos/cmsis/Source/cmsis_os2.o
                0x0820344c                osEventFlagsNew
 .text.osEventFlagsSet
                0x08203488       0x70 ./simplicity_sdk_2024.12.2/util/third_party/freertos/cmsis/Source/cmsis_os2.o
                0x08203488                osEventFlagsSet
 .text.osEventFlagsClear
                0x082034f8       0x5c ./simplicity_sdk_2024.12.2/util/third_party/freertos/cmsis/Source/cmsis_os2.o
                0x082034f8                osEventFlagsClear
 .text.osEventFlagsWait
                0x08203554       0x70 ./simplicity_sdk_2024.12.2/util/third_party/freertos/cmsis/Source/cmsis_os2.o
                0x08203554                osEventFlagsWait
 .text.osMutexNew
                0x082035c4       0x94 ./simplicity_sdk_2024.12.2/util/third_party/freertos/cmsis/Source/cmsis_os2.o
                0x082035c4                osMutexNew
 .text.osMutexAcquire
                0x08203658       0x60 ./simplicity_sdk_2024.12.2/util/third_party/freertos/cmsis/Source/cmsis_os2.o
                0x08203658                osMutexAcquire
 .text.osMutexRelease
                0x082036b8       0x58 ./simplicity_sdk_2024.12.2/util/third_party/freertos/cmsis/Source/cmsis_os2.o
                0x082036b8                osMutexRelease
 .text.osMutexDelete
                0x08203710       0x48 ./simplicity_sdk_2024.12.2/util/third_party/freertos/cmsis/Source/cmsis_os2.o
                0x08203710                osMutexDelete
 .text.osSemaphoreNew
                0x08203758       0xb0 ./simplicity_sdk_2024.12.2/util/third_party/freertos/cmsis/Source/cmsis_os2.o
                0x08203758                osSemaphoreNew
 .text.osSemaphoreAcquire
                0x08203808       0x74 ./simplicity_sdk_2024.12.2/util/third_party/freertos/cmsis/Source/cmsis_os2.o
                0x08203808                osSemaphoreAcquire
 .text.osSemaphoreRelease
                0x0820387c       0x6c ./simplicity_sdk_2024.12.2/util/third_party/freertos/cmsis/Source/cmsis_os2.o
                0x0820387c                osSemaphoreRelease
 .text.vApplicationGetIdleTaskMemory
                0x082038e8       0x18 ./simplicity_sdk_2024.12.2/util/third_party/freertos/cmsis/Source/cmsis_os2.o
                0x082038e8                vApplicationGetIdleTaskMemory
 .text.vApplicationGetTimerTaskMemory
                0x08203900       0x18 ./simplicity_sdk_2024.12.2/util/third_party/freertos/cmsis/Source/cmsis_os2.o
                0x08203900                vApplicationGetTimerTaskMemory
 .text.xEventGroupCreateStatic
                0x08203918       0x48 ./simplicity_sdk_2024.12.2/util/third_party/freertos/kernel/event_groups.o
                0x08203918                xEventGroupCreateStatic
 .text.xEventGroupCreate
                0x08203960       0x1c ./simplicity_sdk_2024.12.2/util/third_party/freertos/kernel/event_groups.o
                0x08203960                xEventGroupCreate
 .text.xEventGroupWaitBits
                0x0820397c      0x130 ./simplicity_sdk_2024.12.2/util/third_party/freertos/kernel/event_groups.o
                0x0820397c                xEventGroupWaitBits
 .text.xEventGroupClearBits
                0x08203aac       0x46 ./simplicity_sdk_2024.12.2/util/third_party/freertos/kernel/event_groups.o
                0x08203aac                xEventGroupClearBits
 .text.vEventGroupClearBitsCallback
                0x08203af2        0x4 ./simplicity_sdk_2024.12.2/util/third_party/freertos/kernel/event_groups.o
                0x08203af2                vEventGroupClearBitsCallback
 *fill*         0x08203af6        0x2 
 .text.xEventGroupClearBitsFromISR
                0x08203af8       0x10 ./simplicity_sdk_2024.12.2/util/third_party/freertos/kernel/event_groups.o
                0x08203af8                xEventGroupClearBitsFromISR
 .text.xEventGroupGetBitsFromISR
                0x08203b08       0x1c ./simplicity_sdk_2024.12.2/util/third_party/freertos/kernel/event_groups.o
                0x08203b08                xEventGroupGetBitsFromISR
 .text.xEventGroupSetBits
                0x08203b24       0x88 ./simplicity_sdk_2024.12.2/util/third_party/freertos/kernel/event_groups.o
                0x08203b24                xEventGroupSetBits
 .text.vEventGroupSetBitsCallback
                0x08203bac        0x4 ./simplicity_sdk_2024.12.2/util/third_party/freertos/kernel/event_groups.o
                0x08203bac                vEventGroupSetBitsCallback
 .text.xEventGroupSetBitsFromISR
                0x08203bb0       0x10 ./simplicity_sdk_2024.12.2/util/third_party/freertos/kernel/event_groups.o
                0x08203bb0                xEventGroupSetBitsFromISR
 .text.vListInitialise
                0x08203bc0       0x16 ./simplicity_sdk_2024.12.2/util/third_party/freertos/kernel/list.o
                0x08203bc0                vListInitialise
 .text.vListInitialiseItem
                0x08203bd6        0x6 ./simplicity_sdk_2024.12.2/util/third_party/freertos/kernel/list.o
                0x08203bd6                vListInitialiseItem
 .text.vListInsertEnd
                0x08203bdc       0x16 ./simplicity_sdk_2024.12.2/util/third_party/freertos/kernel/list.o
                0x08203bdc                vListInsertEnd
 .text.vListInsert
                0x08203bf2       0x2e ./simplicity_sdk_2024.12.2/util/third_party/freertos/kernel/list.o
                0x08203bf2                vListInsert
 .text.uxListRemove
                0x08203c20       0x20 ./simplicity_sdk_2024.12.2/util/third_party/freertos/kernel/list.o
                0x08203c20                uxListRemove
 .text.prvIsQueueEmpty
                0x08203c40       0x16 ./simplicity_sdk_2024.12.2/util/third_party/freertos/kernel/queue.o
 .text.prvCopyDataToQueue
                0x08203c56       0x66 ./simplicity_sdk_2024.12.2/util/third_party/freertos/kernel/queue.o
 .text.prvCopyDataFromQueue
                0x08203cbc       0x2c ./simplicity_sdk_2024.12.2/util/third_party/freertos/kernel/queue.o
 .text.prvUnlockQueue
                0x08203ce8       0x70 ./simplicity_sdk_2024.12.2/util/third_party/freertos/kernel/queue.o
 .text.xQueueGenericReset
                0x08203d58       0x7e ./simplicity_sdk_2024.12.2/util/third_party/freertos/kernel/queue.o
                0x08203d58                xQueueGenericReset
 .text.xQueueGenericCreate.part.0
                0x08203dd6       0x7a ./simplicity_sdk_2024.12.2/util/third_party/freertos/kernel/queue.o
 .text.xQueueGenericCreateStatic
                0x08203e50       0xa6 ./simplicity_sdk_2024.12.2/util/third_party/freertos/kernel/queue.o
                0x08203e50                xQueueGenericCreateStatic
 .text.xQueueGenericCreate
                0x08203ef6       0x18 ./simplicity_sdk_2024.12.2/util/third_party/freertos/kernel/queue.o
                0x08203ef6                xQueueGenericCreate
 .text.xQueueCreateCountingSemaphoreStatic
                0x08203f0e       0x44 ./simplicity_sdk_2024.12.2/util/third_party/freertos/kernel/queue.o
                0x08203f0e                xQueueCreateCountingSemaphoreStatic
 .text.xQueueCreateCountingSemaphore
                0x08203f52       0x3c ./simplicity_sdk_2024.12.2/util/third_party/freertos/kernel/queue.o
                0x08203f52                xQueueCreateCountingSemaphore
 .text.xQueueGenericSend
                0x08203f8e      0x178 ./simplicity_sdk_2024.12.2/util/third_party/freertos/kernel/queue.o
                0x08203f8e                xQueueGenericSend
 .text.xQueueCreateMutexStatic
                0x08204106       0x2a ./simplicity_sdk_2024.12.2/util/third_party/freertos/kernel/queue.o
                0x08204106                xQueueCreateMutexStatic
 .text.xQueueGiveMutexRecursive
                0x08204130       0x3e ./simplicity_sdk_2024.12.2/util/third_party/freertos/kernel/queue.o
                0x08204130                xQueueGiveMutexRecursive
 .text.xQueueCreateMutex
                0x0820416e       0x24 ./simplicity_sdk_2024.12.2/util/third_party/freertos/kernel/queue.o
                0x0820416e                xQueueCreateMutex
 .text.xQueueGenericSendFromISR
                0x08204192       0xd0 ./simplicity_sdk_2024.12.2/util/third_party/freertos/kernel/queue.o
                0x08204192                xQueueGenericSendFromISR
 .text.xQueueGiveFromISR
                0x08204262       0xb8 ./simplicity_sdk_2024.12.2/util/third_party/freertos/kernel/queue.o
                0x08204262                xQueueGiveFromISR
 .text.xQueueReceive
                0x0820431a      0x13e ./simplicity_sdk_2024.12.2/util/third_party/freertos/kernel/queue.o
                0x0820431a                xQueueReceive
 .text.xQueueSemaphoreTake
                0x08204458      0x17a ./simplicity_sdk_2024.12.2/util/third_party/freertos/kernel/queue.o
                0x08204458                xQueueSemaphoreTake
 .text.xQueueTakeMutexRecursive
                0x082045d2       0x42 ./simplicity_sdk_2024.12.2/util/third_party/freertos/kernel/queue.o
                0x082045d2                xQueueTakeMutexRecursive
 .text.xQueueReceiveFromISR
                0x08204614       0xb0 ./simplicity_sdk_2024.12.2/util/third_party/freertos/kernel/queue.o
                0x08204614                xQueueReceiveFromISR
 .text.vQueueAddToRegistry
                0x082046c4       0x24 ./simplicity_sdk_2024.12.2/util/third_party/freertos/kernel/queue.o
                0x082046c4                vQueueAddToRegistry
 .text.vQueueUnregisterQueue
                0x082046e8       0x30 ./simplicity_sdk_2024.12.2/util/third_party/freertos/kernel/queue.o
                0x082046e8                vQueueUnregisterQueue
 .text.vQueueDelete
                0x08204718       0x2a ./simplicity_sdk_2024.12.2/util/third_party/freertos/kernel/queue.o
                0x08204718                vQueueDelete
 .text.vQueueWaitForMessageRestricted
                0x08204742       0x46 ./simplicity_sdk_2024.12.2/util/third_party/freertos/kernel/queue.o
                0x08204742                vQueueWaitForMessageRestricted
 .text.prvInsertTimerInActiveList
                0x08204788       0x3c ./simplicity_sdk_2024.12.2/util/third_party/freertos/kernel/timers.o
 .text.prvCheckForValidListAndQueue
                0x082047c4       0x68 ./simplicity_sdk_2024.12.2/util/third_party/freertos/kernel/timers.o
 .text.xTimerCreateTimerTask
                0x0820482c       0x64 ./simplicity_sdk_2024.12.2/util/third_party/freertos/kernel/timers.o
                0x0820482c                xTimerCreateTimerTask
 .text.xTimerGenericCommand
                0x08204890       0x58 ./simplicity_sdk_2024.12.2/util/third_party/freertos/kernel/timers.o
                0x08204890                xTimerGenericCommand
 .text.prvSampleTimeNow
                0x082048e8       0xa4 ./simplicity_sdk_2024.12.2/util/third_party/freertos/kernel/timers.o
 .text.prvTimerTask
                0x0820498c      0x1cc ./simplicity_sdk_2024.12.2/util/third_party/freertos/kernel/timers.o
 .text.xTimerPendFunctionCallFromISR
                0x08204b58       0x28 ./simplicity_sdk_2024.12.2/util/third_party/freertos/kernel/timers.o
                0x08204b58                xTimerPendFunctionCallFromISR
 .text.prvPortStartFirstTask
                0x08204b80       0x28 ./simplicity_sdk_2024.12.2/util/third_party/freertos/kernel/portable/GCC/ARM_CM4F/port.o
 .text.vPortEnableVFP
                0x08204ba8       0x14 ./simplicity_sdk_2024.12.2/util/third_party/freertos/kernel/portable/GCC/ARM_CM4F/port.o
 .text.prvTaskExitError
                0x08204bbc       0x40 ./simplicity_sdk_2024.12.2/util/third_party/freertos/kernel/portable/GCC/ARM_CM4F/port.o
 .text.pxPortInitialiseStack
                0x08204bfc       0x2c ./simplicity_sdk_2024.12.2/util/third_party/freertos/kernel/portable/GCC/ARM_CM4F/port.o
                0x08204bfc                pxPortInitialiseStack
 *fill*         0x08204c28        0x8 
 .text.SVC_Handler
                0x08204c30       0x24 ./simplicity_sdk_2024.12.2/util/third_party/freertos/kernel/portable/GCC/ARM_CM4F/port.o
                0x08204c30                SVC_Handler
 .text.vPortEnterCritical
                0x08204c54       0x40 ./simplicity_sdk_2024.12.2/util/third_party/freertos/kernel/portable/GCC/ARM_CM4F/port.o
                0x08204c54                vPortEnterCritical
 .text.vPortExitCritical
                0x08204c94       0x28 ./simplicity_sdk_2024.12.2/util/third_party/freertos/kernel/portable/GCC/ARM_CM4F/port.o
                0x08204c94                vPortExitCritical
 *fill*         0x08204cbc        0x4 
 .text.PendSV_Handler
                0x08204cc0       0x64 ./simplicity_sdk_2024.12.2/util/third_party/freertos/kernel/portable/GCC/ARM_CM4F/port.o
                0x08204cc0                PendSV_Handler
 .text.xPortSysTickHandler
                0x08204d24       0x2c ./simplicity_sdk_2024.12.2/util/third_party/freertos/kernel/portable/GCC/ARM_CM4F/port.o
                0x08204d24                xPortSysTickHandler
 .text.vPortSetupTimerInterrupt
                0x08204d50       0x24 ./simplicity_sdk_2024.12.2/util/third_party/freertos/kernel/portable/GCC/ARM_CM4F/port.o
                0x08204d50                vPortSetupTimerInterrupt
 .text.xPortStartScheduler
                0x08204d74      0x10c ./simplicity_sdk_2024.12.2/util/third_party/freertos/kernel/portable/GCC/ARM_CM4F/port.o
                0x08204d74                xPortStartScheduler
 .text.vPortValidateInterruptPriority
                0x08204e80       0x5c ./simplicity_sdk_2024.12.2/util/third_party/freertos/kernel/portable/GCC/ARM_CM4F/port.o
                0x08204e80                vPortValidateInterruptPriority
 .text.pvPortMalloc
                0x08204edc       0x18 ./simplicity_sdk_2024.12.2/util/third_party/freertos/kernel/portable/MemMang/heap_3.o
                0x08204edc                pvPortMalloc
 .text.vPortFree
                0x08204ef4       0x1a ./simplicity_sdk_2024.12.2/util/third_party/freertos/kernel/portable/MemMang/heap_3.o
                0x08204ef4                vPortFree
 *fill*         0x08204f0e        0x2 
 .text.RSI_Board_Init
                0x08204f10       0x5c ./wiseconnect3_sdk_3.4.1/components/board/silabs/src/rsi_board.o
                0x08204f10                RSI_Board_Init
 .text.print_firmware_version
                0x08204f6c       0x2c ./wiseconnect3_sdk_3.4.1/components/common/src/sl_utility.o
                0x08204f6c                print_firmware_version
 .text.sl_redirect_log
                0x08204f98        0x6 ./wiseconnect3_sdk_3.4.1/components/common/src/sl_utility.o
                0x08204f98                sl_redirect_log
 *fill*         0x08204f9e        0x2 
 .text.init_ipmu_calib_data
                0x08204fa0       0x54 ./wiseconnect3_sdk_3.4.1/components/device/silabs/si91x/mcu/core/chip/src/iPMU_prog/iPMU_dotc/ipmu_apis.o
                0x08204fa0                init_ipmu_calib_data
 .text.program_ipmu_data
                0x08204ff4       0x54 ./wiseconnect3_sdk_3.4.1/components/device/silabs/si91x/mcu/core/chip/src/iPMU_prog/iPMU_dotc/ipmu_apis.o
                0x08204ff4                program_ipmu_data
 .text.ipmu_init_mcu
                0x08205048       0x94 ./wiseconnect3_sdk_3.4.1/components/device/silabs/si91x/mcu/core/chip/src/iPMU_prog/iPMU_dotc/ipmu_apis.o
                0x08205048                ipmu_init_mcu
 .text.ipmu_init
                0x082050dc       0xa8 ./wiseconnect3_sdk_3.4.1/components/device/silabs/si91x/mcu/core/chip/src/iPMU_prog/iPMU_dotc/ipmu_apis.o
                0x082050dc                ipmu_init
 .text.configure_ipmu_mode
                0x08205184       0x38 ./wiseconnect3_sdk_3.4.1/components/device/silabs/si91x/mcu/core/chip/src/iPMU_prog/iPMU_dotc/ipmu_apis.o
                0x08205184                configure_ipmu_mode
 .text.RSI_PS_RestoreCpuContext
                0x082051bc       0x34 ./wiseconnect3_sdk_3.4.1/components/device/silabs/si91x/mcu/core/chip/src/rsi_deepsleep_soc.o
                0x082051bc                RSI_PS_RestoreCpuContext
 .text.RSI_Set_Cntrls_To_M4
                0x082051f0       0x50 ./wiseconnect3_sdk_3.4.1/components/device/silabs/si91x/mcu/core/chip/src/rsi_deepsleep_soc.o
                0x082051f0                RSI_Set_Cntrls_To_M4
 .text.Default_Handler
                0x08205240        0x2 ./wiseconnect3_sdk_3.4.1/components/device/silabs/si91x/mcu/core/chip/src/startup_si91x.o
                0x08205240                DebugMon_Handler
                0x08205240                IRQ031_Handler
                0x08205240                HardFault_Handler
                0x08205240                IRQ095_Handler
                0x08205240                IRQ065_Handler
                0x08205240                IRQ093_Handler
                0x08205240                NMI_Handler
                0x08205240                IRQ014_Handler
                0x08205240                IRQ027_Handler
                0x08205240                IRQ062_Handler
                0x08205240                IRQ097_Handler
                0x08205240                IRQ088_Handler
                0x08205240                IRQ034_Handler
                0x08205240                IRQ071_Handler
                0x08205240                IRQ067_Handler
                0x08205240                IRQ070_Handler
                0x08205240                IRQ077_Handler
                0x08205240                IRQ028_Handler
                0x08205240                IRQ063_Handler
                0x08205240                IRQ076_Handler
                0x08205240                UsageFault_Handler
                0x08205240                IRQ023_Handler
                0x08205240                IRQ009_Handler
                0x08205240                IRQ048_Handler
                0x08205240                IRQ083_Handler
                0x08205240                IRQ089_Handler
                0x08205240                HIF1_IRQHandler
                0x08205240                IRQ037_Handler
                0x08205240                IRQ072_Handler
                0x08205240                IRQ008_Handler
                0x08205240                IRQ082_Handler
                0x08205240                IRQ007_Handler
                0x08205240                IRQ046_Handler
                0x08205240                IRQ081_Handler
                0x08205240                IRQ004_Handler
                0x08205240                IRQ043_Handler
                0x08205240                IRQ002_Handler
                0x08205240                IRQ041_Handler
                0x08205240                IRQ098_Handler
                0x08205240                IRQ000_Handler
                0x08205240                IRQ005_Handler
                0x08205240                IRQ049_Handler
                0x08205240                IRQ084_Handler
                0x08205240                IRQ006_Handler
                0x08205240                IRQ045_Handler
                0x08205240                IRQ080_Handler
                0x08205240                IRQ015_Handler
                0x08205240                MemManage_Handler
                0x08205240                HIF2_IRQHandler
                0x08205240                IRQ001_Handler
                0x08205240                IRQ040_Handler
                0x08205240                IRQ068_Handler
                0x08205240                IRQ096_Handler
                0x08205240                IRQ003_Handler
                0x08205240                IRQ042_Handler
                0x08205240                IRQ024_Handler
                0x08205240                IRQ090_Handler
                0x08205240                IRQ078_Handler
                0x08205240                IRQ032_Handler
                0x08205240                IRQ020_Handler
                0x08205240                IRQ073_Handler
                0x08205240                IRQ092_Handler
                0x08205240                IRQ087_Handler
                0x08205240                IRQ026_Handler
                0x08205240                IRQ061_Handler
                0x08205240                IRQ025_Handler
                0x08205240                IRQ060_Handler
                0x08205240                IRQ085_Handler
                0x08205240                IRQ013_Handler
                0x08205240                IRQ030_Handler
                0x08205240                IRQ029_Handler
                0x08205240                IRQ064_Handler
                0x08205240                IRQ066_Handler
                0x08205240                IRQ017_Handler
                0x08205240                IRQ091_Handler
                0x08205240                BusFault_Handler
                0x08205240                IRQ069_Handler
                0x08205240                IRQ075_Handler
                0x08205240                IRQ086_Handler
                0x08205240                IRQ094_Handler
                0x08205240                IRQ079_Handler
 .text.Default_Reset_Handler
                0x08205242        0x2 ./wiseconnect3_sdk_3.4.1/components/device/silabs/si91x/mcu/core/chip/src/startup_si91x.o
                0x08205242                Default_Reset_Handler
                0x08205242                Reset_Handler
 .text.Copy_Table
                0x08205244       0x24 ./wiseconnect3_sdk_3.4.1/components/device/silabs/si91x/mcu/core/chip/src/startup_si91x.o
                0x08205244                Copy_Table
 .text.Zero_Table
                0x08205268       0x24 ./wiseconnect3_sdk_3.4.1/components/device/silabs/si91x/mcu/core/chip/src/startup_si91x.o
                0x08205268                Zero_Table
 .text.RSI_Default_Reset_Handler
                0x0820528c       0x16 ./wiseconnect3_sdk_3.4.1/components/device/silabs/si91x/mcu/core/chip/src/startup_si91x.o
                0x0820528c                RSI_Default_Reset_Handler
 *fill*         0x082052a2        0x2 
 .text.SystemCoreClockUpdate
                0x082052a4      0x118 ./wiseconnect3_sdk_3.4.1/components/device/silabs/si91x/mcu/core/chip/src/system_si91x.o
                0x082052a4                SystemCoreClockUpdate
 .text.fpuInit  0x082053bc       0x44 ./wiseconnect3_sdk_3.4.1/components/device/silabs/si91x/mcu/core/chip/src/system_si91x.o
                0x082053bc                fpuInit
 .text.SystemInit
                0x08205400       0xe4 ./wiseconnect3_sdk_3.4.1/components/device/silabs/si91x/mcu/core/chip/src/system_si91x.o
                0x08205400                SystemInit
 .text.ARM_UART_SignalEvent
                0x082054e4       0x24 ./wiseconnect3_sdk_3.4.1/components/device/silabs/si91x/mcu/core/common/src/rsi_debug.o
                0x082054e4                ARM_UART_SignalEvent
 .text.Board_Debug_Init
                0x08205508       0x5c ./wiseconnect3_sdk_3.4.1/components/device/silabs/si91x/mcu/core/common/src/rsi_debug.o
                0x08205508                Board_Debug_Init
 .text.Board_UARTGetChar
                0x08205564       0x30 ./wiseconnect3_sdk_3.4.1/components/device/silabs/si91x/mcu/core/common/src/rsi_debug.o
                0x08205564                Board_UARTGetChar
 .text.Board_UARTPutChar
                0x08205594       0x30 ./wiseconnect3_sdk_3.4.1/components/device/silabs/si91x/mcu/core/common/src/rsi_debug.o
                0x08205594                Board_UARTPutChar
 .text.read_exclude_space
                0x082055c4       0x20 ./wiseconnect3_sdk_3.4.1/components/device/silabs/si91x/mcu/core/common/src/syscalls.o
 .text._getpid  0x082055e4        0x4 ./wiseconnect3_sdk_3.4.1/components/device/silabs/si91x/mcu/core/common/src/syscalls.o
                0x082055e4                _getpid
 .text._kill    0x082055e8       0x10 ./wiseconnect3_sdk_3.4.1/components/device/silabs/si91x/mcu/core/common/src/syscalls.o
                0x082055e8                _kill
 .text._exit    0x082055f8        0xc ./wiseconnect3_sdk_3.4.1/components/device/silabs/si91x/mcu/core/common/src/syscalls.o
                0x082055f8                _exit
 .text._write   0x08205604       0x44 ./wiseconnect3_sdk_3.4.1/components/device/silabs/si91x/mcu/core/common/src/syscalls.o
                0x08205604                _write
 .text._close   0x08205648        0x6 ./wiseconnect3_sdk_3.4.1/components/device/silabs/si91x/mcu/core/common/src/syscalls.o
                0x08205648                _close
 .text._fstat   0x0820564e        0xa ./wiseconnect3_sdk_3.4.1/components/device/silabs/si91x/mcu/core/common/src/syscalls.o
                0x0820564e                _fstat
 .text._isatty  0x08205658        0x4 ./wiseconnect3_sdk_3.4.1/components/device/silabs/si91x/mcu/core/common/src/syscalls.o
                0x08205658                _isatty
 .text._lseek   0x0820565c        0x4 ./wiseconnect3_sdk_3.4.1/components/device/silabs/si91x/mcu/core/common/src/syscalls.o
                0x0820565c                _lseek
 .text._read    0x08205660      0x30c ./wiseconnect3_sdk_3.4.1/components/device/silabs/si91x/mcu/core/common/src/syscalls.o
                0x08205660                _read
 .text.sl_si91x_device_init_nvic
                0x0820596c       0x18 ./wiseconnect3_sdk_3.4.1/components/device/silabs/si91x/mcu/core/config/src/rsi_nvic_priorities_config.o
                0x0820596c                sl_si91x_device_init_nvic
 .text.SPI_GetVersion
                0x08205984       0x20 ./wiseconnect3_sdk_3.4.1/components/device/silabs/si91x/mcu/drivers/cmsis_driver/SPI.o
                0x08205984                SPI_GetVersion
 .text.SPI_GetCapabilities
                0x082059a4        0x4 ./wiseconnect3_sdk_3.4.1/components/device/silabs/si91x/mcu/drivers/cmsis_driver/SPI.o
                0x082059a4                SPI_GetCapabilities
 .text.SSI_MASTER_GetStatus
                0x082059a8        0xc ./wiseconnect3_sdk_3.4.1/components/device/silabs/si91x/mcu/drivers/cmsis_driver/SPI.o
 .text.SSI_SLAVE_GetStatus
                0x082059b4        0xc ./wiseconnect3_sdk_3.4.1/components/device/silabs/si91x/mcu/drivers/cmsis_driver/SPI.o
 .text.SSI_ULP_MASTER_GetStatus
                0x082059c0        0xc ./wiseconnect3_sdk_3.4.1/components/device/silabs/si91x/mcu/drivers/cmsis_driver/SPI.o
 .text.SSI_SLAVE_Control
                0x082059cc       0x18 ./wiseconnect3_sdk_3.4.1/components/device/silabs/si91x/mcu/drivers/cmsis_driver/SPI.o
 .text.SSI_MASTER_Control
                0x082059e4       0x3c ./wiseconnect3_sdk_3.4.1/components/device/silabs/si91x/mcu/drivers/cmsis_driver/SPI.o
 .text.SSI_ULP_MASTER_Control
                0x08205a20       0x3c ./wiseconnect3_sdk_3.4.1/components/device/silabs/si91x/mcu/drivers/cmsis_driver/SPI.o
 .text.SSI_MASTER_GetDataCount
                0x08205a5c        0xc ./wiseconnect3_sdk_3.4.1/components/device/silabs/si91x/mcu/drivers/cmsis_driver/SPI.o
 .text.SSI_SLAVE_GetDataCount
                0x08205a68        0xc ./wiseconnect3_sdk_3.4.1/components/device/silabs/si91x/mcu/drivers/cmsis_driver/SPI.o
 .text.SSI_ULP_MASTER_GetDataCount
                0x08205a74        0xc ./wiseconnect3_sdk_3.4.1/components/device/silabs/si91x/mcu/drivers/cmsis_driver/SPI.o
 .text.SSI_MASTER_Transfer
                0x08205a80       0x2c ./wiseconnect3_sdk_3.4.1/components/device/silabs/si91x/mcu/drivers/cmsis_driver/SPI.o
 .text.SSI_SLAVE_Transfer
                0x08205aac       0x2c ./wiseconnect3_sdk_3.4.1/components/device/silabs/si91x/mcu/drivers/cmsis_driver/SPI.o
 .text.SSI_ULP_MASTER_Transfer
                0x08205ad8       0x2c ./wiseconnect3_sdk_3.4.1/components/device/silabs/si91x/mcu/drivers/cmsis_driver/SPI.o
 .text.SSI_MASTER_Receive
                0x08205b04       0x2c ./wiseconnect3_sdk_3.4.1/components/device/silabs/si91x/mcu/drivers/cmsis_driver/SPI.o
 .text.SSI_SLAVE_Receive
                0x08205b30       0x2c ./wiseconnect3_sdk_3.4.1/components/device/silabs/si91x/mcu/drivers/cmsis_driver/SPI.o
 .text.SSI_ULP_MASTER_Receive
                0x08205b5c       0x2c ./wiseconnect3_sdk_3.4.1/components/device/silabs/si91x/mcu/drivers/cmsis_driver/SPI.o
 .text.SSI_MASTER_Send
                0x08205b88       0x2c ./wiseconnect3_sdk_3.4.1/components/device/silabs/si91x/mcu/drivers/cmsis_driver/SPI.o
 .text.SSI_SLAVE_Send
                0x08205bb4       0x2c ./wiseconnect3_sdk_3.4.1/components/device/silabs/si91x/mcu/drivers/cmsis_driver/SPI.o
 .text.SSI_ULP_MASTER_Send
                0x08205be0       0x2c ./wiseconnect3_sdk_3.4.1/components/device/silabs/si91x/mcu/drivers/cmsis_driver/SPI.o
 .text.SSI_MASTER_PowerControl
                0x08205c0c        0xc ./wiseconnect3_sdk_3.4.1/components/device/silabs/si91x/mcu/drivers/cmsis_driver/SPI.o
 .text.SSI_SLAVE_PowerControl
                0x08205c18        0xc ./wiseconnect3_sdk_3.4.1/components/device/silabs/si91x/mcu/drivers/cmsis_driver/SPI.o
 .text.SSI_ULP_MASTER_PowerControl
                0x08205c24        0xc ./wiseconnect3_sdk_3.4.1/components/device/silabs/si91x/mcu/drivers/cmsis_driver/SPI.o
 .text.SSI_MASTER_Uninitialize
                0x08205c30       0x10 ./wiseconnect3_sdk_3.4.1/components/device/silabs/si91x/mcu/drivers/cmsis_driver/SPI.o
 .text.SSI_SLAVE_Uninitialize
                0x08205c40       0x10 ./wiseconnect3_sdk_3.4.1/components/device/silabs/si91x/mcu/drivers/cmsis_driver/SPI.o
 .text.SSI_ULP_MASTER_Uninitialize
                0x08205c50       0x1c ./wiseconnect3_sdk_3.4.1/components/device/silabs/si91x/mcu/drivers/cmsis_driver/SPI.o
 .text.SSI_MASTER_Initialize
                0x08205c6c       0x38 ./wiseconnect3_sdk_3.4.1/components/device/silabs/si91x/mcu/drivers/cmsis_driver/SPI.o
 .text.SSI_SLAVE_Initialize
                0x08205ca4       0x38 ./wiseconnect3_sdk_3.4.1/components/device/silabs/si91x/mcu/drivers/cmsis_driver/SPI.o
 .text.SSI_ULP_MASTER_Initialize
                0x08205cdc       0x3c ./wiseconnect3_sdk_3.4.1/components/device/silabs/si91x/mcu/drivers/cmsis_driver/SPI.o
 .text.RSI_SPI_SetSlaveSelectNumber
                0x08205d18        0xc ./wiseconnect3_sdk_3.4.1/components/device/silabs/si91x/mcu/drivers/cmsis_driver/SPI.o
                0x08205d18                RSI_SPI_SetSlaveSelectNumber
 .text.IRQ047_Handler
                0x08205d24        0xc ./wiseconnect3_sdk_3.4.1/components/device/silabs/si91x/mcu/drivers/cmsis_driver/SPI.o
                0x08205d24                IRQ047_Handler
 .text.IRQ044_Handler
                0x08205d30        0xc ./wiseconnect3_sdk_3.4.1/components/device/silabs/si91x/mcu/drivers/cmsis_driver/SPI.o
                0x08205d30                IRQ044_Handler
 .text.IRQ016_Handler
                0x08205d3c        0xc ./wiseconnect3_sdk_3.4.1/components/device/silabs/si91x/mcu/drivers/cmsis_driver/SPI.o
                0x08205d3c                IRQ016_Handler
 .text.SSI_SetRxSamplingDelay
                0x08205d48       0x38 ./wiseconnect3_sdk_3.4.1/components/device/silabs/si91x/mcu/drivers/cmsis_driver/SPI.o
                0x08205d48                SSI_SetRxSamplingDelay
 .text.SSI_SetFifoThreshold
                0x08205d80       0x1c ./wiseconnect3_sdk_3.4.1/components/device/silabs/si91x/mcu/drivers/cmsis_driver/SPI.o
                0x08205d80                SSI_SetFifoThreshold
 .text.SSI_GetInitState
                0x08205d9c       0x30 ./wiseconnect3_sdk_3.4.1/components/device/silabs/si91x/mcu/drivers/cmsis_driver/SPI.o
                0x08205d9c                SSI_GetInitState
 .text.ssi_transfer_complete_callback
                0x08205dcc        0x2 ./wiseconnect3_sdk_3.4.1/components/device/silabs/si91x/mcu/drivers/cmsis_driver/SPI.o
                0x08205dcc                ssi_transfer_complete_callback
 .text.ssi_error_callback
                0x08205dce        0x2 ./wiseconnect3_sdk_3.4.1/components/device/silabs/si91x/mcu/drivers/cmsis_driver/SPI.o
                0x08205dce                ssi_error_callback
 .text.ARM_USARTx_GetVersion
                0x08205dd0       0x20 ./wiseconnect3_sdk_3.4.1/components/device/silabs/si91x/mcu/drivers/cmsis_driver/USART.o
                0x08205dd0                ARM_USARTx_GetVersion
 .text.ARM_ULP_UART_GetCapabilities
                0x08205df0        0xc ./wiseconnect3_sdk_3.4.1/components/device/silabs/si91x/mcu/drivers/cmsis_driver/USART.o
 .text.ARM_ULP_UART_GetModemStatus
                0x08205dfc        0xc ./wiseconnect3_sdk_3.4.1/components/device/silabs/si91x/mcu/drivers/cmsis_driver/USART.o
 .text.ARM_ULP_UART_SetModemControl
                0x08205e08        0xc ./wiseconnect3_sdk_3.4.1/components/device/silabs/si91x/mcu/drivers/cmsis_driver/USART.o
 .text.ARM_ULP_UART_GetStatus
                0x08205e14        0xc ./wiseconnect3_sdk_3.4.1/components/device/silabs/si91x/mcu/drivers/cmsis_driver/USART.o
 .text.ARM_ULP_UART_Control
                0x08205e20       0x34 ./wiseconnect3_sdk_3.4.1/components/device/silabs/si91x/mcu/drivers/cmsis_driver/USART.o
 .text.ARM_ULP_UART_GetRxCount
                0x08205e54        0xc ./wiseconnect3_sdk_3.4.1/components/device/silabs/si91x/mcu/drivers/cmsis_driver/USART.o
 .text.ARM_ULP_UART_GetTxCount
                0x08205e60        0xc ./wiseconnect3_sdk_3.4.1/components/device/silabs/si91x/mcu/drivers/cmsis_driver/USART.o
 .text.ARM_ULP_UART_Transfer
                0x08205e6c       0x54 ./wiseconnect3_sdk_3.4.1/components/device/silabs/si91x/mcu/drivers/cmsis_driver/USART.o
 .text.ARM_ULP_UART_Receive
                0x08205ec0       0x48 ./wiseconnect3_sdk_3.4.1/components/device/silabs/si91x/mcu/drivers/cmsis_driver/USART.o
 .text.ARM_ULP_UART_Send
                0x08205f08       0x48 ./wiseconnect3_sdk_3.4.1/components/device/silabs/si91x/mcu/drivers/cmsis_driver/USART.o
 .text.ARM_ULP_UART_PowerControl
                0x08205f50       0x18 ./wiseconnect3_sdk_3.4.1/components/device/silabs/si91x/mcu/drivers/cmsis_driver/USART.o
 .text.ARM_ULP_UART_Uninitialize
                0x08205f68       0x1c ./wiseconnect3_sdk_3.4.1/components/device/silabs/si91x/mcu/drivers/cmsis_driver/USART.o
 .text.ARM_ULP_UART_Initialize
                0x08205f84       0x30 ./wiseconnect3_sdk_3.4.1/components/device/silabs/si91x/mcu/drivers/cmsis_driver/USART.o
 .text.IRQ038_Handler
                0x08205fb4        0xc ./wiseconnect3_sdk_3.4.1/components/device/silabs/si91x/mcu/drivers/cmsis_driver/USART.o
                0x08205fb4                IRQ038_Handler
 .text.IRQ039_Handler
                0x08205fc0        0xc ./wiseconnect3_sdk_3.4.1/components/device/silabs/si91x/mcu/drivers/cmsis_driver/USART.o
                0x08205fc0                IRQ039_Handler
 .text.IRQ012_Handler
                0x08205fcc        0xc ./wiseconnect3_sdk_3.4.1/components/device/silabs/si91x/mcu/drivers/cmsis_driver/USART.o
                0x08205fcc                IRQ012_Handler
 .text.RSI_ULPUartHandler
                0x08205fd8        0x4 ./wiseconnect3_sdk_3.4.1/components/device/silabs/si91x/mcu/drivers/cmsis_driver/USART.o
                0x08205fd8                RSI_ULPUartHandler
 .text.sl_si91x_button_init
                0x08205fdc       0xd0 ./wiseconnect3_sdk_3.4.1/components/device/silabs/si91x/mcu/drivers/hardware_drivers/button/src/sl_si91x_button.o
                0x08205fdc                sl_si91x_button_init
 .text.sl_si91x_button_state
                0x082060ac       0x50 ./wiseconnect3_sdk_3.4.1/components/device/silabs/si91x/mcu/drivers/hardware_drivers/button/src/sl_si91x_button.o
                0x082060ac                sl_si91x_button_state
 .text.sl_si91x_button_internal_isr
                0x082060fc       0x44 ./wiseconnect3_sdk_3.4.1/components/device/silabs/si91x/mcu/drivers/hardware_drivers/button/src/sl_si91x_button.o
                0x082060fc                sl_si91x_button_internal_isr
 .text.button_HP_IRQHandler
                0x08206140       0x10 ./wiseconnect3_sdk_3.4.1/components/device/silabs/si91x/mcu/drivers/hardware_drivers/button/src/sl_si91x_button.o
 .text.button_ULP_IRQHandler
                0x08206150       0x10 ./wiseconnect3_sdk_3.4.1/components/device/silabs/si91x/mcu/drivers/hardware_drivers/button/src/sl_si91x_button.o
 .text.button_UULP_IRQHandler
                0x08206160       0x10 ./wiseconnect3_sdk_3.4.1/components/device/silabs/si91x/mcu/drivers/hardware_drivers/button/src/sl_si91x_button.o
 .text.sl_gpio_validation
                0x08206170       0x36 ./wiseconnect3_sdk_3.4.1/components/device/silabs/si91x/mcu/drivers/hardware_drivers/led/src/sl_si91x_led.o
 .text.sl_si91x_led_init
                0x082061a6       0x30 ./wiseconnect3_sdk_3.4.1/components/device/silabs/si91x/mcu/drivers/hardware_drivers/led/src/sl_si91x_led.o
                0x082061a6                sl_si91x_led_init
 *fill*         0x082061d6        0x2 
 .text.sl_si91x_led_toggle
                0x082061d8       0x58 ./wiseconnect3_sdk_3.4.1/components/device/silabs/si91x/mcu/drivers/hardware_drivers/led/src/sl_si91x_led.o
                0x082061d8                sl_si91x_led_toggle
 .text.RSI_AUX_RefVoltageConfig
                0x08206230       0xe8 ./wiseconnect3_sdk_3.4.1/components/device/silabs/si91x/mcu/drivers/peripheral_drivers/src/aux_reference_volt_config.o
                0x08206230                RSI_AUX_RefVoltageConfig
 .text.RSI_CLK_GetBaseClock
                0x08206318      0x50c ./wiseconnect3_sdk_3.4.1/components/device/silabs/si91x/mcu/drivers/peripheral_drivers/src/clock_update.o
                0x08206318                RSI_CLK_GetBaseClock
 .text.RSI_EGPIO_HostPadsGpioModeDisable
                0x08206824       0x10 ./wiseconnect3_sdk_3.4.1/components/device/silabs/si91x/mcu/drivers/peripheral_drivers/src/rsi_adc.o
 .text.RSI_EGPIO_PadReceiverDisable
                0x08206834       0x10 ./wiseconnect3_sdk_3.4.1/components/device/silabs/si91x/mcu/drivers/peripheral_drivers/src/rsi_adc.o
 .text.RSI_EGPIO_UlpPadReceiverDisable
                0x08206844       0x10 ./wiseconnect3_sdk_3.4.1/components/device/silabs/si91x/mcu/drivers/peripheral_drivers/src/rsi_adc.o
 .text.ADC_DMA_Transfer_Complete
                0x08206854       0x10 ./wiseconnect3_sdk_3.4.1/components/device/silabs/si91x/mcu/drivers/peripheral_drivers/src/rsi_adc.o
                0x08206854                ADC_DMA_Transfer_Complete
 .text.ADC_DMA_Error_Callback
                0x08206864        0x4 ./wiseconnect3_sdk_3.4.1/components/device/silabs/si91x/mcu/drivers/peripheral_drivers/src/rsi_adc.o
                0x08206864                ADC_DMA_Error_Callback
 .text.RSI_EGPIO_SetPinMux.constprop.0
                0x08206868       0x1c ./wiseconnect3_sdk_3.4.1/components/device/silabs/si91x/mcu/drivers/peripheral_drivers/src/rsi_adc.o
 .text.RSI_ULPSS_AuxClkConfig.constprop.0.isra.0
                0x08206884       0x18 ./wiseconnect3_sdk_3.4.1/components/device/silabs/si91x/mcu/drivers/peripheral_drivers/src/rsi_adc.o
 .text.ADC_Start
                0x0820689c       0x50 ./wiseconnect3_sdk_3.4.1/components/device/silabs/si91x/mcu/drivers/peripheral_drivers/src/rsi_adc.o
                0x0820689c                ADC_Start
 .text.cal_adc_channel_offset
                0x082068ec       0xa4 ./wiseconnect3_sdk_3.4.1/components/device/silabs/si91x/mcu/drivers/peripheral_drivers/src/rsi_adc.o
                0x082068ec                cal_adc_channel_offset
 .text.check_power_two
                0x08206990       0x12 ./wiseconnect3_sdk_3.4.1/components/device/silabs/si91x/mcu/drivers/peripheral_drivers/src/rsi_adc.o
                0x08206990                check_power_two
 .text.roundupto_pwr2
                0x082069a2       0x1e ./wiseconnect3_sdk_3.4.1/components/device/silabs/si91x/mcu/drivers/peripheral_drivers/src/rsi_adc.o
                0x082069a2                roundupto_pwr2
 .text.max_sample_rate_achive
                0x082069c0       0x30 ./wiseconnect3_sdk_3.4.1/components/device/silabs/si91x/mcu/drivers/peripheral_drivers/src/rsi_adc.o
                0x082069c0                max_sample_rate_achive
 .text.get_min_sampling_time
                0x082069f0      0x2a0 ./wiseconnect3_sdk_3.4.1/components/device/silabs/si91x/mcu/drivers/peripheral_drivers/src/rsi_adc.o
                0x082069f0                get_min_sampling_time
 .text.ADC_PinMux
                0x08206c90      0x39c ./wiseconnect3_sdk_3.4.1/components/device/silabs/si91x/mcu/drivers/peripheral_drivers/src/rsi_adc.o
                0x08206c90                ADC_PinMux
 .text.RSI_ADC_PingPongMemoryAdrConfig
                0x0820702c       0xd4 ./wiseconnect3_sdk_3.4.1/components/device/silabs/si91x/mcu/drivers/peripheral_drivers/src/rsi_adc.o
                0x0820702c                RSI_ADC_PingPongMemoryAdrConfig
 .text.RSI_ADC_PingPongReInit
                0x08207100       0x60 ./wiseconnect3_sdk_3.4.1/components/device/silabs/si91x/mcu/drivers/peripheral_drivers/src/rsi_adc.o
                0x08207100                RSI_ADC_PingPongReInit
 .text.RSI_ADC_Calibration
                0x08207160       0xb8 ./wiseconnect3_sdk_3.4.1/components/device/silabs/si91x/mcu/drivers/peripheral_drivers/src/rsi_adc.o
                0x08207160                RSI_ADC_Calibration
 .text.RSI_ADC_PingpongEnable
                0x08207218       0x28 ./wiseconnect3_sdk_3.4.1/components/device/silabs/si91x/mcu/drivers/peripheral_drivers/src/rsi_adc.o
                0x08207218                RSI_ADC_PingpongEnable
 .text.RSI_ADC_InternalPerChnlDmaEnable
                0x08207240       0x2a ./wiseconnect3_sdk_3.4.1/components/device/silabs/si91x/mcu/drivers/peripheral_drivers/src/rsi_adc.o
                0x08207240                RSI_ADC_InternalPerChnlDmaEnable
 .text.RSI_ADC_ChannelConfig
                0x0820726a       0x68 ./wiseconnect3_sdk_3.4.1/components/device/silabs/si91x/mcu/drivers/peripheral_drivers/src/rsi_adc.o
                0x0820726a                RSI_ADC_ChannelConfig
 *fill*         0x082072d2        0x2 
 .text.RSI_ADC_Stop
                0x082072d4       0x2c ./wiseconnect3_sdk_3.4.1/components/device/silabs/si91x/mcu/drivers/peripheral_drivers/src/rsi_adc.o
                0x082072d4                RSI_ADC_Stop
 .text.ADC_Stop
                0x08207300       0x10 ./wiseconnect3_sdk_3.4.1/components/device/silabs/si91x/mcu/drivers/peripheral_drivers/src/rsi_adc.o
                0x08207300                ADC_Stop
 .text.RSI_ADC_ChnlEnable
                0x08207310       0x40 ./wiseconnect3_sdk_3.4.1/components/device/silabs/si91x/mcu/drivers/peripheral_drivers/src/rsi_adc.o
                0x08207310                RSI_ADC_ChnlEnable
 .text.RSI_ADC_ClkDivfactor
                0x08207350       0x34 ./wiseconnect3_sdk_3.4.1/components/device/silabs/si91x/mcu/drivers/peripheral_drivers/src/rsi_adc.o
                0x08207350                RSI_ADC_ClkDivfactor
 .text.RSI_ADC_ChnlIntrUnMask
                0x08207384       0x58 ./wiseconnect3_sdk_3.4.1/components/device/silabs/si91x/mcu/drivers/peripheral_drivers/src/rsi_adc.o
                0x08207384                RSI_ADC_ChnlIntrUnMask
 .text.RSI_ADC_ChnlIntrClr
                0x082073dc       0x36 ./wiseconnect3_sdk_3.4.1/components/device/silabs/si91x/mcu/drivers/peripheral_drivers/src/rsi_adc.o
                0x082073dc                RSI_ADC_ChnlIntrClr
 *fill*         0x08207412        0x2 
 .text.RSI_ADC_PowerControl
                0x08207414       0x64 ./wiseconnect3_sdk_3.4.1/components/device/silabs/si91x/mcu/drivers/peripheral_drivers/src/rsi_adc.o
                0x08207414                RSI_ADC_PowerControl
 .text.ADC_Init
                0x08207478      0x1a8 ./wiseconnect3_sdk_3.4.1/components/device/silabs/si91x/mcu/drivers/peripheral_drivers/src/rsi_adc.o
                0x08207478                ADC_Init
 .text.ADC_Per_Channel_Init
                0x08207620      0x1a0 ./wiseconnect3_sdk_3.4.1/components/device/silabs/si91x/mcu/drivers/peripheral_drivers/src/rsi_adc.o
                0x08207620                ADC_Per_Channel_Init
 .text.ADC_Deinit
                0x082077c0       0x3c ./wiseconnect3_sdk_3.4.1/components/device/silabs/si91x/mcu/drivers/peripheral_drivers/src/rsi_adc.o
                0x082077c0                ADC_Deinit
 .text.RSI_ADC_NoiseAvgMode
                0x082077fc       0x20 ./wiseconnect3_sdk_3.4.1/components/device/silabs/si91x/mcu/drivers/peripheral_drivers/src/rsi_adc.o
                0x082077fc                RSI_ADC_NoiseAvgMode
 .text.ADC_ChannelConfig
                0x0820781c      0x3c8 ./wiseconnect3_sdk_3.4.1/components/device/silabs/si91x/mcu/drivers/peripheral_drivers/src/rsi_adc.o
                0x0820781c                ADC_ChannelConfig
 .text.ADC_Per_ChannelConfig
                0x08207be4      0x438 ./wiseconnect3_sdk_3.4.1/components/device/silabs/si91x/mcu/drivers/peripheral_drivers/src/rsi_adc.o
                0x08207be4                ADC_Per_ChannelConfig
 .text.RSI_ADC_TempSensorEnable
                0x0820801c       0x10 ./wiseconnect3_sdk_3.4.1/components/device/silabs/si91x/mcu/drivers/peripheral_drivers/src/rsi_adc.o
                0x0820801c                RSI_ADC_TempSensorEnable
 .text.RSI_ADC_InterruptHandler
                0x0820802c       0xf4 ./wiseconnect3_sdk_3.4.1/components/device/silabs/si91x/mcu/drivers/peripheral_drivers/src/rsi_adc.o
                0x0820802c                RSI_ADC_InterruptHandler
 .text.IRQ011_Handler
                0x08208120        0xc ./wiseconnect3_sdk_3.4.1/components/device/silabs/si91x/mcu/drivers/peripheral_drivers/src/rsi_adc.o
                0x08208120                IRQ011_Handler
 .text.RSI_ADC_GainOffsetCal
                0x0820812c       0x6c ./wiseconnect3_sdk_3.4.1/components/device/silabs/si91x/mcu/drivers/peripheral_drivers/src/rsi_adc.o
                0x0820812c                RSI_ADC_GainOffsetCal
 .text.RSI_ADC_ReadDataStatic
                0x08208198       0x14 ./wiseconnect3_sdk_3.4.1/components/device/silabs/si91x/mcu/drivers/peripheral_drivers/src/rsi_adc.o
                0x08208198                RSI_ADC_ReadDataStatic
 .text.RSI_DAC_InterruptMask
                0x082081ac       0x1e ./wiseconnect3_sdk_3.4.1/components/device/silabs/si91x/mcu/drivers/peripheral_drivers/src/rsi_dac.o
                0x082081ac                RSI_DAC_InterruptMask
 .text.RSI_OPAMP1_Config
                0x082081ca       0xc6 ./wiseconnect3_sdk_3.4.1/components/device/silabs/si91x/mcu/drivers/peripheral_drivers/src/rsi_opamp.o
                0x082081ca                RSI_OPAMP1_Config
 .text.RSI_EGPIO_SetPinMux
                0x08208290       0x14 ./wiseconnect3_sdk_3.4.1/components/device/silabs/si91x/mcu/drivers/peripheral_drivers/src/rsi_spi.o
 .text.RSI_EGPIO_HostPadsGpioModeEnable
                0x082082a4       0x10 ./wiseconnect3_sdk_3.4.1/components/device/silabs/si91x/mcu/drivers/peripheral_drivers/src/rsi_spi.o
 .text.RSI_EGPIO_PadSelectionEnable
                0x082082b4       0x10 ./wiseconnect3_sdk_3.4.1/components/device/silabs/si91x/mcu/drivers/peripheral_drivers/src/rsi_spi.o
 .text.RSI_EGPIO_PadReceiverEnable
                0x082082c4       0x10 ./wiseconnect3_sdk_3.4.1/components/device/silabs/si91x/mcu/drivers/peripheral_drivers/src/rsi_spi.o
 .text.RSI_EGPIO_UlpPadReceiverEnable
                0x082082d4       0x10 ./wiseconnect3_sdk_3.4.1/components/device/silabs/si91x/mcu/drivers/peripheral_drivers/src/rsi_spi.o
 .text.SPI_Convert_Data_Width_To_Bytes
                0x082082e4       0x1c ./wiseconnect3_sdk_3.4.1/components/device/silabs/si91x/mcu/drivers/peripheral_drivers/src/rsi_spi.o
 .text.SPI_Set_Mode_Fault_Event
                0x08208300       0x48 ./wiseconnect3_sdk_3.4.1/components/device/silabs/si91x/mcu/drivers/peripheral_drivers/src/rsi_spi.o
 .text.SPI_Initialize
                0x08208348      0x348 ./wiseconnect3_sdk_3.4.1/components/device/silabs/si91x/mcu/drivers/peripheral_drivers/src/rsi_spi.o
                0x08208348                SPI_Initialize
 .text.SPI_Uninitialize
                0x08208690       0x40 ./wiseconnect3_sdk_3.4.1/components/device/silabs/si91x/mcu/drivers/peripheral_drivers/src/rsi_spi.o
                0x08208690                SPI_Uninitialize
 .text.SPI_PowerControl
                0x082086d0      0x114 ./wiseconnect3_sdk_3.4.1/components/device/silabs/si91x/mcu/drivers/peripheral_drivers/src/rsi_spi.o
                0x082086d0                SPI_PowerControl
 .text.SPI_Transfer
                0x082087e4      0x21c ./wiseconnect3_sdk_3.4.1/components/device/silabs/si91x/mcu/drivers/peripheral_drivers/src/rsi_spi.o
                0x082087e4                SPI_Transfer
 .text.SPI_GetDataCount
                0x08208a00       0x12 ./wiseconnect3_sdk_3.4.1/components/device/silabs/si91x/mcu/drivers/peripheral_drivers/src/rsi_spi.o
                0x08208a00                SPI_GetDataCount
 *fill*         0x08208a12        0x2 
 .text.SPI_Control
                0x08208a14      0x414 ./wiseconnect3_sdk_3.4.1/components/device/silabs/si91x/mcu/drivers/peripheral_drivers/src/rsi_spi.o
                0x08208a14                SPI_Control
 .text.SPI_GetStatus
                0x08208e28       0x1e ./wiseconnect3_sdk_3.4.1/components/device/silabs/si91x/mcu/drivers/peripheral_drivers/src/rsi_spi.o
                0x08208e28                SPI_GetStatus
 *fill*         0x08208e46        0x2 
 .text.SPI_IRQHandler
                0x08208e48      0x204 ./wiseconnect3_sdk_3.4.1/components/device/silabs/si91x/mcu/drivers/peripheral_drivers/src/rsi_spi.o
                0x08208e48                SPI_IRQHandler
 .text.SPI_Send
                0x0820904c      0x188 ./wiseconnect3_sdk_3.4.1/components/device/silabs/si91x/mcu/drivers/peripheral_drivers/src/rsi_spi.o
                0x0820904c                SPI_Send
 .text.SPI_Receive
                0x082091d4      0x264 ./wiseconnect3_sdk_3.4.1/components/device/silabs/si91x/mcu/drivers/peripheral_drivers/src/rsi_spi.o
                0x082091d4                SPI_Receive
 .text.rsi_sysrtc_wait_ready
                0x08209438       0x1c ./wiseconnect3_sdk_3.4.1/components/device/silabs/si91x/mcu/drivers/peripheral_drivers/src/rsi_sysrtc.o
 .text.rsi_sysrtc_clk_set
                0x08209454       0x20 ./wiseconnect3_sdk_3.4.1/components/device/silabs/si91x/mcu/drivers/peripheral_drivers/src/rsi_sysrtc.o
                0x08209454                rsi_sysrtc_clk_set
 .text.rsi_sysrtc_enable
                0x08209474       0x10 ./wiseconnect3_sdk_3.4.1/components/device/silabs/si91x/mcu/drivers/peripheral_drivers/src/rsi_sysrtc.o
                0x08209474                rsi_sysrtc_enable
 .text.rsi_sysrtc_disable
                0x08209484       0x24 ./wiseconnect3_sdk_3.4.1/components/device/silabs/si91x/mcu/drivers/peripheral_drivers/src/rsi_sysrtc.o
                0x08209484                rsi_sysrtc_disable
 .text.rsi_sysrtc_init
                0x082094a8       0x30 ./wiseconnect3_sdk_3.4.1/components/device/silabs/si91x/mcu/drivers/peripheral_drivers/src/rsi_sysrtc.o
                0x082094a8                rsi_sysrtc_init
 .text.rsi_sysrtc_init_group
                0x082094d8       0x7c ./wiseconnect3_sdk_3.4.1/components/device/silabs/si91x/mcu/drivers/peripheral_drivers/src/rsi_sysrtc.o
                0x082094d8                rsi_sysrtc_init_group
 .text.rsi_sysrtc_enable_group_interrupts
                0x08209554       0x1c ./wiseconnect3_sdk_3.4.1/components/device/silabs/si91x/mcu/drivers/peripheral_drivers/src/rsi_sysrtc.o
                0x08209554                rsi_sysrtc_enable_group_interrupts
 .text.rsi_sysrtc_disable_group_interrupts
                0x08209570       0x1c ./wiseconnect3_sdk_3.4.1/components/device/silabs/si91x/mcu/drivers/peripheral_drivers/src/rsi_sysrtc.o
                0x08209570                rsi_sysrtc_disable_group_interrupts
 .text.rsi_sysrtc_clear_group_interrupts
                0x0820958c       0x1c ./wiseconnect3_sdk_3.4.1/components/device/silabs/si91x/mcu/drivers/peripheral_drivers/src/rsi_sysrtc.o
                0x0820958c                rsi_sysrtc_clear_group_interrupts
 .text.rsi_sysrtc_get_group_interrupts
                0x082095a8       0x1c ./wiseconnect3_sdk_3.4.1/components/device/silabs/si91x/mcu/drivers/peripheral_drivers/src/rsi_sysrtc.o
                0x082095a8                rsi_sysrtc_get_group_interrupts
 .text.rsi_sysrtc_get_group_compare_channel_value
                0x082095c4       0x34 ./wiseconnect3_sdk_3.4.1/components/device/silabs/si91x/mcu/drivers/peripheral_drivers/src/rsi_sysrtc.o
                0x082095c4                rsi_sysrtc_get_group_compare_channel_value
 .text.rsi_sysrtc_set_compare_value
                0x082095f8       0x3c ./wiseconnect3_sdk_3.4.1/components/device/silabs/si91x/mcu/drivers/peripheral_drivers/src/rsi_sysrtc.o
                0x082095f8                rsi_sysrtc_set_compare_value
 .text.rsi_sysrtc_enable_interrupts
                0x08209634       0x1c ./wiseconnect3_sdk_3.4.1/components/device/silabs/si91x/mcu/drivers/peripheral_drivers/src/rsi_sysrtc.o
                0x08209634                rsi_sysrtc_enable_interrupts
 .text.rsi_sysrtc_disable_interrupts
                0x08209650       0x34 ./wiseconnect3_sdk_3.4.1/components/device/silabs/si91x/mcu/drivers/peripheral_drivers/src/rsi_sysrtc.o
                0x08209650                rsi_sysrtc_disable_interrupts
 .text.RSI_EGPIO_SetPinMux
                0x08209684       0x14 ./wiseconnect3_sdk_3.4.1/components/device/silabs/si91x/mcu/drivers/peripheral_drivers/src/rsi_usart.o
 .text.RSI_EGPIO_HostPadsGpioModeEnable
                0x08209698       0x10 ./wiseconnect3_sdk_3.4.1/components/device/silabs/si91x/mcu/drivers/peripheral_drivers/src/rsi_usart.o
 .text.RSI_EGPIO_PadSelectionEnable
                0x082096a8       0x10 ./wiseconnect3_sdk_3.4.1/components/device/silabs/si91x/mcu/drivers/peripheral_drivers/src/rsi_usart.o
 .text.RSI_EGPIO_PadReceiverEnable
                0x082096b8       0x10 ./wiseconnect3_sdk_3.4.1/components/device/silabs/si91x/mcu/drivers/peripheral_drivers/src/rsi_usart.o
 .text.RSI_EGPIO_UlpPadReceiverEnable
                0x082096c8       0x10 ./wiseconnect3_sdk_3.4.1/components/device/silabs/si91x/mcu/drivers/peripheral_drivers/src/rsi_usart.o
 .text.UDMAx_ChannelDisable.isra.0
                0x082096d8        0xc ./wiseconnect3_sdk_3.4.1/components/device/silabs/si91x/mcu/drivers/peripheral_drivers/src/rsi_usart.o
 .text.UartIrqHandler
                0x082096e4      0x200 ./wiseconnect3_sdk_3.4.1/components/device/silabs/si91x/mcu/drivers/peripheral_drivers/src/rsi_usart.o
                0x082096e4                UartIrqHandler
 .text.USART_SetBaudrate
                0x082098e4       0x50 ./wiseconnect3_sdk_3.4.1/components/device/silabs/si91x/mcu/drivers/peripheral_drivers/src/rsi_usart.o
                0x082098e4                USART_SetBaudrate
 .text.USART_Initialize
                0x08209934      0x120 ./wiseconnect3_sdk_3.4.1/components/device/silabs/si91x/mcu/drivers/peripheral_drivers/src/rsi_usart.o
                0x08209934                USART_Initialize
 .text.USART_Uninitialize
                0x08209a54       0xa0 ./wiseconnect3_sdk_3.4.1/components/device/silabs/si91x/mcu/drivers/peripheral_drivers/src/rsi_usart.o
                0x08209a54                USART_Uninitialize
 .text.USART_PowerControl
                0x08209af4      0x150 ./wiseconnect3_sdk_3.4.1/components/device/silabs/si91x/mcu/drivers/peripheral_drivers/src/rsi_usart.o
                0x08209af4                USART_PowerControl
 .text.USART_Send_Data
                0x08209c44      0x15c ./wiseconnect3_sdk_3.4.1/components/device/silabs/si91x/mcu/drivers/peripheral_drivers/src/rsi_usart.o
                0x08209c44                USART_Send_Data
 .text.USART_Receive_Data
                0x08209da0      0x13c ./wiseconnect3_sdk_3.4.1/components/device/silabs/si91x/mcu/drivers/peripheral_drivers/src/rsi_usart.o
                0x08209da0                USART_Receive_Data
 .text.USART_Transfer
                0x08209edc       0x72 ./wiseconnect3_sdk_3.4.1/components/device/silabs/si91x/mcu/drivers/peripheral_drivers/src/rsi_usart.o
                0x08209edc                USART_Transfer
 .text.USART_GetTxCount
                0x08209f4e        0x6 ./wiseconnect3_sdk_3.4.1/components/device/silabs/si91x/mcu/drivers/peripheral_drivers/src/rsi_usart.o
                0x08209f4e                USART_GetTxCount
 .text.USART_GetRxCount
                0x08209f54        0x6 ./wiseconnect3_sdk_3.4.1/components/device/silabs/si91x/mcu/drivers/peripheral_drivers/src/rsi_usart.o
                0x08209f54                USART_GetRxCount
 *fill*         0x08209f5a        0x2 
 .text.USART_Control
                0x08209f5c      0x8e0 ./wiseconnect3_sdk_3.4.1/components/device/silabs/si91x/mcu/drivers/peripheral_drivers/src/rsi_usart.o
                0x08209f5c                USART_Control
 .text.USART_GetStatus
                0x0820a83c       0x42 ./wiseconnect3_sdk_3.4.1/components/device/silabs/si91x/mcu/drivers/peripheral_drivers/src/rsi_usart.o
                0x0820a83c                USART_GetStatus
 *fill*         0x0820a87e        0x2 
 .text.USART_SetModemControl
                0x0820a880       0x84 ./wiseconnect3_sdk_3.4.1/components/device/silabs/si91x/mcu/drivers/peripheral_drivers/src/rsi_usart.o
                0x0820a880                USART_SetModemControl
 .text.USART_GetModemStatus
                0x0820a904       0x5c ./wiseconnect3_sdk_3.4.1/components/device/silabs/si91x/mcu/drivers/peripheral_drivers/src/rsi_usart.o
                0x0820a904                USART_GetModemStatus
 .text.convert_rsi_to_sl_error_code
                0x0820a960       0x58 ./wiseconnect3_sdk_3.4.1/components/device/silabs/si91x/mcu/drivers/service/clock_manager/src/sl_si91x_clock_manager.o
 .text.RSI_CLK_IntfPLLTurnOn.isra.0
                0x0820a9b8        0xc ./wiseconnect3_sdk_3.4.1/components/device/silabs/si91x/mcu/drivers/service/clock_manager/src/sl_si91x_clock_manager.o
 .text.RSI_CLK_I2sPllTurnOn.isra.0
                0x0820a9c4        0xc ./wiseconnect3_sdk_3.4.1/components/device/silabs/si91x/mcu/drivers/service/clock_manager/src/sl_si91x_clock_manager.o
 .text.RSI_CLK_SocPllTurnOn.isra.0
                0x0820a9d0        0xc ./wiseconnect3_sdk_3.4.1/components/device/silabs/si91x/mcu/drivers/service/clock_manager/src/sl_si91x_clock_manager.o
 .text.sl_si91x_clock_manager_set_pll_freq
                0x0820a9dc      0x140 ./wiseconnect3_sdk_3.4.1/components/device/silabs/si91x/mcu/drivers/service/clock_manager/src/sl_si91x_clock_manager.o
                0x0820a9dc                sl_si91x_clock_manager_set_pll_freq
 .text.sl_si91x_clock_manager_m4_set_core_clk
                0x0820ab1c       0x90 ./wiseconnect3_sdk_3.4.1/components/device/silabs/si91x/mcu/drivers/service/clock_manager/src/sl_si91x_clock_manager.o
                0x0820ab1c                sl_si91x_clock_manager_m4_set_core_clk
 .text.sl_si91x_clock_manager_init
                0x0820abac       0x5c ./wiseconnect3_sdk_3.4.1/components/device/silabs/si91x/mcu/drivers/service/clock_manager/src/sl_si91x_clock_manager.o
                0x0820abac                sl_si91x_clock_manager_init
 .text.sleeptimer_hal_init_timer
                0x0820ac08       0x8c ./wiseconnect3_sdk_3.4.1/components/device/silabs/si91x/mcu/drivers/service/sleeptimer/src/sl_sleeptimer_hal_si91x_sysrtc.o
                0x0820ac08                sleeptimer_hal_init_timer
 .text.sleeptimer_hal_get_counter
                0x0820ac94        0xc ./wiseconnect3_sdk_3.4.1/components/device/silabs/si91x/mcu/drivers/service/sleeptimer/src/sl_sleeptimer_hal_si91x_sysrtc.o
                0x0820ac94                sleeptimer_hal_get_counter
 .text.sleeptimer_hal_get_compare
                0x0820aca0        0x8 ./wiseconnect3_sdk_3.4.1/components/device/silabs/si91x/mcu/drivers/service/sleeptimer/src/sl_sleeptimer_hal_si91x_sysrtc.o
                0x0820aca0                sleeptimer_hal_get_compare
 .text.sleeptimer_hal_enable_int
                0x0820aca8       0x12 ./wiseconnect3_sdk_3.4.1/components/device/silabs/si91x/mcu/drivers/service/sleeptimer/src/sl_sleeptimer_hal_si91x_sysrtc.o
                0x0820aca8                sleeptimer_hal_enable_int
 *fill*         0x0820acba        0x2 
 .text.sleeptimer_hal_set_compare
                0x0820acbc       0x7c ./wiseconnect3_sdk_3.4.1/components/device/silabs/si91x/mcu/drivers/service/sleeptimer/src/sl_sleeptimer_hal_si91x_sysrtc.o
                0x0820acbc                sleeptimer_hal_set_compare
 .text.sleeptimer_hal_disable_int
                0x0820ad38       0x2c ./wiseconnect3_sdk_3.4.1/components/device/silabs/si91x/mcu/drivers/service/sleeptimer/src/sl_sleeptimer_hal_si91x_sysrtc.o
                0x0820ad38                sleeptimer_hal_disable_int
 .text.sleeptimer_hal_set_int
                0x0820ad64       0x14 ./wiseconnect3_sdk_3.4.1/components/device/silabs/si91x/mcu/drivers/service/sleeptimer/src/sl_sleeptimer_hal_si91x_sysrtc.o
                0x0820ad64                sleeptimer_hal_set_int
 .text.IRQ022_Handler
                0x0820ad78       0x3c ./wiseconnect3_sdk_3.4.1/components/device/silabs/si91x/mcu/drivers/service/sleeptimer/src/sl_sleeptimer_hal_si91x_sysrtc.o
                0x0820ad78                IRQ022_Handler
 .text.sleeptimer_hal_get_timer_frequency
                0x0820adb4        0x6 ./wiseconnect3_sdk_3.4.1/components/device/silabs/si91x/mcu/drivers/service/sleeptimer/src/sl_sleeptimer_hal_si91x_sysrtc.o
                0x0820adb4                sleeptimer_hal_get_timer_frequency
 *fill*         0x0820adba        0x2 
 .text.RSI_BOD_IntrClr
                0x0820adbc       0x1c ./wiseconnect3_sdk_3.4.1/components/device/silabs/si91x/mcu/drivers/systemlevel/src/rsi_bod.o
                0x0820adbc                RSI_BOD_IntrClr
 .text.RSI_BOD_SoftTriggerGetBatteryStatus
                0x0820add8       0xc8 ./wiseconnect3_sdk_3.4.1/components/device/silabs/si91x/mcu/drivers/systemlevel/src/rsi_bod.o
                0x0820add8                RSI_BOD_SoftTriggerGetBatteryStatus
 .text.RSI_IPMU_UpdateIpmuCalibData_efuse
                0x0820aea0      0x300 ./wiseconnect3_sdk_3.4.1/components/device/silabs/si91x/mcu/drivers/systemlevel/src/rsi_ipmu.o
                0x0820aea0                RSI_IPMU_UpdateIpmuCalibData_efuse
 .text.RSI_Ipmu_Init
                0x0820b1a0        0x4 ./wiseconnect3_sdk_3.4.1/components/device/silabs/si91x/mcu/drivers/systemlevel/src/rsi_ipmu.o
                0x0820b1a0                RSI_Ipmu_Init
 .text.RSI_Configure_Ipmu_Mode
                0x0820b1a4       0x74 ./wiseconnect3_sdk_3.4.1/components/device/silabs/si91x/mcu/drivers/systemlevel/src/rsi_ipmu.o
                0x0820b1a4                RSI_Configure_Ipmu_Mode
 .text.RSI_IPMU_PowerGateSet
                0x0820b218       0x34 ./wiseconnect3_sdk_3.4.1/components/device/silabs/si91x/mcu/drivers/systemlevel/src/rsi_ipmu.o
                0x0820b218                RSI_IPMU_PowerGateSet
 .text.RSI_IPMU_PowerGateClr
                0x0820b24c       0x4c ./wiseconnect3_sdk_3.4.1/components/device/silabs/si91x/mcu/drivers/systemlevel/src/rsi_ipmu.o
                0x0820b24c                RSI_IPMU_PowerGateClr
 .text.RSI_IPMU_ClockMuxSel
                0x0820b298       0x40 ./wiseconnect3_sdk_3.4.1/components/device/silabs/si91x/mcu/drivers/systemlevel/src/rsi_ipmu.o
                0x0820b298                RSI_IPMU_ClockMuxSel
 .text.RSI_IPMU_ProgramConfigData
                0x0820b2d8       0xea ./wiseconnect3_sdk_3.4.1/components/device/silabs/si91x/mcu/drivers/systemlevel/src/rsi_ipmu.o
                0x0820b2d8                RSI_IPMU_ProgramConfigData
 .text.RSI_APB_ProgramConfigData
                0x0820b3c2       0xc8 ./wiseconnect3_sdk_3.4.1/components/device/silabs/si91x/mcu/drivers/systemlevel/src/rsi_ipmu.o
                0x0820b3c2                RSI_APB_ProgramConfigData
 *fill*         0x0820b48a        0x2 
 .text.RSI_IPMU_Retn_Voltage_To_Default
                0x0820b48c       0x10 ./wiseconnect3_sdk_3.4.1/components/device/silabs/si91x/mcu/drivers/systemlevel/src/rsi_ipmu.o
                0x0820b48c                RSI_IPMU_Retn_Voltage_To_Default
 .text.RSI_IPMU_Set_Higher_Pwm_Ro_Frequency_Mode_to_PMU
                0x0820b49c       0x14 ./wiseconnect3_sdk_3.4.1/components/device/silabs/si91x/mcu/drivers/systemlevel/src/rsi_ipmu.o
                0x0820b49c                RSI_IPMU_Set_Higher_Pwm_Ro_Frequency_Mode_to_PMU
 .text.RSI_IPMU_M32rc_OscTrimEfuse
                0x0820b4b0       0x28 ./wiseconnect3_sdk_3.4.1/components/device/silabs/si91x/mcu/drivers/systemlevel/src/rsi_ipmu.o
                0x0820b4b0                RSI_IPMU_M32rc_OscTrimEfuse
 .text.RSI_IPMU_DBLR32M_TrimEfuse
                0x0820b4d8       0x18 ./wiseconnect3_sdk_3.4.1/components/device/silabs/si91x/mcu/drivers/systemlevel/src/rsi_ipmu.o
                0x0820b4d8                RSI_IPMU_DBLR32M_TrimEfuse
 .text.RSI_IPMU_M20roOsc_TrimEfuse
                0x0820b4f0       0x28 ./wiseconnect3_sdk_3.4.1/components/device/silabs/si91x/mcu/drivers/systemlevel/src/rsi_ipmu.o
                0x0820b4f0                RSI_IPMU_M20roOsc_TrimEfuse
 .text.RSI_IPMU_RO32khz_TrimEfuse
                0x0820b518       0x18 ./wiseconnect3_sdk_3.4.1/components/device/silabs/si91x/mcu/drivers/systemlevel/src/rsi_ipmu.o
                0x0820b518                RSI_IPMU_RO32khz_TrimEfuse
 .text.RSI_IPMU_RC32khz_TrimEfuse
                0x0820b530       0x18 ./wiseconnect3_sdk_3.4.1/components/device/silabs/si91x/mcu/drivers/systemlevel/src/rsi_ipmu.o
                0x0820b530                RSI_IPMU_RC32khz_TrimEfuse
 .text.RSI_IPMU_Vbg_Tsbjt_Efuse
                0x0820b548        0xc ./wiseconnect3_sdk_3.4.1/components/device/silabs/si91x/mcu/drivers/systemlevel/src/rsi_ipmu.o
                0x0820b548                RSI_IPMU_Vbg_Tsbjt_Efuse
 .text.RSI_IPMU_Auxadcoff_DiffEfuse
                0x0820b554        0xc ./wiseconnect3_sdk_3.4.1/components/device/silabs/si91x/mcu/drivers/systemlevel/src/rsi_ipmu.o
                0x0820b554                RSI_IPMU_Auxadcoff_DiffEfuse
 .text.RSI_IPMU_Auxadcgain_DiffEfuse
                0x0820b560        0xc ./wiseconnect3_sdk_3.4.1/components/device/silabs/si91x/mcu/drivers/systemlevel/src/rsi_ipmu.o
                0x0820b560                RSI_IPMU_Auxadcgain_DiffEfuse
 .text.RSI_IPMU_Auxadcoff_SeEfuse
                0x0820b56c        0xc ./wiseconnect3_sdk_3.4.1/components/device/silabs/si91x/mcu/drivers/systemlevel/src/rsi_ipmu.o
                0x0820b56c                RSI_IPMU_Auxadcoff_SeEfuse
 .text.RSI_IPMU_Auxadcgain_SeEfuse
                0x0820b578        0xc ./wiseconnect3_sdk_3.4.1/components/device/silabs/si91x/mcu/drivers/systemlevel/src/rsi_ipmu.o
                0x0820b578                RSI_IPMU_Auxadcgain_SeEfuse
 .text.RSI_IPMU_Delvbe_Tsbjt_Efuse
                0x0820b584        0xc ./wiseconnect3_sdk_3.4.1/components/device/silabs/si91x/mcu/drivers/systemlevel/src/rsi_ipmu.o
                0x0820b584                RSI_IPMU_Delvbe_Tsbjt_Efuse
 .text._usdelay
                0x0820b590        0x6 ./wiseconnect3_sdk_3.4.1/components/device/silabs/si91x/mcu/drivers/systemlevel/src/rsi_pll.o
 *fill*         0x0820b596        0x2 
 .text.clk_m4_soc_clk_config
                0x0820b598       0xc8 ./wiseconnect3_sdk_3.4.1/components/device/silabs/si91x/mcu/drivers/systemlevel/src/rsi_pll.o
                0x0820b598                clk_m4_soc_clk_config
 .text.ulpss_enable_ref_clks
                0x0820b660       0xf8 ./wiseconnect3_sdk_3.4.1/components/device/silabs/si91x/mcu/drivers/systemlevel/src/rsi_pll.o
                0x0820b660                ulpss_enable_ref_clks
 .text.clk_m4ss_ref_clk_config
                0x0820b758       0xcc ./wiseconnect3_sdk_3.4.1/components/device/silabs/si91x/mcu/drivers/systemlevel/src/rsi_pll.o
                0x0820b758                clk_m4ss_ref_clk_config
 .text.ulpss_ref_clk_config
                0x0820b824       0xbc ./wiseconnect3_sdk_3.4.1/components/device/silabs/si91x/mcu/drivers/systemlevel/src/rsi_ulpss_clk.o
                0x0820b824                ulpss_ref_clk_config
 .text.convert_rsi_to_sl_error_code
                0x0820b8e0       0x58 ./wiseconnect3_sdk_3.4.1/components/device/silabs/si91x/mcu/drivers/unified_api/src/sl_si91x_adc.o
 .text.validate_adc_parameters
                0x0820b938       0x18 ./wiseconnect3_sdk_3.4.1/components/device/silabs/si91x/mcu/drivers/unified_api/src/sl_si91x_adc.o
 .text.validate_adc_channel_parameters
                0x0820b950       0x70 ./wiseconnect3_sdk_3.4.1/components/device/silabs/si91x/mcu/drivers/unified_api/src/sl_si91x_adc.o
 .text.callback_event_handler
                0x0820b9c0       0x14 ./wiseconnect3_sdk_3.4.1/components/device/silabs/si91x/mcu/drivers/unified_api/src/sl_si91x_adc.o
 .text.sl_si91x_adc_init
                0x0820b9d4      0x128 ./wiseconnect3_sdk_3.4.1/components/device/silabs/si91x/mcu/drivers/unified_api/src/sl_si91x_adc.o
                0x0820b9d4                sl_si91x_adc_init
 .text.sl_si91x_adc_set_channel_configuration
                0x0820bafc       0x70 ./wiseconnect3_sdk_3.4.1/components/device/silabs/si91x/mcu/drivers/unified_api/src/sl_si91x_adc.o
                0x0820bafc                sl_si91x_adc_set_channel_configuration
 .text.sl_si91x_adc_register_event_callback
                0x0820bb6c       0x1c ./wiseconnect3_sdk_3.4.1/components/device/silabs/si91x/mcu/drivers/unified_api/src/sl_si91x_adc.o
                0x0820bb6c                sl_si91x_adc_register_event_callback
 .text.sl_si91x_adc_temperature_sensor_enable
                0x0820bb88       0x14 ./wiseconnect3_sdk_3.4.1/components/device/silabs/si91x/mcu/drivers/unified_api/src/sl_si91x_adc.o
                0x0820bb88                sl_si91x_adc_temperature_sensor_enable
 .text.sl_si91x_adc_start
                0x0820bb9c       0x1e ./wiseconnect3_sdk_3.4.1/components/device/silabs/si91x/mcu/drivers/unified_api/src/sl_si91x_adc.o
                0x0820bb9c                sl_si91x_adc_start
 .text.sl_si91x_adc_stop
                0x0820bbba       0x1e ./wiseconnect3_sdk_3.4.1/components/device/silabs/si91x/mcu/drivers/unified_api/src/sl_si91x_adc.o